Archive member included to satisfy reference by file (symbol)

/usr/lib/gcc/arm-none-eabi/10.3.1/thumb/v6-m/nofp/libgcc.a(_dvmd_tls.o)
                              CMakeFiles/test.dir/home/kyara/pico-sdk/src/rp2_common/pico_divider/divider_hardware.S.o (__aeabi_idiv0)
/usr/lib/gcc/arm-none-eabi/10.3.1/../../../arm-none-eabi/lib/thumb/v6-m/nofp/libg.a(lib_a-atexit.o)
                              /usr/lib/gcc/arm-none-eabi/10.3.1/../../../arm-none-eabi/lib/thumb/v6-m/nofp/crt0.o (atexit)
/usr/lib/gcc/arm-none-eabi/10.3.1/../../../arm-none-eabi/lib/thumb/v6-m/nofp/libg.a(lib_a-calloc.o)
                              CMakeFiles/test.dir/home/kyara/pico-sdk/src/rp2_common/pico_malloc/malloc.c.o (calloc)
/usr/lib/gcc/arm-none-eabi/10.3.1/../../../arm-none-eabi/lib/thumb/v6-m/nofp/libg.a(lib_a-callocr.o)
                              /usr/lib/gcc/arm-none-eabi/10.3.1/../../../arm-none-eabi/lib/thumb/v6-m/nofp/libg.a(lib_a-calloc.o) (_calloc_r)
/usr/lib/gcc/arm-none-eabi/10.3.1/../../../arm-none-eabi/lib/thumb/v6-m/nofp/libg.a(lib_a-fini.o)
                              /usr/lib/gcc/arm-none-eabi/10.3.1/../../../arm-none-eabi/lib/thumb/v6-m/nofp/crt0.o (__libc_fini_array)
/usr/lib/gcc/arm-none-eabi/10.3.1/../../../arm-none-eabi/lib/thumb/v6-m/nofp/libg.a(lib_a-impure.o)
                              /usr/lib/gcc/arm-none-eabi/10.3.1/../../../arm-none-eabi/lib/thumb/v6-m/nofp/libg.a(lib_a-calloc.o) (_impure_ptr)
/usr/lib/gcc/arm-none-eabi/10.3.1/../../../arm-none-eabi/lib/thumb/v6-m/nofp/libg.a(lib_a-init.o)
                              /usr/lib/gcc/arm-none-eabi/10.3.1/../../../arm-none-eabi/lib/thumb/v6-m/nofp/crt0.o (__libc_init_array)
/usr/lib/gcc/arm-none-eabi/10.3.1/../../../arm-none-eabi/lib/thumb/v6-m/nofp/libg.a(lib_a-lcltime_r.o)
                              CMakeFiles/test.dir/home/kyara/pico-sdk/src/common/pico_util/datetime.c.o (localtime_r)
/usr/lib/gcc/arm-none-eabi/10.3.1/../../../arm-none-eabi/lib/thumb/v6-m/nofp/libg.a(lib_a-malloc.o)
                              CMakeFiles/test.dir/home/kyara/pico-sdk/src/rp2_common/pico_malloc/malloc.c.o (malloc)
/usr/lib/gcc/arm-none-eabi/10.3.1/../../../arm-none-eabi/lib/thumb/v6-m/nofp/libg.a(lib_a-mallocr.o)
                              /usr/lib/gcc/arm-none-eabi/10.3.1/../../../arm-none-eabi/lib/thumb/v6-m/nofp/libg.a(lib_a-callocr.o) (_malloc_r)
/usr/lib/gcc/arm-none-eabi/10.3.1/../../../arm-none-eabi/lib/thumb/v6-m/nofp/libg.a(lib_a-memcmp.o)
                              CMakeFiles/test.dir/home/kyara/pico-sdk/src/rp2_common/pico_atomic/atomic.c.o (memcmp)
/usr/lib/gcc/arm-none-eabi/10.3.1/../../../arm-none-eabi/lib/thumb/v6-m/nofp/libg.a(lib_a-memmove.o)
                              CMakeFiles/test.dir/home/kyara/pico-sdk/lib/cyw43-driver/src/cyw43_ll.c.o (memmove)
/usr/lib/gcc/arm-none-eabi/10.3.1/../../../arm-none-eabi/lib/thumb/v6-m/nofp/libg.a(lib_a-mktime.o)
                              CMakeFiles/test.dir/home/kyara/pico-sdk/src/common/pico_util/datetime.c.o (mktime)
/usr/lib/gcc/arm-none-eabi/10.3.1/../../../arm-none-eabi/lib/thumb/v6-m/nofp/libg.a(lib_a-mlock.o)
                              /usr/lib/gcc/arm-none-eabi/10.3.1/../../../arm-none-eabi/lib/thumb/v6-m/nofp/libg.a(lib_a-mallocr.o) (__malloc_lock)
/usr/lib/gcc/arm-none-eabi/10.3.1/../../../arm-none-eabi/lib/thumb/v6-m/nofp/libg.a(lib_a-month_lengths.o)
                              /usr/lib/gcc/arm-none-eabi/10.3.1/../../../arm-none-eabi/lib/thumb/v6-m/nofp/libg.a(lib_a-lcltime_r.o) (__month_lengths)
/usr/lib/gcc/arm-none-eabi/10.3.1/../../../arm-none-eabi/lib/thumb/v6-m/nofp/libg.a(lib_a-realloc.o)
                              CMakeFiles/test.dir/home/kyara/pico-sdk/src/rp2_common/pico_malloc/malloc.c.o (realloc)
/usr/lib/gcc/arm-none-eabi/10.3.1/../../../arm-none-eabi/lib/thumb/v6-m/nofp/libg.a(lib_a-reallocr.o)
                              /usr/lib/gcc/arm-none-eabi/10.3.1/../../../arm-none-eabi/lib/thumb/v6-m/nofp/libg.a(lib_a-realloc.o) (_realloc_r)
/usr/lib/gcc/arm-none-eabi/10.3.1/../../../arm-none-eabi/lib/thumb/v6-m/nofp/libg.a(lib_a-sbrkr.o)
                              /usr/lib/gcc/arm-none-eabi/10.3.1/../../../arm-none-eabi/lib/thumb/v6-m/nofp/libg.a(lib_a-mallocr.o) (_sbrk_r)
/usr/lib/gcc/arm-none-eabi/10.3.1/../../../arm-none-eabi/lib/thumb/v6-m/nofp/libg.a(lib_a-setjmp.o)
                              CMakeFiles/test.dir/include/Unity/unity.c.o (setjmp)
/usr/lib/gcc/arm-none-eabi/10.3.1/../../../arm-none-eabi/lib/thumb/v6-m/nofp/libg.a(lib_a-strlen-stub.o)
                              CMakeFiles/test.dir/home/kyara/pico-sdk/src/rp2_common/pico_stdio/stdio.c.o (strlen)
/usr/lib/gcc/arm-none-eabi/10.3.1/../../../arm-none-eabi/lib/thumb/v6-m/nofp/libg.a(lib_a-strncmp.o)
                              CMakeFiles/test.dir/home/kyara/pico-sdk/lib/cyw43-driver/src/cyw43_ll.c.o (strncmp)
/usr/lib/gcc/arm-none-eabi/10.3.1/../../../arm-none-eabi/lib/thumb/v6-m/nofp/libg.a(lib_a-tzcalc_limits.o)
[...]
Memory Configuration

Name             Origin             Length             Attributes
FLASH            0x0000000010000000 0x0000000000200000 xr
RAM              0x0000000020000000 0x0000000000040000 xrw
SCRATCH_X        0x0000000020040000 0x0000000000001000 xrw
SCRATCH_Y        0x0000000020041000 0x0000000000001000 xrw
*default*        0x0000000000000000 0xffffffffffffffff

Linker script and memory map

LOAD /usr/lib/gcc/arm-none-eabi/10.3.1/thumb/v6-m/nofp/crti.o
LOAD /usr/lib/gcc/arm-none-eabi/10.3.1/thumb/v6-m/nofp/crtbegin.o
LOAD /usr/lib/gcc/arm-none-eabi/10.3.1/../../../arm-none-eabi/lib/thumb/v6-m/nofp/crt0.o

.flash_begin    0x0000000010000000        0x0
                0x0000000010000000                __flash_binary_start = .

.boot2          0x0000000010000000      0x100
                0x0000000010000000                __boot2_start__ = .
 *(.boot2)
 .boot2         0x0000000010000000      0x100 pico-sdk/src/rp2040/boot_stage2/CMakeFiles/bs2_default_library.dir/bs2_default_padded_checksummed.S.o
                0x0000000010000100                __boot2_end__ = .
                0x0000000000000001                ASSERT (((__boot2_end__ - __boot2_start__) == 0x100), ERROR: Pico second stage bootloader must be 256 bytes in size)

.text           0x0000000010000100     0x526c
                0x0000000010000100                __logical_binary_start = .
 *(.vectors)
 .vectors       0x0000000010000100       0xd4 CMakeFiles/test.dir/home/kyara/pico-sdk/src/rp2_common/pico_crt0/crt0.S.o
                0x0000000010000100                __vectors
                0x0000000010000100                __VECTOR_TABLE
                0x00000000100001c0                isr_invalid
                0x00000000100001c0                __default_isrs_start
                0x00000000100001c2                isr_nmi
                0x00000000100001c4                isr_hardfault
                0x00000000100001c6                isr_svcall
                0x00000000100001c8                isr_pendsv
                0x00000000100001ca                isr_systick
                0x00000000100001cc                isr_irq30
                0x00000000100001cc                __unhandled_user_irq
                0x00000000100001cc                isr_irq13
                0x00000000100001cc                isr_irq27
                0x00000000100001cc                isr_irq31
                0x00000000100001cc                isr_irq5
                0x00000000100001cc                isr_irq11
                0x00000000100001cc                isr_irq23
                0x00000000100001cc                isr_irq18
                0x00000000100001cc                isr_irq28
                0x00000000100001cc                isr_irq19
                0x00000000100001cc                isr_irq0
                0x00000000100001cc                isr_irq6
                0x00000000100001cc                isr_irq22
                0x00000000100001cc                isr_irq17
                0x00000000100001cc                isr_irq14
                0x00000000100001cc                isr_irq2
                0x00000000100001cc                isr_irq10
                0x00000000100001cc                isr_irq8
                0x00000000100001cc                isr_irq24
                0x00000000100001cc                isr_irq1
                0x00000000100001cc                isr_irq7
                0x00000000100001cc                isr_irq21
                0x00000000100001cc                isr_irq20
                0x00000000100001cc                isr_irq15
                0x00000000100001cc                isr_irq25
                0x00000000100001cc                isr_irq4
                0x00000000100001cc                isr_irq16
                0x00000000100001cc                isr_irq29
                0x00000000100001cc                isr_irq26
                0x00000000100001cc                __default_isrs_end
                0x00000000100001cc                isr_irq3
                0x00000000100001cc                isr_irq12
                0x00000000100001cc                isr_irq9
                0x00000000100001d2                unhandled_user_irq_num_in_r0
 *(.binary_info_header)
 .binary_info_header
                0x00000000100001d4       0x14 CMakeFiles/test.dir/home/kyara/pico-sdk/src/rp2_common/pico_crt0/crt0.S.o
                0x00000000100001e8                __binary_info_header_end = .
 *(.embedded_block)
                0x00000000100001e8                __embedded_block_end = .
 *(.reset)
 .reset         0x00000000100001e8       0x9c CMakeFiles/test.dir/home/kyara/pico-sdk/src/rp2_common/pico_crt0/crt0.S.o
                0x00000000100001e8                _entry_point
 *(.init)
 .init          0x0000000010000284        0x4 /usr/lib/gcc/arm-none-eabi/10.3.1/thumb/v6-m/nofp/crti.o
                0x0000000010000284                _init
 *(EXCLUDE_FILE(*libm.a: *libc.a:*lib_a-mem*.o *libgcc.a:) .text*)
 .text          0x0000000010000288       0x98 /usr/lib/gcc/arm-none-eabi/10.3.1/thumb/v6-m/nofp/crtbegin.o
 .text.testa_temperatura_no_sensor
                0x0000000010000320       0x2c CMakeFiles/test.dir/test/test.c.o
                0x0000000010000320                testa_temperatura_no_sensor
 .text.setUp    0x000000001000034c        0x4 CMakeFiles/test.dir/test/test.c.o
                0x000000001000034c                setUp
 .text.tearDown
                0x0000000010000350        0x4 CMakeFiles/test.dir/test/test.c.o
                0x0000000010000350                tearDown
 .text.startup.main
                0x0000000010000354       0x34 CMakeFiles/test.dir/test/test.c.o
                0x0000000010000354                main
 .text.UnityPrint.part.0
                0x0000000010000388       0x88 CMakeFiles/test.dir/include/Unity/unity.c.o
 .text.UnityAddMsgIfSpecified
                0x0000000010000410       0x5c CMakeFiles/test.dir/include/Unity/unity.c.o
 .text.UnityTestResultsFailBegin
                0x000000001000046c       0x9c CMakeFiles/test.dir/include/Unity/unity.c.o
 .text.UnityPrintFloat
                0x0000000010000508      0x6b0 CMakeFiles/test.dir/include/Unity/unity.c.o
                0x0000000010000508                UnityPrintFloat
 .text.UnityAssertFloatsWithin
                0x0000000010000bb8      0x150 CMakeFiles/test.dir/include/Unity/unity.c.o
                0x0000000010000bb8                UnityAssertFloatsWithin
 .text.UnityDefaultTestRun
                0x0000000010000d08       0xfc CMakeFiles/test.dir/include/Unity/unity.c.o
                0x0000000010000d08                UnityDefaultTestRun
 .text.UnityBegin
                0x0000000010000e04       0x20 CMakeFiles/test.dir/include/Unity/unity.c.o
                0x0000000010000e04                UnityBegin
 .text.adc_to_celsius
                0x0000000010000e24       0x48 CMakeFiles/test.dir/hal/temperature.c.o
                0x0000000010000e24                adc_to_celsius
 .text.rp2040_chip_version
                0x0000000010000e6c        0xc CMakeFiles/test.dir/home/kyara/pico-sdk/src/rp2040/pico_platform/platform.c.o
                0x0000000010000e6c                rp2040_chip_version
 .text.panic    0x0000000010000e78       0x30 CMakeFiles/test.dir/home/kyara/pico-sdk/src/rp2_common/pico_platform_panic/panic.c.o
                0x0000000010000e78                panic
 .text.hw_claim_or_assert
                0x0000000010000ea8       0x44 CMakeFiles/test.dir/home/kyara/pico-sdk/src/common/hardware_claim/claim.c.o
                0x0000000010000ea8                hw_claim_or_assert
 .text.hw_claim_unused_from_range
                0x0000000010000eec       0x9c CMakeFiles/test.dir/home/kyara/pico-sdk/src/common/hardware_claim/claim.c.o
                0x0000000010000eec                hw_claim_unused_from_range
 .text.next_striped_spin_lock_num
                0x0000000010000f88       0x18 CMakeFiles/test.dir/home/kyara/pico-sdk/src/rp2_common/hardware_sync/sync.c.o
                0x0000000010000f88                next_striped_spin_lock_num
 .text.spin_lock_claim_unused
                0x0000000010000fa0       0x20 CMakeFiles/test.dir/home/kyara/pico-sdk/src/rp2_common/hardware_sync/sync.c.o
                0x0000000010000fa0                spin_lock_claim_unused
 .text.spin_locks_reset
                0x0000000010000fc0       0x1c CMakeFiles/test.dir/home/kyara/pico-sdk/src/rp2_common/hardware_sync_spin_lock/sync_spin_lock.c.o
                0x0000000010000fc0                spin_locks_reset
 .text.runtime_init_per_core_irq_priorities
                0x0000000010000fdc       0x24 CMakeFiles/test.dir/home/kyara/pico-sdk/src/rp2_common/hardware_irq/irq.c.o
                0x0000000010000fdc                runtime_init_per_core_irq_priorities
 .text.irq_set_enabled
                0x0000000010001000       0x24 CMakeFiles/test.dir/home/kyara/pico-sdk/src/rp2_common/hardware_irq/irq.c.o
                0x0000000010001000                irq_set_enabled
 .text.irq_is_enabled
                0x0000000010001024       0x18 CMakeFiles/test.dir/home/kyara/pico-sdk/src/rp2_common/hardware_irq/irq.c.o
                0x0000000010001024                irq_is_enabled
 .text.irq_set_pending
                0x000000001000103c       0x10 CMakeFiles/test.dir/home/kyara/pico-sdk/src/rp2_common/hardware_irq/irq.c.o
                0x000000001000103c                irq_set_pending
 .text.irq_has_shared_handler
                0x000000001000104c       0x24 CMakeFiles/test.dir/home/kyara/pico-sdk/src/rp2_common/hardware_irq/irq.c.o
                0x000000001000104c                irq_has_shared_handler
 .text.irq_set_exclusive_handler
                0x0000000010001070       0x54 CMakeFiles/test.dir/home/kyara/pico-sdk/src/rp2_common/hardware_irq/irq.c.o
                0x0000000010001070                irq_set_exclusive_handler
 .text.irq_add_shared_handler
                0x00000000100010c4      0x1e8 CMakeFiles/test.dir/home/kyara/pico-sdk/src/rp2_common/hardware_irq/irq.c.o
                0x00000000100010c4                irq_add_shared_handler
 .text.irq_add_tail_to_free_list
                0x00000000100012ac       0xb4 CMakeFiles/test.dir/home/kyara/pico-sdk/src/rp2_common/hardware_irq/irq.c.o
                0x00000000100012ac                irq_add_tail_to_free_list
 .text.user_irq_claim_unused
                0x0000000010001360       0x28 CMakeFiles/test.dir/home/kyara/pico-sdk/src/rp2_common/hardware_irq/irq.c.o
                0x0000000010001360                user_irq_claim_unused
 .text.lock_init
                0x0000000010001388       0x10 CMakeFiles/test.dir/home/kyara/pico-sdk/src/common/pico_sync/lock_core.c.o
                0x0000000010001388                lock_init
 .text.runtime_init_mutex
                0x0000000010001398       0x58 CMakeFiles/test.dir/home/kyara/pico-sdk/src/common/pico_sync/mutex.c.o
                0x0000000010001398                runtime_init_mutex
 .text.mutex_init
                0x00000000100013f0       0x1c CMakeFiles/test.dir/home/kyara/pico-sdk/src/common/pico_sync/mutex.c.o
                0x00000000100013f0                mutex_init
 .text.critical_section_init
                0x000000001000140c       0x20 CMakeFiles/test.dir/home/kyara/pico-sdk/src/common/pico_sync/critical_section.c.o
                0x000000001000140c                critical_section_init
 .text.critical_section_init_with_lock_num
                0x000000001000142c       0x14 CMakeFiles/test.dir/home/kyara/pico-sdk/src/common/pico_sync/critical_section.c.o
                0x000000001000142c                critical_section_init_with_lock_num
 .text.sleep_until_callback
                0x0000000010001440       0x30 CMakeFiles/test.dir/home/kyara/pico-sdk/src/common/pico_time/time.c.o
 .text.alarm_pool_irq_handler
                0x0000000010001470      0x308 CMakeFiles/test.dir/home/kyara/pico-sdk/src/common/pico_time/time.c.o
 .text.runtime_init_default_alarm_pool
                0x0000000010001778       0xdc CMakeFiles/test.dir/home/kyara/pico-sdk/src/common/pico_time/time.c.o
                0x0000000010001778                runtime_init_default_alarm_pool
 .text.alarm_pool_get_default
                0x0000000010001854        0x8 CMakeFiles/test.dir/home/kyara/pico-sdk/src/common/pico_time/time.c.o
                0x0000000010001854                alarm_pool_get_default
 .text.alarm_pool_add_alarm_at
                0x000000001000185c       0xc8 CMakeFiles/test.dir/home/kyara/pico-sdk/src/common/pico_time/time.c.o
                0x000000001000185c                alarm_pool_add_alarm_at
 .text.alarm_pool_add_alarm_at_force_in_context
                0x0000000010001924       0xb0 CMakeFiles/test.dir/home/kyara/pico-sdk/src/common/pico_time/time.c.o
                0x0000000010001924                alarm_pool_add_alarm_at_force_in_context
 .text.alarm_pool_cancel_alarm
                0x00000000100019d4       0x7c CMakeFiles/test.dir/home/kyara/pico-sdk/src/common/pico_time/time.c.o
                0x00000000100019d4                alarm_pool_cancel_alarm
 .text.alarm_pool_core_num
                0x0000000010001a50        0x4 CMakeFiles/test.dir/home/kyara/pico-sdk/src/common/pico_time/time.c.o
                0x0000000010001a50                alarm_pool_core_num
 .text.sleep_until
                0x0000000010001a54       0xd0 CMakeFiles/test.dir/home/kyara/pico-sdk/src/common/pico_time/time.c.o
                0x0000000010001a54                sleep_until
 .text.sleep_ms
                0x0000000010001b24       0x34 CMakeFiles/test.dir/home/kyara/pico-sdk/src/common/pico_time/time.c.o
                0x0000000010001b24                sleep_ms
 .text.best_effort_wfe_or_timeout
                0x0000000010001b58       0xfc CMakeFiles/test.dir/home/kyara/pico-sdk/src/common/pico_time/time.c.o
                0x0000000010001b58                best_effort_wfe_or_timeout
 .text.timer_hardware_alarm_claim
                0x0000000010001c54       0x14 CMakeFiles/test.dir/home/kyara/pico-sdk/src/rp2_common/hardware_timer/timer.c.o
                0x0000000010001c54                timer_hardware_alarm_claim
 .text.timer_time_us_64
                0x0000000010001c68       0x10 CMakeFiles/test.dir/home/kyara/pico-sdk/src/rp2_common/hardware_timer/timer.c.o
                0x0000000010001c68                timer_time_us_64
 .text.time_us_64
                0x0000000010001c78       0x14 CMakeFiles/test.dir/home/kyara/pico-sdk/src/rp2_common/hardware_timer/timer.c.o
                0x0000000010001c78                time_us_64
 .text.busy_wait_until
                0x0000000010001c8c       0x20 CMakeFiles/test.dir/home/kyara/pico-sdk/src/rp2_common/hardware_timer/timer.c.o
                0x0000000010001c8c                busy_wait_until
 .text.clock_configure_int_divider
                0x0000000010001cac       0xf4 CMakeFiles/test.dir/home/kyara/pico-sdk/src/rp2_common/hardware_clocks/clocks.c.o
                0x0000000010001cac                clock_configure_int_divider
 .text.clock_configure_undivided
                0x0000000010001da0       0xe8 CMakeFiles/test.dir/home/kyara/pico-sdk/src/rp2_common/hardware_clocks/clocks.c.o
                0x0000000010001da0                clock_configure_undivided
 .text.clock_get_hz
                0x0000000010001e88        0xc CMakeFiles/test.dir/home/kyara/pico-sdk/src/rp2_common/hardware_clocks/clocks.c.o
                0x0000000010001e88                clock_get_hz
 .text.pll_init
                0x0000000010001e94       0xa0 CMakeFiles/test.dir/home/kyara/pico-sdk/src/rp2_common/hardware_pll/pll.c.o
                0x0000000010001e94                pll_init
 .text.watchdog_reboot
                0x0000000010001f34       0x98 CMakeFiles/test.dir/home/kyara/pico-sdk/src/rp2_common/hardware_watchdog/watchdog.c.o
                0x0000000010001f34                watchdog_reboot
 .text.tick_start
                0x0000000010001fcc       0x10 CMakeFiles/test.dir/home/kyara/pico-sdk/src/rp2_common/hardware_ticks/ticks.c.o
                0x0000000010001fcc                tick_start
 .text.rom_func_lookup
                0x0000000010001fdc       0x10 CMakeFiles/test.dir/home/kyara/pico-sdk/src/rp2_common/pico_bootrom/bootrom.c.o
                0x0000000010001fdc                rom_func_lookup
 .text.rom_data_lookup
                0x0000000010001fec       0x10 CMakeFiles/test.dir/home/kyara/pico-sdk/src/rp2_common/pico_bootrom/bootrom.c.o
                0x0000000010001fec                rom_data_lookup
 .text.rom_funcs_lookup
                0x0000000010001ffc       0x44 CMakeFiles/test.dir/home/kyara/pico-sdk/src/rp2_common/pico_bootrom/bootrom.c.o
                0x0000000010001ffc                rom_funcs_lookup
 .text.rom_reset_usb_boot_extra
                0x0000000010002040       0x28 CMakeFiles/test.dir/home/kyara/pico-sdk/src/rp2_common/pico_bootrom/bootrom.c.o
                0x0000000010002040                rom_reset_usb_boot_extra
 .text.xosc_init
                0x0000000010002068       0x28 CMakeFiles/test.dir/home/kyara/pico-sdk/src/rp2_common/hardware_xosc/xosc.c.o
                0x0000000010002068                xosc_init
 .text.first_per_core_initializer
                0x0000000010002090        0x4 CMakeFiles/test.dir/home/kyara/pico-sdk/src/rp2_common/pico_runtime/runtime.c.o
 .text.hard_assertion_failure
                0x0000000010002094        0xc CMakeFiles/test.dir/home/kyara/pico-sdk/src/rp2_common/pico_runtime/runtime.c.o
                0x0000000010002094                hard_assertion_failure
 .text.runtime_run_initializers
                0x00000000100020a0       0x28 CMakeFiles/test.dir/home/kyara/pico-sdk/src/rp2_common/pico_runtime/runtime.c.o
                0x00000000100020a0                runtime_run_initializers
 .text.runtime_init_early_resets
                0x00000000100020c8       0x2c CMakeFiles/test.dir/home/kyara/pico-sdk/src/rp2_common/pico_runtime_init/runtime_init.c.o
                0x00000000100020c8                runtime_init_early_resets
 .text.runtime_init_usb_power_down
                0x00000000100020f4       0x1c CMakeFiles/test.dir/home/kyara/pico-sdk/src/rp2_common/pico_runtime_init/runtime_init.c.o
                0x00000000100020f4                runtime_init_usb_power_down
 .text.runtime_init_post_clock_resets
                0x0000000010002110       0x20 CMakeFiles/test.dir/home/kyara/pico-sdk/src/rp2_common/pico_runtime_init/runtime_init.c.o
                0x0000000010002110                runtime_init_post_clock_resets
 .text.runtime_init_rp2040_gpio_ie_disable
                0x0000000010002130       0x14 CMakeFiles/test.dir/home/kyara/pico-sdk/src/rp2_common/pico_runtime_init/runtime_init.c.o
                0x0000000010002130                runtime_init_rp2040_gpio_ie_disable
 .text.runtime_init_spin_locks_reset
                0x0000000010002144        0x8 CMakeFiles/test.dir/home/kyara/pico-sdk/src/rp2_common/pico_runtime_init/runtime_init.c.o
                0x0000000010002144                runtime_init_spin_locks_reset
 .text.runtime_init_install_ram_vector_table
                0x000000001000214c       0x1c CMakeFiles/test.dir/home/kyara/pico-sdk/src/rp2_common/pico_runtime_init/runtime_init.c.o
                0x000000001000214c                runtime_init_install_ram_vector_table
 .text.runtime_init_clocks
                0x0000000010002168       0xd8 CMakeFiles/test.dir/home/kyara/pico-sdk/src/rp2_common/pico_runtime_init/runtime_init_clocks.c.o
                0x0000000010002168                runtime_init_clocks
 .text          0x0000000010002240       0x10 CMakeFiles/test.dir/home/kyara/pico-sdk/src/rp2_common/pico_bit_ops/bit_ops_aeabi.S.o
 .text.__wrap___aeabi_idiv
                0x0000000010002250       0x50 CMakeFiles/test.dir/home/kyara/pico-sdk/src/rp2_common/pico_divider/divider_hardware.S.o
                0x0000000010002250                __wrap___aeabi_idivmod
                0x0000000010002250                divmod_s32s32
                0x0000000010002250                div_s32s32
                0x0000000010002250                __wrap___aeabi_idiv
                0x0000000010002258                divmod_s32s32_unsafe
                0x0000000010002284                divmod_s32s32_savestate
 .text.__wrap___aeabi_uidiv
                0x00000000100022a0       0x4c CMakeFiles/test.dir/home/kyara/pico-sdk/src/rp2_common/pico_divider/divider_hardware.S.o
                0x00000000100022a0                __wrap___aeabi_uidiv
                0x00000000100022a0                __wrap___aeabi_uidivmod
                0x00000000100022a0                div_u32u32
                0x00000000100022a0                divmod_u32u32
                0x00000000100022a8                divmod_u32u32_unsafe
                0x00000000100022d0                divmod_u32u32_savestate
 .text.__wrap___aeabi_darithmetic
                0x00000000100022ec       0x60 CMakeFiles/test.dir/home/kyara/pico-sdk/src/rp2_common/pico_double/double_aeabi_rp2040.S.o
                0x00000000100022ec                __wrap___aeabi_drsub
                0x00000000100022f2                __wrap___aeabi_dsub
                0x00000000100022fc                __wrap___aeabi_dadd
                0x0000000010002306                __wrap___aeabi_ddiv
                0x000000001000233a                __wrap___aeabi_dmul
 .text.__wrap___aeabi_i2d
                0x000000001000234c       0x38 CMakeFiles/test.dir/home/kyara/pico-sdk/src/rp2_common/pico_double/double_aeabi_rp2040.S.o
                0x000000001000234c                __wrap___aeabi_ui2d
                0x000000001000234c                uint2double
                0x0000000010002354                __wrap___aeabi_i2d
                0x0000000010002354                int2double
 .text.__wrap___aeabi_d2f
                0x0000000010002384       0x10 CMakeFiles/test.dir/home/kyara/pico-sdk/src/rp2_common/pico_double/double_aeabi_rp2040.S.o
                0x0000000010002384                __wrap___aeabi_d2f
 .text.missing_double_func_shim
                0x0000000010002394        0xc CMakeFiles/test.dir/home/kyara/pico-sdk/src/rp2_common/pico_double/double_init_rom_rp2040.c.o
 .text.__aeabi_double_init
                0x00000000100023a0       0xa4 CMakeFiles/test.dir/home/kyara/pico-sdk/src/rp2_common/pico_double/double_init_rom_rp2040.c.o
                0x00000000100023a0                __aeabi_double_init
 .text.double_table_shim_on_use_helper
                0x0000000010002444       0x2c CMakeFiles/test.dir/home/kyara/pico-sdk/src/rp2_common/pico_double/double_v1_rom_shim_rp2040.S.o
                0x0000000010002444                double_table_shim_on_use_helper
 .text.__aeabi_lmul
                0x0000000010002470       0x32 CMakeFiles/test.dir/home/kyara/pico-sdk/src/rp2_common/pico_int64_ops/pico_int64_ops_aeabi.S.o
                0x0000000010002470                __wrap___aeabi_lmul
 *fill*         0x00000000100024a2        0x2 
 .text.__wrap___aeabi_farithmetic
                0x00000000100024a4       0x48 CMakeFiles/test.dir/home/kyara/pico-sdk/src/rp2_common/pico_float/float_aeabi_rp2040.S.o
                0x00000000100024a4                __wrap___aeabi_frsub
                0x00000000100024aa                __wrap___aeabi_fsub
                0x00000000100024b0                __wrap___aeabi_fadd
                0x00000000100024b6                __wrap___aeabi_fdiv
                0x00000000100024de                __wrap___aeabi_fmul
 .text.__wrap___aeabi_cfcmple
                0x00000000100024ec       0x50 CMakeFiles/test.dir/home/kyara/pico-sdk/src/rp2_common/pico_float/float_aeabi_rp2040.S.o
                0x00000000100024ec                __wrap___aeabi_cfrcmple
                0x00000000100024f8                __wrap___aeabi_cfcmpeq
                0x00000000100024f8                __wrap___aeabi_cfcmple
 .text.__wrap___aeabi_fcmpeq
                0x000000001000253c       0x10 CMakeFiles/test.dir/home/kyara/pico-sdk/src/rp2_common/pico_float/float_aeabi_rp2040.S.o
                0x000000001000253c                __wrap___aeabi_fcmpeq
 .text.__wrap___aeabi_fcmplt
                0x000000001000254c        0xc CMakeFiles/test.dir/home/kyara/pico-sdk/src/rp2_common/pico_float/float_aeabi_rp2040.S.o
                0x000000001000254c                __wrap___aeabi_fcmplt
 .text.__wrap___aeabi_fcmple
                0x0000000010002558       0x10 CMakeFiles/test.dir/home/kyara/pico-sdk/src/rp2_common/pico_float/float_aeabi_rp2040.S.o
                0x0000000010002558                __wrap___aeabi_fcmple
 .text.__wrap___aeabi_fcmpgt
                0x0000000010002568        0xa CMakeFiles/test.dir/home/kyara/pico-sdk/src/rp2_common/pico_float/float_aeabi_rp2040.S.o
                0x0000000010002568                __wrap___aeabi_fcmpgt
 .text.__wrap___aeabi_fcmpun
                0x0000000010002572       0x18 CMakeFiles/test.dir/home/kyara/pico-sdk/src/rp2_common/pico_float/float_aeabi_rp2040.S.o
                0x0000000010002572                __wrap___aeabi_fcmpun
 *fill*         0x000000001000258a        0x2 
 .text.__wrap___aeabi_i2f
                0x000000001000258c       0x44 CMakeFiles/test.dir/home/kyara/pico-sdk/src/rp2_common/pico_float/float_aeabi_rp2040.S.o
                0x000000001000258c                int2float
                0x000000001000258c                __wrap___aeabi_i2f
 .text.__wrap___aeabi_f2iz
                0x00000000100025d0       0x4e CMakeFiles/test.dir/home/kyara/pico-sdk/src/rp2_common/pico_float/float_aeabi_rp2040.S.o
                0x00000000100025d0                __wrap___aeabi_f2iz
                0x00000000100025d0                float2int_z
 *fill*         0x000000001000261e        0x2 
 .text.float2int
                0x0000000010002620        0xc CMakeFiles/test.dir/home/kyara/pico-sdk/src/rp2_common/pico_float/float_aeabi_rp2040.S.o
                0x0000000010002620                float2int
 .text.__wrap___aeabi_f2uiz
                0x000000001000262c        0xc CMakeFiles/test.dir/home/kyara/pico-sdk/src/rp2_common/pico_float/float_aeabi_rp2040.S.o
                0x000000001000262c                float2uint
                0x000000001000262c                float2uint_z
                0x000000001000262c                __wrap___aeabi_f2uiz
 .text.missing_float_func_shim
                0x0000000010002638        0xc CMakeFiles/test.dir/home/kyara/pico-sdk/src/rp2_common/pico_float/float_init_rom_rp2040.c.o
 .text.__aeabi_float_init
                0x0000000010002644       0x5c CMakeFiles/test.dir/home/kyara/pico-sdk/src/rp2_common/pico_float/float_init_rom_rp2040.c.o
                0x0000000010002644                __aeabi_float_init
 .text          0x00000000100026a0       0x10 CMakeFiles/test.dir/home/kyara/pico-sdk/src/rp2_common/pico_mem_ops/mem_ops_aeabi.S.o
                0x00000000100026a0                __aeabi_mem_init
 .text.memset   0x00000000100026b0        0xc CMakeFiles/test.dir/home/kyara/pico-sdk/src/rp2_common/pico_mem_ops/mem_ops_aeabi.S.o
                0x00000000100026b0                __wrap_memset
 .text.memcpy   0x00000000100026bc        0xc CMakeFiles/test.dir/home/kyara/pico-sdk/src/rp2_common/pico_mem_ops/mem_ops_aeabi.S.o
                0x00000000100026bc                __wrap___aeabi_memcpy
                0x00000000100026bc                __wrap_memcpy
 .text._out_char
                0x00000000100026c8       0x10 CMakeFiles/test.dir/home/kyara/pico-sdk/src/rp2_common/pico_printf/printf.c.o
 .text.weak_raw_vprintf
                0x00000000100026d8       0x30 CMakeFiles/test.dir/home/kyara/pico-sdk/src/rp2_common/pico_printf/printf.c.o
                0x00000000100026d8                weak_raw_vprintf
 .text._exit    0x0000000010002708        0x4 CMakeFiles/test.dir/home/kyara/pico-sdk/src/rp2_common/pico_clib_interface/newlib_interface.c.o
                0x0000000010002708                _exit
 .text.exit     0x000000001000270c        0x8 CMakeFiles/test.dir/home/kyara/pico-sdk/src/rp2_common/pico_clib_interface/newlib_interface.c.o
                0x000000001000270c                exit
 .text.runtime_init
                0x0000000010002714       0x2c CMakeFiles/test.dir/home/kyara/pico-sdk/src/rp2_common/pico_clib_interface/newlib_interface.c.o
                0x0000000010002714                runtime_init
 .text.stdio_out_chars_no_crlf
                0x0000000010002740       0x10 CMakeFiles/test.dir/home/kyara/pico-sdk/src/rp2_common/pico_stdio/stdio.c.o
 .text.stdio_out_chars_crlf
                0x0000000010002750       0xb4 CMakeFiles/test.dir/home/kyara/pico-sdk/src/rp2_common/pico_stdio/stdio.c.o
 .text.stdio_put_string
                0x0000000010002804      0x100 CMakeFiles/test.dir/home/kyara/pico-sdk/src/rp2_common/pico_stdio/stdio.c.o
                0x0000000010002804                stdio_put_string
 .text.stdio_set_driver_enabled
                0x0000000010002904       0x30 CMakeFiles/test.dir/home/kyara/pico-sdk/src/rp2_common/pico_stdio/stdio.c.o
                0x0000000010002904                stdio_set_driver_enabled
 .text.stdio_init_all
                0x0000000010002934        0x8 CMakeFiles/test.dir/home/kyara/pico-sdk/src/rp2_common/pico_stdio/stdio.c.o
                0x0000000010002934                stdio_init_all
 .text.__wrap_putchar
                0x000000001000293c       0x98 CMakeFiles/test.dir/home/kyara/pico-sdk/src/rp2_common/pico_stdio/stdio.c.o
                0x000000001000293c                stdio_putchar
                0x000000001000293c                __wrap_putchar
 .text.__wrap_puts
                0x00000000100029d4       0x3c CMakeFiles/test.dir/home/kyara/pico-sdk/src/rp2_common/pico_stdio/stdio.c.o
                0x00000000100029d4                __wrap_puts
                0x00000000100029d4                stdio_puts
 .text.resetd_init
                0x0000000010002a10        0x4 CMakeFiles/test.dir/home/kyara/pico-sdk/src/rp2_common/pico_stdio_usb/reset_interface.c.o
 .text.resetd_reset
                0x0000000010002a14        0xc CMakeFiles/test.dir/home/kyara/pico-sdk/src/rp2_common/pico_stdio_usb/reset_interface.c.o
 .text.resetd_open
                0x0000000010002a20       0x28 CMakeFiles/test.dir/home/kyara/pico-sdk/src/rp2_common/pico_stdio_usb/reset_interface.c.o
 .text.resetd_xfer_cb
                0x0000000010002a48        0x4 CMakeFiles/test.dir/home/kyara/pico-sdk/src/rp2_common/pico_stdio_usb/reset_interface.c.o
 .text.resetd_control_xfer_cb
                0x0000000010002a4c       0x60 CMakeFiles/test.dir/home/kyara/pico-sdk/src/rp2_common/pico_stdio_usb/reset_interface.c.o
 .text.tud_descriptor_bos_cb
                0x0000000010002aac        0x8 CMakeFiles/test.dir/home/kyara/pico-sdk/src/rp2_common/pico_stdio_usb/reset_interface.c.o
                0x0000000010002aac                tud_descriptor_bos_cb
 .text.tud_vendor_control_xfer_cb
                0x0000000010002ab4       0x34 CMakeFiles/test.dir/home/kyara/pico-sdk/src/rp2_common/pico_stdio_usb/reset_interface.c.o
                0x0000000010002ab4                tud_vendor_control_xfer_cb
 .text.usbd_app_driver_get_cb
                0x0000000010002ae8        0xc CMakeFiles/test.dir/home/kyara/pico-sdk/src/rp2_common/pico_stdio_usb/reset_interface.c.o
                0x0000000010002ae8                usbd_app_driver_get_cb
 .text.tud_cdc_line_coding_cb
                0x0000000010002af4       0x2c CMakeFiles/test.dir/home/kyara/pico-sdk/src/rp2_common/pico_stdio_usb/reset_interface.c.o
                0x0000000010002af4                tud_cdc_line_coding_cb
 .text.stdio_usb_set_chars_available_callback
                0x0000000010002b20       0x14 CMakeFiles/test.dir/home/kyara/pico-sdk/src/rp2_common/pico_stdio_usb/stdio_usb.c.o
                0x0000000010002b20                stdio_usb_set_chars_available_callback
 .text.usb_irq  0x0000000010002b34       0x10 CMakeFiles/test.dir/home/kyara/pico-sdk/src/rp2_common/pico_stdio_usb/stdio_usb.c.o
 .text.timer_task
                0x0000000010002b44       0x64 CMakeFiles/test.dir/home/kyara/pico-sdk/src/rp2_common/pico_stdio_usb/stdio_usb.c.o
 .text.stdio_usb_in_chars
                0x0000000010002ba8       0x90 CMakeFiles/test.dir/home/kyara/pico-sdk/src/rp2_common/pico_stdio_usb/stdio_usb.c.o
                0x0000000010002ba8                stdio_usb_in_chars
 .text.stdio_usb_out_flush
                0x0000000010002c38       0x50 CMakeFiles/test.dir/home/kyara/pico-sdk/src/rp2_common/pico_stdio_usb/stdio_usb.c.o
 .text.stdio_usb_out_chars
                0x0000000010002c88      0x100 CMakeFiles/test.dir/home/kyara/pico-sdk/src/rp2_common/pico_stdio_usb/stdio_usb.c.o
 .text.low_priority_worker_irq
                0x0000000010002d88       0xc8 CMakeFiles/test.dir/home/kyara/pico-sdk/src/rp2_common/pico_stdio_usb/stdio_usb.c.o
 .text.stdio_usb_init
                0x0000000010002e50       0xe8 CMakeFiles/test.dir/home/kyara/pico-sdk/src/rp2_common/pico_stdio_usb/stdio_usb.c.o
                0x0000000010002e50                stdio_usb_init
 .text.tud_descriptor_device_cb
                0x0000000010002f38        0x8 CMakeFiles/test.dir/home/kyara/pico-sdk/src/rp2_common/pico_stdio_usb/stdio_usb_descriptors.c.o
                0x0000000010002f38                tud_descriptor_device_cb
 .text.tud_descriptor_configuration_cb
                0x0000000010002f40        0x8 CMakeFiles/test.dir/home/kyara/pico-sdk/src/rp2_common/pico_stdio_usb/stdio_usb_descriptors.c.o
                0x0000000010002f40                tud_descriptor_configuration_cb
 .text.tud_descriptor_string_cb
                0x0000000010002f48       0x74 CMakeFiles/test.dir/home/kyara/pico-sdk/src/rp2_common/pico_stdio_usb/stdio_usb_descriptors.c.o
                0x0000000010002f48                tud_descriptor_string_cb
 .text.startup._retrieve_unique_id_on_boot
                0x0000000010002fbc       0x10 CMakeFiles/test.dir/home/kyara/pico-sdk/src/rp2_common/pico_unique_id/unique_id.c.o
 .text.pico_get_unique_board_id_string
                0x0000000010002fcc      0x1a8 CMakeFiles/test.dir/home/kyara/pico-sdk/src/rp2_common/pico_unique_id/unique_id.c.o
                0x0000000010002fcc                pico_get_unique_board_id_string
 .text.flash_get_unique_id
                0x0000000010003174       0x40 CMakeFiles/test.dir/home/kyara/pico-sdk/src/rp2_common/hardware_flash/flash.c.o
                0x0000000010003174                flash_get_unique_id
 .text.dcd_init
                0x00000000100031b4       0x90 CMakeFiles/test.dir/home/kyara/pico-sdk/lib/tinyusb/src/portable/raspberrypi/rp2040/dcd_rp2040.c.o
                0x00000000100031b4                dcd_init
 .text.dcd_int_enable
                0x0000000010003244        0xc CMakeFiles/test.dir/home/kyara/pico-sdk/lib/tinyusb/src/portable/raspberrypi/rp2040/dcd_rp2040.c.o
                0x0000000010003244                dcd_int_enable
 .text.dcd_set_address
                0x0000000010003250       0x14 CMakeFiles/test.dir/home/kyara/pico-sdk/lib/tinyusb/src/portable/raspberrypi/rp2040/dcd_rp2040.c.o
                0x0000000010003250                dcd_set_address
 .text.dcd_sof_enable
                0x0000000010003264       0x1c CMakeFiles/test.dir/home/kyara/pico-sdk/lib/tinyusb/src/portable/raspberrypi/rp2040/dcd_rp2040.c.o
                0x0000000010003264                dcd_sof_enable
 .text.dcd_edpt0_status_complete
                0x0000000010003280       0x1c CMakeFiles/test.dir/home/kyara/pico-sdk/lib/tinyusb/src/portable/raspberrypi/rp2040/dcd_rp2040.c.o
                0x0000000010003280                dcd_edpt0_status_complete
 .text.dcd_edpt_open
                0x000000001000329c      0x114 CMakeFiles/test.dir/home/kyara/pico-sdk/lib/tinyusb/src/portable/raspberrypi/rp2040/dcd_rp2040.c.o
                0x000000001000329c                dcd_edpt_open
 .text.dcd_edpt_close_all
                0x00000000100033b0        0x8 CMakeFiles/test.dir/home/kyara/pico-sdk/lib/tinyusb/src/portable/raspberrypi/rp2040/dcd_rp2040.c.o
                0x00000000100033b0                dcd_edpt_close_all
 .text.dcd_edpt_xfer
                0x00000000100033b8       0x24 CMakeFiles/test.dir/home/kyara/pico-sdk/lib/tinyusb/src/portable/raspberrypi/rp2040/dcd_rp2040.c.o
                0x00000000100033b8                dcd_edpt_xfer
 .text.dcd_edpt_stall
                0x00000000100033dc       0x38 CMakeFiles/test.dir/home/kyara/pico-sdk/lib/tinyusb/src/portable/raspberrypi/rp2040/dcd_rp2040.c.o
                0x00000000100033dc                dcd_edpt_stall
 .text.dcd_edpt_clear_stall
                0x0000000010003414       0x30 CMakeFiles/test.dir/home/kyara/pico-sdk/lib/tinyusb/src/portable/raspberrypi/rp2040/dcd_rp2040.c.o
                0x0000000010003414                dcd_edpt_clear_stall
 .text.rp2040_usb_init
                0x0000000010003444       0x40 CMakeFiles/test.dir/home/kyara/pico-sdk/lib/tinyusb/src/portable/raspberrypi/rp2040/rp2040_usb.c.o
                0x0000000010003444                rp2040_usb_init
 .text.hw_endpoint_xfer_start
                0x0000000010003484       0x50 CMakeFiles/test.dir/home/kyara/pico-sdk/lib/tinyusb/src/portable/raspberrypi/rp2040/rp2040_usb.c.o
                0x0000000010003484                hw_endpoint_xfer_start
 .text.tud_event_hook_cb
                0x00000000100034d4        0x4 CMakeFiles/test.dir/home/kyara/pico-sdk/lib/tinyusb/src/device/usbd.c.o
                0x00000000100034d4                tud_event_hook_cb
 .text.tud_sof_cb
                0x00000000100034d8        0x4 CMakeFiles/test.dir/home/kyara/pico-sdk/lib/tinyusb/src/device/usbd.c.o
                0x00000000100034d8                tud_sof_cb
 .text.tud_descriptor_device_qualifier_cb
                0x00000000100034dc        0x4 CMakeFiles/test.dir/home/kyara/pico-sdk/lib/tinyusb/src/device/usbd.c.o
                0x00000000100034dc                tud_descriptor_device_qualifier_cb
 .text.tud_descriptor_other_speed_configuration_cb
                0x00000000100034e0        0x4 CMakeFiles/test.dir/home/kyara/pico-sdk/lib/tinyusb/src/device/usbd.c.o
                0x00000000100034e0                tud_descriptor_other_speed_configuration_cb
 .text.tud_mount_cb
                0x00000000100034e4        0x4 CMakeFiles/test.dir/home/kyara/pico-sdk/lib/tinyusb/src/device/usbd.c.o
                0x00000000100034e4                tud_mount_cb
 .text.tud_umount_cb
                0x00000000100034e8        0x4 CMakeFiles/test.dir/home/kyara/pico-sdk/lib/tinyusb/src/device/usbd.c.o
                0x00000000100034e8                tud_umount_cb
 .text.tud_suspend_cb
                0x00000000100034ec        0x4 CMakeFiles/test.dir/home/kyara/pico-sdk/lib/tinyusb/src/device/usbd.c.o
                0x00000000100034ec                tud_suspend_cb
 .text.tud_resume_cb
                0x00000000100034f0        0x4 CMakeFiles/test.dir/home/kyara/pico-sdk/lib/tinyusb/src/device/usbd.c.o
                0x00000000100034f0                tud_resume_cb
 .text.tud_mounted
                0x00000000100034f4       0x10 CMakeFiles/test.dir/home/kyara/pico-sdk/lib/tinyusb/src/device/usbd.c.o
                0x00000000100034f4                tud_mounted
 .text.tud_suspended
                0x0000000010003504       0x10 CMakeFiles/test.dir/home/kyara/pico-sdk/lib/tinyusb/src/device/usbd.c.o
                0x0000000010003504                tud_suspended
 .text.tud_rhport_init
                0x0000000010003514       0xf4 CMakeFiles/test.dir/home/kyara/pico-sdk/lib/tinyusb/src/device/usbd.c.o
                0x0000000010003514                tud_rhport_init
 .text.tud_task_ext
                0x0000000010003608      0x800 CMakeFiles/test.dir/home/kyara/pico-sdk/lib/tinyusb/src/device/usbd.c.o
                0x0000000010003608                tud_task_ext
 .text.usbd_open_edpt_pair
                0x0000000010003e08       0x9c CMakeFiles/test.dir/home/kyara/pico-sdk/lib/tinyusb/src/device/usbd.c.o
                0x0000000010003e08                usbd_open_edpt_pair
 .text.usbd_edpt_open
                0x0000000010003ea4       0x34 CMakeFiles/test.dir/home/kyara/pico-sdk/lib/tinyusb/src/device/usbd.c.o
                0x0000000010003ea4                usbd_edpt_open
 .text.usbd_edpt_claim
                0x0000000010003ed8       0x28 CMakeFiles/test.dir/home/kyara/pico-sdk/lib/tinyusb/src/device/usbd.c.o
                0x0000000010003ed8                usbd_edpt_claim
 .text.usbd_edpt_release
                0x0000000010003f00       0x28 CMakeFiles/test.dir/home/kyara/pico-sdk/lib/tinyusb/src/device/usbd.c.o
                0x0000000010003f00                usbd_edpt_release
 .text.usbd_edpt_xfer
                0x0000000010003f28       0x4c CMakeFiles/test.dir/home/kyara/pico-sdk/lib/tinyusb/src/device/usbd.c.o
                0x0000000010003f28                usbd_edpt_xfer
 .text.tud_control_status
                0x0000000010003f74       0x30 CMakeFiles/test.dir/home/kyara/pico-sdk/lib/tinyusb/src/device/usbd_control.c.o
                0x0000000010003f74                tud_control_status
 .text.tud_control_xfer
                0x0000000010003fa4       0xbc CMakeFiles/test.dir/home/kyara/pico-sdk/lib/tinyusb/src/device/usbd_control.c.o
                0x0000000010003fa4                tud_control_xfer
 .text.usbd_control_reset
                0x0000000010004060       0x14 CMakeFiles/test.dir/home/kyara/pico-sdk/lib/tinyusb/src/device/usbd_control.c.o
                0x0000000010004060                usbd_control_reset
 .text.usbd_control_set_complete_callback
                0x0000000010004074        0xc CMakeFiles/test.dir/home/kyara/pico-sdk/lib/tinyusb/src/device/usbd_control.c.o
                0x0000000010004074                usbd_control_set_complete_callback
 .text.usbd_control_set_request
                0x0000000010004080       0x1c CMakeFiles/test.dir/home/kyara/pico-sdk/lib/tinyusb/src/device/usbd_control.c.o
                0x0000000010004080                usbd_control_set_request
 .text.usbd_control_xfer_cb
                0x000000001000409c       0xf0 CMakeFiles/test.dir/home/kyara/pico-sdk/lib/tinyusb/src/device/usbd_control.c.o
                0x000000001000409c                usbd_control_xfer_cb
 .text._prep_out_transaction.isra.0
                0x000000001000418c       0x6c CMakeFiles/test.dir/home/kyara/pico-sdk/lib/tinyusb/src/class/cdc/cdc_device.c.o
 .text.tud_cdc_n_connected
                0x00000000100041f8       0x2c CMakeFiles/test.dir/home/kyara/pico-sdk/lib/tinyusb/src/class/cdc/cdc_device.c.o
                0x00000000100041f8                tud_cdc_n_connected
 .text.tud_cdc_n_available
                0x0000000010004224       0x18 CMakeFiles/test.dir/home/kyara/pico-sdk/lib/tinyusb/src/class/cdc/cdc_device.c.o
                0x0000000010004224                tud_cdc_n_available
 .text.tud_cdc_n_read
                0x000000001000423c       0x94 CMakeFiles/test.dir/home/kyara/pico-sdk/lib/tinyusb/src/class/cdc/cdc_device.c.o
                0x000000001000423c                tud_cdc_n_read
 .text.tud_cdc_n_write_flush
                0x00000000100042d0       0x78 CMakeFiles/test.dir/home/kyara/pico-sdk/lib/tinyusb/src/class/cdc/cdc_device.c.o
                0x00000000100042d0                tud_cdc_n_write_flush
 .text.tud_cdc_n_write
                0x0000000010004348       0x44 CMakeFiles/test.dir/home/kyara/pico-sdk/lib/tinyusb/src/class/cdc/cdc_device.c.o
                0x0000000010004348                tud_cdc_n_write
 .text.tud_cdc_n_write_available
                0x000000001000438c       0x18 CMakeFiles/test.dir/home/kyara/pico-sdk/lib/tinyusb/src/class/cdc/cdc_device.c.o
                0x000000001000438c                tud_cdc_n_write_available
 .text.cdcd_init
                0x00000000100043a4       0x70 CMakeFiles/test.dir/home/kyara/pico-sdk/lib/tinyusb/src/class/cdc/cdc_device.c.o
                0x00000000100043a4                cdcd_init
 .text.cdcd_deinit
                0x0000000010004414       0x24 CMakeFiles/test.dir/home/kyara/pico-sdk/lib/tinyusb/src/class/cdc/cdc_device.c.o
                0x0000000010004414                cdcd_deinit
 .text.cdcd_reset
                0x0000000010004438       0x4c CMakeFiles/test.dir/home/kyara/pico-sdk/lib/tinyusb/src/class/cdc/cdc_device.c.o
                0x0000000010004438                cdcd_reset
 .text.cdcd_open
                0x0000000010004484       0xa8 CMakeFiles/test.dir/home/kyara/pico-sdk/lib/tinyusb/src/class/cdc/cdc_device.c.o
                0x0000000010004484                cdcd_open
 .text.cdcd_control_xfer_cb
                0x000000001000452c       0xe8 CMakeFiles/test.dir/home/kyara/pico-sdk/lib/tinyusb/src/class/cdc/cdc_device.c.o
                0x000000001000452c                cdcd_control_xfer_cb
 .text.cdcd_xfer_cb
                0x0000000010004614       0xfc CMakeFiles/test.dir/home/kyara/pico-sdk/lib/tinyusb/src/class/cdc/cdc_device.c.o
                0x0000000010004614                cdcd_xfer_cb
 .text.vendord_init
                0x0000000010004710       0x5c CMakeFiles/test.dir/home/kyara/pico-sdk/lib/tinyusb/src/class/vendor/vendor_device.c.o
                0x0000000010004710                vendord_init
 .text.vendord_deinit
                0x000000001000476c       0x1c CMakeFiles/test.dir/home/kyara/pico-sdk/lib/tinyusb/src/class/vendor/vendor_device.c.o
                0x000000001000476c                vendord_deinit
 .text.vendord_reset
                0x0000000010004788       0x28 CMakeFiles/test.dir/home/kyara/pico-sdk/lib/tinyusb/src/class/vendor/vendor_device.c.o
                0x0000000010004788                vendord_reset
 .text.vendord_open
                0x00000000100047b0      0x128 CMakeFiles/test.dir/home/kyara/pico-sdk/lib/tinyusb/src/class/vendor/vendor_device.c.o
                0x00000000100047b0                vendord_open
 .text.vendord_xfer_cb
                0x00000000100048d8       0x9c CMakeFiles/test.dir/home/kyara/pico-sdk/lib/tinyusb/src/class/vendor/vendor_device.c.o
                0x00000000100048d8                vendord_xfer_cb
 .text.tusb_rhport_init
                0x0000000010004974       0x48 CMakeFiles/test.dir/home/kyara/pico-sdk/lib/tinyusb/src/tusb.c.o
                0x0000000010004974                tusb_rhport_init
 .text.tu_edpt_claim
                0x00000000100049bc       0x50 CMakeFiles/test.dir/home/kyara/pico-sdk/lib/tinyusb/src/tusb.c.o
                0x00000000100049bc                tu_edpt_claim
 .text.tu_edpt_release
                0x0000000010004a0c       0x38 CMakeFiles/test.dir/home/kyara/pico-sdk/lib/tinyusb/src/tusb.c.o
                0x0000000010004a0c                tu_edpt_release
 .text.tu_edpt_validate
                0x0000000010004a44       0x78 CMakeFiles/test.dir/home/kyara/pico-sdk/lib/tinyusb/src/tusb.c.o
                0x0000000010004a44                tu_edpt_validate
 .text.tu_edpt_bind_driver
                0x0000000010004abc       0x34 CMakeFiles/test.dir/home/kyara/pico-sdk/lib/tinyusb/src/tusb.c.o
                0x0000000010004abc                tu_edpt_bind_driver
 .text.tu_edpt_stream_init
                0x0000000010004af0       0x6c CMakeFiles/test.dir/home/kyara/pico-sdk/lib/tinyusb/src/tusb.c.o
                0x0000000010004af0                tu_edpt_stream_init
 .text.tu_edpt_stream_deinit
                0x0000000010004b5c        0x4 CMakeFiles/test.dir/home/kyara/pico-sdk/lib/tinyusb/src/tusb.c.o
                0x0000000010004b5c                tu_edpt_stream_deinit
 .text.tu_edpt_stream_write_zlp_if_needed
                0x0000000010004b60       0x58 CMakeFiles/test.dir/home/kyara/pico-sdk/lib/tinyusb/src/tusb.c.o
                0x0000000010004b60                tu_edpt_stream_write_zlp_if_needed
 .text.tu_edpt_stream_write_xfer
                0x0000000010004bb8       0x64 CMakeFiles/test.dir/home/kyara/pico-sdk/lib/tinyusb/src/tusb.c.o
                0x0000000010004bb8                tu_edpt_stream_write_xfer
 .text.tu_edpt_stream_read_xfer
                0x0000000010004c1c       0xdc CMakeFiles/test.dir/home/kyara/pico-sdk/lib/tinyusb/src/tusb.c.o
                0x0000000010004c1c                tu_edpt_stream_read_xfer
 .text.tu_fifo_config
                0x0000000010004cf8       0x70 CMakeFiles/test.dir/home/kyara/pico-sdk/lib/tinyusb/src/common/tusb_fifo.c.o
                0x0000000010004cf8                tu_fifo_config
 .text.tu_fifo_count
                0x0000000010004d68       0x2c CMakeFiles/test.dir/home/kyara/pico-sdk/lib/tinyusb/src/common/tusb_fifo.c.o
                0x0000000010004d68                tu_fifo_count
 .text.tu_fifo_empty
                0x0000000010004d94       0x10 CMakeFiles/test.dir/home/kyara/pico-sdk/lib/tinyusb/src/common/tusb_fifo.c.o
                0x0000000010004d94                tu_fifo_empty
 .text.tu_fifo_remaining
                0x0000000010004da4       0x2c CMakeFiles/test.dir/home/kyara/pico-sdk/lib/tinyusb/src/common/tusb_fifo.c.o
                0x0000000010004da4                tu_fifo_remaining
 .text.tu_fifo_read
                0x0000000010004dd0       0xa0 CMakeFiles/test.dir/home/kyara/pico-sdk/lib/tinyusb/src/common/tusb_fifo.c.o
                0x0000000010004dd0                tu_fifo_read
 .text.tu_fifo_read_n
                0x0000000010004e70       0xec CMakeFiles/test.dir/home/kyara/pico-sdk/lib/tinyusb/src/common/tusb_fifo.c.o
                0x0000000010004e70                tu_fifo_read_n
 .text.tu_fifo_write
                0x0000000010004f5c       0x88 CMakeFiles/test.dir/home/kyara/pico-sdk/lib/tinyusb/src/common/tusb_fifo.c.o
                0x0000000010004f5c                tu_fifo_write
 .text.tu_fifo_write_n
                0x0000000010004fe4      0x168 CMakeFiles/test.dir/home/kyara/pico-sdk/lib/tinyusb/src/common/tusb_fifo.c.o
                0x0000000010004fe4                tu_fifo_write_n
 .text.tu_fifo_clear
                0x000000001000514c       0x40 CMakeFiles/test.dir/home/kyara/pico-sdk/lib/tinyusb/src/common/tusb_fifo.c.o
                0x000000001000514c                tu_fifo_clear
 .text.tu_fifo_set_overwritable
                0x000000001000518c       0x48 CMakeFiles/test.dir/home/kyara/pico-sdk/lib/tinyusb/src/common/tusb_fifo.c.o
                0x000000001000518c                tu_fifo_set_overwritable
 .text          0x00000000100051d4       0x34 /usr/lib/gcc/arm-none-eabi/10.3.1/../../../arm-none-eabi/lib/thumb/v6-m/nofp/libg.a(lib_a-setjmp.o)
                0x00000000100051d4                setjmp
                0x00000000100051ec                longjmp
 .text          0x0000000010005208       0x5c /usr/lib/gcc/arm-none-eabi/10.3.1/../../../arm-none-eabi/lib/thumb/v6-m/nofp/libg.a(lib_a-strlen-stub.o)
                0x0000000010005208                strlen
 *(.fini)
 .fini          0x0000000010005264        0x4 /usr/lib/gcc/arm-none-eabi/10.3.1/thumb/v6-m/nofp/crti.o
                0x0000000010005264                _fini
 .fini.__stub   0x0000000010005268       0xc0 linker stubs
 *crtbegin.o(.ctors)
 *crtbegin?.o(.ctors)
 *(EXCLUDE_FILE(*crtend.o *crtend?.o) .ctors)
 *(SORT_BY_NAME(.ctors.*))
 *(.ctors)
 *crtbegin.o(.dtors)
 *crtbegin?.o(.dtors)
 *(EXCLUDE_FILE(*crtend.o *crtend?.o) .dtors)
 *(SORT_BY_NAME(.dtors.*))
 *(.dtors)
                0x0000000010005328                . = ALIGN (0x4)
                0x0000000010005328                PROVIDE (__preinit_array_start = .)
 *(SORT_BY_NAME(.preinit_array.*))
 .preinit_array.00100
                0x0000000010005328        0x4 CMakeFiles/test.dir/home/kyara/pico-sdk/src/rp2_common/pico_runtime_init/runtime_init.c.o
                0x0000000010005328                __pre_init_runtime_init_early_resets
 .preinit_array.00101
                0x000000001000532c        0x4 CMakeFiles/test.dir/home/kyara/pico-sdk/src/rp2_common/pico_runtime_init/runtime_init.c.o
                0x000000001000532c                __pre_init_runtime_init_usb_power_down
 .preinit_array.00275
                0x0000000010005330        0x4 CMakeFiles/test.dir/home/kyara/pico-sdk/src/rp2_common/pico_bit_ops/bit_ops_aeabi.S.o
 .preinit_array.00300
                0x0000000010005334        0x4 CMakeFiles/test.dir/home/kyara/pico-sdk/src/rp2_common/pico_mem_ops/mem_ops_aeabi.S.o
 .preinit_array.00350
                0x0000000010005338        0x4 CMakeFiles/test.dir/home/kyara/pico-sdk/src/rp2_common/pico_double/double_aeabi_rp2040.S.o
 .preinit_array.00350
                0x000000001000533c        0x4 CMakeFiles/test.dir/home/kyara/pico-sdk/src/rp2_common/pico_float/float_aeabi_rp2040.S.o
 .preinit_array.00500
                0x0000000010005340        0x4 CMakeFiles/test.dir/home/kyara/pico-sdk/src/rp2_common/pico_runtime_init/runtime_init.c.o
                0x0000000010005340                __pre_init_runtime_init_clocks
 .preinit_array.00600
                0x0000000010005344        0x4 CMakeFiles/test.dir/home/kyara/pico-sdk/src/rp2_common/pico_runtime_init/runtime_init.c.o
                0x0000000010005344                __pre_init_runtime_init_post_clock_resets
 .preinit_array.00700
                0x0000000010005348        0x4 CMakeFiles/test.dir/home/kyara/pico-sdk/src/rp2_common/pico_runtime_init/runtime_init.c.o
                0x0000000010005348                __pre_init_runtime_init_rp2040_gpio_ie_disable
 .preinit_array.01000
                0x000000001000534c        0x4 CMakeFiles/test.dir/home/kyara/pico-sdk/src/rp2_common/pico_runtime_init/runtime_init.c.o
                0x000000001000534c                __pre_init_runtime_init_spin_locks_reset
 .preinit_array.01100
                0x0000000010005350        0x4 CMakeFiles/test.dir/home/kyara/pico-sdk/src/common/pico_sync/mutex.c.o
                0x0000000010005350                __pre_init_runtime_init_mutex
 .preinit_array.10080
                0x0000000010005354        0x4 CMakeFiles/test.dir/home/kyara/pico-sdk/src/rp2_common/pico_runtime_init/runtime_init.c.o
                0x0000000010005354                __pre_init_runtime_init_install_ram_vector_table
 .preinit_array.11000
                0x0000000010005358        0x4 CMakeFiles/test.dir/home/kyara/pico-sdk/src/common/pico_time/time.c.o
                0x0000000010005358                __pre_init_runtime_init_default_alarm_pool
 .preinit_array.YYYYY
                0x000000001000535c        0x4 CMakeFiles/test.dir/home/kyara/pico-sdk/src/rp2_common/pico_runtime/runtime.c.o
                0x000000001000535c                __pre_init_first_per_core_initializer
 .preinit_array.ZZZZZ.01200
                0x0000000010005360        0x4 CMakeFiles/test.dir/home/kyara/pico-sdk/src/rp2_common/hardware_irq/irq.c.o
                0x0000000010005360                __pre_init_runtime_init_per_core_irq_priorities
 *(.preinit_array)
                0x0000000010005364                PROVIDE (__preinit_array_end = .)
                0x0000000010005364                . = ALIGN (0x4)
                0x0000000010005364                PROVIDE (__init_array_start = .)
 *(SORT_BY_NAME(.init_array.*))
 *(.init_array)
 .init_array    0x0000000010005364        0x4 /usr/lib/gcc/arm-none-eabi/10.3.1/thumb/v6-m/nofp/crtbegin.o
 .init_array    0x0000000010005368        0x4 CMakeFiles/test.dir/home/kyara/pico-sdk/src/rp2_common/pico_unique_id/unique_id.c.o
                0x000000001000536c                PROVIDE (__init_array_end = .)
                0x000000001000536c                . = ALIGN (0x4)
                0x000000001000536c                PROVIDE (__fini_array_start = .)
 *(SORT_BY_NAME(.fini_array.*))
 *(.fini_array)
                0x000000001000536c                PROVIDE (__fini_array_end = .)
 *(.eh_frame*)
 .eh_frame      0x000000001000536c        0x0 /usr/lib/gcc/arm-none-eabi/10.3.1/thumb/v6-m/nofp/crtbegin.o
                0x000000001000536c                . = ALIGN (0x4)

.glue_7         0x000000001000536c        0x0
 .glue_7        0x000000001000536c        0x0 linker stubs

.glue_7t        0x000000001000536c        0x0
 .glue_7t       0x000000001000536c        0x0 linker stubs

.vfp11_veneer   0x000000001000536c        0x0
 .vfp11_veneer  0x000000001000536c        0x0 linker stubs

.v4_bx          0x000000001000536c        0x0
 .v4_bx         0x000000001000536c        0x0 linker stubs

.iplt           0x000000001000536c        0x0
 .iplt          0x000000001000536c        0x0 /usr/lib/gcc/arm-none-eabi/10.3.1/thumb/v6-m/nofp/crtbegin.o

.rodata         0x000000001000536c      0x4f0
 *(EXCLUDE_FILE(*libm.a: *libc.a:*lib_a-mem*.o *libgcc.a:) .rodata*)
 .rodata.main.str1.4
                0x000000001000536c       0x84 CMakeFiles/test.dir/test/test.c.o
 .rodata.UnityPrintFloat.str1.4
                0x00000000100053f0        0x8 CMakeFiles/test.dir/include/Unity/unity.c.o
                                          0xc (size before relaxing)
 .rodata.UnityStrDetail1Name
                0x00000000100053f8        0xa CMakeFiles/test.dir/include/Unity/unity.c.o
 *fill*         0x0000000010005402        0x2 
 .rodata.UnityStrDetail2Name
                0x0000000010005404        0xb CMakeFiles/test.dir/include/Unity/unity.c.o
 *fill*         0x000000001000540f        0x1 
 .rodata.UnityStrExpected
                0x0000000010005410        0xb CMakeFiles/test.dir/include/Unity/unity.c.o
 *fill*         0x000000001000541b        0x1 
 .rodata.UnityStrFail
                0x000000001000541c        0x5 CMakeFiles/test.dir/include/Unity/unity.c.o
                0x000000001000541c                UnityStrFail
 *fill*         0x0000000010005421        0x3 
 .rodata.UnityStrPass
                0x0000000010005424        0x5 CMakeFiles/test.dir/include/Unity/unity.c.o
                0x0000000010005424                UnityStrPass
 *fill*         0x0000000010005429        0x3 
 .rodata.UnityStrSpacer
                0x000000001000542c        0x3 CMakeFiles/test.dir/include/Unity/unity.c.o
 *fill*         0x000000001000542f        0x1 
 .rodata.UnityStrWas
                0x0000000010005430        0x6 CMakeFiles/test.dir/include/Unity/unity.c.o
 *fill*         0x0000000010005436        0x2 
 .rodata.panic.str1.4
                0x0000000010005438       0x12 CMakeFiles/test.dir/home/kyara/pico-sdk/src/rp2_common/pico_platform_panic/panic.c.o
 *fill*         0x000000001000544a        0x2 
 .rodata.spin_lock_claim_unused.str1.4
                0x000000001000544c       0x1b CMakeFiles/test.dir/home/kyara/pico-sdk/src/rp2_common/hardware_sync/sync.c.o
 *fill*         0x0000000010005467        0x1 
 .rodata.user_irq_claim_unused.str1.4
                0x0000000010005468       0x1b CMakeFiles/test.dir/home/kyara/pico-sdk/src/rp2_common/hardware_irq/irq.c.o
 *fill*         0x0000000010005483        0x1 
 .rodata.timer_hardware_alarm_claim.str1.4
                0x0000000010005484       0x22 CMakeFiles/test.dir/home/kyara/pico-sdk/src/rp2_common/hardware_timer/timer.c.o
 *fill*         0x00000000100054a6        0x2 
 .rodata.hard_assertion_failure.str1.4
                0x00000000100054a8        0xc CMakeFiles/test.dir/home/kyara/pico-sdk/src/rp2_common/pico_runtime/runtime.c.o
 .rodata.missing_double_func_shim.str1.4
                0x00000000100054b4       0x18 CMakeFiles/test.dir/home/kyara/pico-sdk/src/rp2_common/pico_double/double_init_rom_rp2040.c.o
 .rodata.missing_float_func_shim.str1.4
                0x00000000100054cc       0x18 CMakeFiles/test.dir/home/kyara/pico-sdk/src/rp2_common/pico_float/float_init_rom_rp2040.c.o
                                          0x1 (size before relaxing)
 .rodata.str1.4
                0x00000000100054cc       0x3c CMakeFiles/test.dir/home/kyara/pico-sdk/src/rp2_common/pico_standard_binary_info/standard_binary_info.c.o
 .rodata.__bi_26
                0x0000000010005508        0xc CMakeFiles/test.dir/home/kyara/pico-sdk/src/rp2_common/pico_standard_binary_info/standard_binary_info.c.o
 .rodata.__bi_34
                0x0000000010005514        0xc CMakeFiles/test.dir/home/kyara/pico-sdk/src/rp2_common/pico_standard_binary_info/standard_binary_info.c.o
 .rodata.__bi_42
                0x0000000010005520        0xc CMakeFiles/test.dir/home/kyara/pico-sdk/src/rp2_common/pico_standard_binary_info/standard_binary_info.c.o
 .rodata.__bi_48
                0x000000001000552c        0xc CMakeFiles/test.dir/home/kyara/pico-sdk/src/rp2_common/pico_standard_binary_info/standard_binary_info.c.o
 .rodata.__bi_54
                0x0000000010005538        0xc CMakeFiles/test.dir/home/kyara/pico-sdk/src/rp2_common/pico_standard_binary_info/standard_binary_info.c.o
 .rodata.__bi_78
                0x0000000010005544        0xc CMakeFiles/test.dir/home/kyara/pico-sdk/src/rp2_common/pico_standard_binary_info/standard_binary_info.c.o
 .rodata.__bi_84
                0x0000000010005550        0xc CMakeFiles/test.dir/home/kyara/pico-sdk/src/rp2_common/pico_standard_binary_info/standard_binary_info.c.o
 .rodata.crlf_str.0
                0x000000001000555c        0x2 CMakeFiles/test.dir/home/kyara/pico-sdk/src/rp2_common/pico_stdio/stdio.c.o
 *fill*         0x000000001000555e        0x2 
 .rodata._resetd_driver
                0x0000000010005560       0x20 CMakeFiles/test.dir/home/kyara/pico-sdk/src/rp2_common/pico_stdio_usb/reset_interface.c.o
 .rodata.desc_bos
                0x0000000010005580       0x21 CMakeFiles/test.dir/home/kyara/pico-sdk/src/rp2_common/pico_stdio_usb/reset_interface.c.o
                0x0000000010005580                desc_bos
 *fill*         0x00000000100055a1        0x3 
 .rodata.desc_ms_os_20
                0x00000000100055a4       0xa6 CMakeFiles/test.dir/home/kyara/pico-sdk/src/rp2_common/pico_stdio_usb/reset_interface.c.o
 *fill*         0x000000001000564a        0x2 
 .rodata.str1.4
                0x000000001000564c       0x13 CMakeFiles/test.dir/home/kyara/pico-sdk/src/rp2_common/pico_stdio_usb/stdio_usb.c.o
 *fill*         0x000000001000565f        0x1 
 .rodata.__bi_197.0
                0x0000000010005660        0xc CMakeFiles/test.dir/home/kyara/pico-sdk/src/rp2_common/pico_stdio_usb/stdio_usb.c.o
 .rodata.str1.4
                0x000000001000566c       0x2a CMakeFiles/test.dir/home/kyara/pico-sdk/src/rp2_common/pico_stdio_usb/stdio_usb_descriptors.c.o
 *fill*         0x0000000010005696        0x2 
 .rodata.usbd_desc_cfg
                0x0000000010005698       0x54 CMakeFiles/test.dir/home/kyara/pico-sdk/src/rp2_common/pico_stdio_usb/stdio_usb_descriptors.c.o
 .rodata.usbd_desc_device
                0x00000000100056ec       0x12 CMakeFiles/test.dir/home/kyara/pico-sdk/src/rp2_common/pico_stdio_usb/stdio_usb_descriptors.c.o
 *fill*         0x00000000100056fe        0x2 
 .rodata.usbd_desc_str
                0x0000000010005700       0x18 CMakeFiles/test.dir/home/kyara/pico-sdk/src/rp2_common/pico_stdio_usb/stdio_usb_descriptors.c.o
 .rodata.str1.4
                0x0000000010005718       0x14 CMakeFiles/test.dir/home/kyara/pico-sdk/lib/tinyusb/src/portable/raspberrypi/rp2040/dcd_rp2040.c.o
 .rodata.str1.4
                0x000000001000572c       0x48 CMakeFiles/test.dir/home/kyara/pico-sdk/lib/tinyusb/src/portable/raspberrypi/rp2040/rp2040_usb.c.o
 .rodata.tud_task_ext
                0x0000000010005774       0x8c CMakeFiles/test.dir/home/kyara/pico-sdk/lib/tinyusb/src/device/usbd.c.o
 .rodata        0x0000000010005800       0x1c CMakeFiles/test.dir/home/kyara/pico-sdk/lib/tinyusb/src/device/usbd.c.o
 .rodata._usbd_driver
                0x000000001000581c       0x40 CMakeFiles/test.dir/home/kyara/pico-sdk/lib/tinyusb/src/device/usbd.c.o
                0x000000001000585c                . = ALIGN (0x4)
 *(SORT_BY_ALIGNMENT(SORT_BY_NAME(.flashdata*)))
                0x000000001000585c                . = ALIGN (0x4)

.ARM.extab
 *(.ARM.extab* .gnu.linkonce.armextab.*)
                0x000000001000585c                __exidx_start = .

.ARM.exidx
 *(.ARM.exidx* .gnu.linkonce.armexidx.*)
                0x000000001000585c                __exidx_end = .
                0x000000001000585c                . = ALIGN (0x4)
                0x000000001000585c                __binary_info_start = .

.binary_info    0x000000001000585c       0x20
 *(.binary_info.keep.*)
 .binary_info.keep.__bi_ptr26
                0x000000001000585c        0x4 CMakeFiles/test.dir/home/kyara/pico-sdk/src/rp2_common/pico_standard_binary_info/standard_binary_info.c.o
 .binary_info.keep.__bi_ptr34
                0x0000000010005860        0x4 CMakeFiles/test.dir/home/kyara/pico-sdk/src/rp2_common/pico_standard_binary_info/standard_binary_info.c.o
 .binary_info.keep.__bi_ptr42
                0x0000000010005864        0x4 CMakeFiles/test.dir/home/kyara/pico-sdk/src/rp2_common/pico_standard_binary_info/standard_binary_info.c.o
 .binary_info.keep.__bi_ptr48
                0x0000000010005868        0x4 CMakeFiles/test.dir/home/kyara/pico-sdk/src/rp2_common/pico_standard_binary_info/standard_binary_info.c.o
 .binary_info.keep.__bi_ptr54
                0x000000001000586c        0x4 CMakeFiles/test.dir/home/kyara/pico-sdk/src/rp2_common/pico_standard_binary_info/standard_binary_info.c.o
 .binary_info.keep.__bi_ptr78
                0x0000000010005870        0x4 CMakeFiles/test.dir/home/kyara/pico-sdk/src/rp2_common/pico_standard_binary_info/standard_binary_info.c.o
 .binary_info.keep.__bi_ptr84
                0x0000000010005874        0x4 CMakeFiles/test.dir/home/kyara/pico-sdk/src/rp2_common/pico_standard_binary_info/standard_binary_info.c.o
 *(.binary_info.*)
 .binary_info.__bi_ptr197
                0x0000000010005878        0x4 CMakeFiles/test.dir/home/kyara/pico-sdk/src/rp2_common/pico_stdio_usb/stdio_usb.c.o
                0x000000001000587c                __binary_info_end = .

.rel.dyn        0x000000001000587c        0x0
 .rel.iplt      0x000000001000587c        0x0 /usr/lib/gcc/arm-none-eabi/10.3.1/thumb/v6-m/nofp/crtbegin.o
                0x000000001000587c                . = ALIGN (0x4)

.ram_vector_table
                0x0000000020000000       0xc0
 *(.ram_vector_table)
 .ram_vector_table
                0x0000000020000000       0xc0 CMakeFiles/test.dir/home/kyara/pico-sdk/src/rp2_common/pico_runtime_init/runtime_init.c.o
                0x0000000020000000                ram_vector_table

.uninitialized_data
                0x00000000200000c0        0x0
                0x00000000200000c0                . = ALIGN (0x4)
 *(.uninitialized_data*)

.data           0x00000000200000c0      0xfd0 load address 0x000000001000587c
                0x00000000200000c0                __data_start__ = .
 *(vtable)
 *(.time_critical*)
 .time_critical.mutex_try_enter
                0x00000000200000c0       0x44 CMakeFiles/test.dir/home/kyara/pico-sdk/src/common/pico_sync/mutex.c.o
                0x00000000200000c0                mutex_try_enter
 .time_critical.mutex_try_enter_block_until
                0x0000000020000104       0x9c CMakeFiles/test.dir/home/kyara/pico-sdk/src/common/pico_sync/mutex.c.o
                0x0000000020000104                mutex_try_enter_block_until
 .time_critical.mutex_enter_timeout_ms
                0x00000000200001a0       0x90 CMakeFiles/test.dir/home/kyara/pico-sdk/src/common/pico_sync/mutex.c.o
                0x00000000200001a0                mutex_enter_timeout_ms
 .time_critical.mutex_exit
                0x0000000020000230       0x28 CMakeFiles/test.dir/home/kyara/pico-sdk/src/common/pico_sync/mutex.c.o
                0x0000000020000230                mutex_exit
 .time_critical.flash_init_boot2_copyout
                0x0000000020000258       0x30 CMakeFiles/test.dir/home/kyara/pico-sdk/src/rp2_common/hardware_flash/flash.c.o
 .time_critical.flash_enable_xip_via_boot2
                0x0000000020000288       0x10 CMakeFiles/test.dir/home/kyara/pico-sdk/src/rp2_common/hardware_flash/flash.c.o
 .time_critical.flash_cs_force
                0x0000000020000298       0x38 CMakeFiles/test.dir/home/kyara/pico-sdk/src/rp2_common/hardware_flash/flash.c.o
 .time_critical.flash_do_cmd
                0x00000000200002d0       0xc4 CMakeFiles/test.dir/home/kyara/pico-sdk/src/rp2_common/hardware_flash/flash.c.o
                0x00000000200002d0                flash_do_cmd
 .time_critical.reset_non_control_endpoints
                0x0000000020000394       0xbc CMakeFiles/test.dir/home/kyara/pico-sdk/lib/tinyusb/src/portable/raspberrypi/rp2040/dcd_rp2040.c.o
 .time_critical.hw_handle_buff_status
                0x0000000020000450       0x98 CMakeFiles/test.dir/home/kyara/pico-sdk/lib/tinyusb/src/portable/raspberrypi/rp2040/dcd_rp2040.c.o
 .time_critical.dcd_rp2040_irq
                0x00000000200004e8      0x530 CMakeFiles/test.dir/home/kyara/pico-sdk/lib/tinyusb/src/portable/raspberrypi/rp2040/dcd_rp2040.c.o
 .time_critical.prepare_ep_buffer
                0x0000000020000a18       0xf4 CMakeFiles/test.dir/home/kyara/pico-sdk/lib/tinyusb/src/portable/raspberrypi/rp2040/rp2040_usb.c.o
 .time_critical.sync_ep_buffer
                0x0000000020000b0c       0xb4 CMakeFiles/test.dir/home/kyara/pico-sdk/lib/tinyusb/src/portable/raspberrypi/rp2040/rp2040_usb.c.o
 .time_critical._hw_endpoint_xfer_sync
                0x0000000020000bc0       0x28 CMakeFiles/test.dir/home/kyara/pico-sdk/lib/tinyusb/src/portable/raspberrypi/rp2040/rp2040_usb.c.o
 .time_critical.e15_is_bulkin_ep
                0x0000000020000be8       0x28 CMakeFiles/test.dir/home/kyara/pico-sdk/lib/tinyusb/src/portable/raspberrypi/rp2040/rp2040_usb.c.o
 .time_critical.e15_is_critical_frame_period
                0x0000000020000c10       0x34 CMakeFiles/test.dir/home/kyara/pico-sdk/lib/tinyusb/src/portable/raspberrypi/rp2040/rp2040_usb.c.o
 .time_critical.hw_endpoint_reset_transfer
                0x0000000020000c44        0xc CMakeFiles/test.dir/home/kyara/pico-sdk/lib/tinyusb/src/portable/raspberrypi/rp2040/rp2040_usb.c.o
                0x0000000020000c44                hw_endpoint_reset_transfer
 .time_critical._hw_endpoint_buffer_control_update32
                0x0000000020000c50       0x50 CMakeFiles/test.dir/home/kyara/pico-sdk/lib/tinyusb/src/portable/raspberrypi/rp2040/rp2040_usb.c.o
                0x0000000020000c50                _hw_endpoint_buffer_control_update32
 .time_critical.hw_endpoint_start_next_buffer
                0x0000000020000ca0       0x6c CMakeFiles/test.dir/home/kyara/pico-sdk/lib/tinyusb/src/portable/raspberrypi/rp2040/rp2040_usb.c.o
                0x0000000020000ca0                hw_endpoint_start_next_buffer
 .time_critical.hw_endpoint_xfer_continue
                0x0000000020000d0c       0x40 CMakeFiles/test.dir/home/kyara/pico-sdk/lib/tinyusb/src/portable/raspberrypi/rp2040/rp2040_usb.c.o
                0x0000000020000d0c                hw_endpoint_xfer_continue
 .time_critical.tinyusb
                0x0000000020000d4c      0x1f0 CMakeFiles/test.dir/home/kyara/pico-sdk/lib/tinyusb/src/device/usbd.c.o
                0x0000000020000d4c                dcd_event_handler
 *(.text*)
 .text          0x0000000020000f3c        0x4 /usr/lib/gcc/arm-none-eabi/10.3.1/thumb/v6-m/nofp/libgcc.a(_dvmd_tls.o)
                0x0000000020000f3c                __aeabi_ldiv0
                0x0000000020000f3c                __aeabi_idiv0
 .text.__stub   0x0000000020000f40       0x80 linker stubs
                0x0000000020000fc0                . = ALIGN (0x4)
 *(.rodata*)
                0x0000000020000fc0                . = ALIGN (0x4)
 *(.data*)
 .data.striped_spin_lock_num
                0x0000000020000fc0        0x1 CMakeFiles/test.dir/home/kyara/pico-sdk/src/rp2_common/hardware_sync/sync.c.o
 *fill*         0x0000000020000fc1        0x3 
 .data          0x0000000020000fc4       0x48 CMakeFiles/test.dir/home/kyara/pico-sdk/src/rp2_common/hardware_irq/irq_handler_chain.S.o
                0x0000000020000fc4                irq_handler_chain_slots
                0x0000000020000ff4                irq_handler_chain_first_slot
                0x0000000020000ffe                irq_handler_chain_remove_tail
 .data.default_alarm_pool
                0x000000002000100c       0x18 CMakeFiles/test.dir/home/kyara/pico-sdk/src/common/pico_time/time.c.o
 *fill*         0x0000000020001024        0xc 
 .data.aeabi_bits_funcs
                0x0000000020001030       0x10 CMakeFiles/test.dir/home/kyara/pico-sdk/src/rp2_common/pico_bit_ops/bit_ops_aeabi.S.o
                0x0000000020001030                aeabi_bits_funcs
                0x0000000020001040                aeabi_bits_funcs_end
 .data.aeabi_mem_funcs
                0x0000000020001040       0x10 CMakeFiles/test.dir/home/kyara/pico-sdk/src/rp2_common/pico_mem_ops/mem_ops_aeabi.S.o
                0x0000000020001040                aeabi_mem_funcs
                0x0000000020001050                aeabi_mem_funcs_end
 .data.stdio_usb
                0x0000000020001050       0x18 CMakeFiles/test.dir/home/kyara/pico-sdk/src/rp2_common/pico_stdio_usb/stdio_usb.c.o
                0x0000000020001050                stdio_usb
 .data._usbd_qdef
                0x0000000020001068       0x1c CMakeFiles/test.dir/home/kyara/pico-sdk/lib/tinyusb/src/device/usbd.c.o
                0x0000000020001068                _usbd_qdef
 .data._usbd_rhport
                0x0000000020001084        0x1 CMakeFiles/test.dir/home/kyara/pico-sdk/lib/tinyusb/src/device/usbd.c.o
                0x0000000020001088                . = ALIGN (0x4)
 *fill*         0x0000000020001085        0x3 
 *(.after_data.*)
                0x0000000020001088                . = ALIGN (0x4)
                0x0000000020001088                PROVIDE (__mutex_array_start = .)
 *(SORT_BY_NAME(.mutex_array.*))
 *(.mutex_array)
 .mutex_array   0x0000000020001088        0x8 CMakeFiles/test.dir/home/kyara/pico-sdk/src/rp2_common/pico_stdio/stdio.c.o
                0x0000000020001090                PROVIDE (__mutex_array_end = .)
                0x0000000020001090                . = ALIGN (0x4)
 *(.jcr)
                0x0000000020001090                . = ALIGN (0x4)

.tm_clone_table
                0x0000000020001090        0x0 load address 0x000000001000684c
 .tm_clone_table
                0x0000000020001090        0x0 /usr/lib/gcc/arm-none-eabi/10.3.1/thumb/v6-m/nofp/crtbegin.o
 .tm_clone_table
                0x0000000020001090        0x0 /usr/lib/gcc/arm-none-eabi/10.3.1/thumb/v6-m/nofp/crtend.o

.igot.plt       0x0000000020001090        0x0 load address 0x000000001000684c
 .igot.plt      0x0000000020001090        0x0 /usr/lib/gcc/arm-none-eabi/10.3.1/thumb/v6-m/nofp/crtbegin.o

.tdata          0x0000000020001090        0x0 load address 0x000000001000684c
                0x0000000020001090                . = ALIGN (0x4)
 *(.tdata .tdata.* .gnu.linkonce.td.*)
                0x0000000020001090                __tdata_end = .
                0x0000000020001090                PROVIDE (__data_end__ = .)
                0x000000001000587c                __etext = LOADADDR (.data)

.tbss           0x0000000020001090        0x0 load address 0x000000001000684c
                0x0000000020001090                . = ALIGN (0x4)
                0x0000000020001090                __bss_start__ = .
                0x0000000020001090                __tls_base = .
 *(.tbss .tbss.* .gnu.linkonce.tb.*)
 *(.tcommon)
                0x0000000020001090                __tls_end = .

.bss            0x0000000020001090      0xf84 load address 0x000000001000684c
                0x0000000020001090                . = ALIGN (0x4)
                0x0000000020001090                __tbss_end = .
 *(SORT_BY_ALIGNMENT(SORT_BY_NAME(.bss*)))
 .bss.default_alarm_pool_entries
                0x0000000020001090      0x180 CMakeFiles/test.dir/home/kyara/pico-sdk/src/common/pico_time/time.c.o
 .bss.last_avail_time.1
                0x0000000020001210        0x8 CMakeFiles/test.dir/home/kyara/pico-sdk/src/rp2_common/pico_stdio_usb/stdio_usb.c.o
 .bss.sd_table  0x0000000020001218      0x100 CMakeFiles/test.dir/home/kyara/pico-sdk/src/rp2_common/pico_double/double_init_rom_rp2040.c.o
                0x0000000020001218                sd_table
 .bss           0x0000000020001318       0x1c /usr/lib/gcc/arm-none-eabi/10.3.1/thumb/v6-m/nofp/crtbegin.o
 .bss.Unity     0x0000000020001334       0x84 CMakeFiles/test.dir/include/Unity/unity.c.o
                0x0000000020001334                Unity
 .bss._app_driver
                0x00000000200013b8        0x4 CMakeFiles/test.dir/home/kyara/pico-sdk/lib/tinyusb/src/device/usbd.c.o
 .bss._cdcd_epbuf
                0x00000000200013bc       0x80 CMakeFiles/test.dir/home/kyara/pico-sdk/lib/tinyusb/src/class/cdc/cdc_device.c.o
 .bss._cdcd_fifo_cfg
                0x000000002000143c        0x1 CMakeFiles/test.dir/home/kyara/pico-sdk/lib/tinyusb/src/class/cdc/cdc_device.c.o
 *fill*         0x000000002000143d        0x3 
 .bss._cdcd_itf
                0x0000000020001440       0xc8 CMakeFiles/test.dir/home/kyara/pico-sdk/lib/tinyusb/src/class/cdc/cdc_device.c.o
 .bss._ctrl_epbuf
                0x0000000020001508       0x40 CMakeFiles/test.dir/home/kyara/pico-sdk/lib/tinyusb/src/device/usbd_control.c.o
 .bss._ctrl_xfer
                0x0000000020001548       0x14 CMakeFiles/test.dir/home/kyara/pico-sdk/lib/tinyusb/src/device/usbd_control.c.o
 .bss._tusb_rhport_role
                0x000000002000155c        0x2 CMakeFiles/test.dir/home/kyara/pico-sdk/lib/tinyusb/src/tusb.c.o
                0x000000002000155c                _tusb_rhport_role
 *fill*         0x000000002000155e        0x2 
 .bss._ubsd_mutexdef
                0x0000000020001560        0x8 CMakeFiles/test.dir/home/kyara/pico-sdk/lib/tinyusb/src/device/usbd.c.o
 .bss._usbd_dev
                0x0000000020001568       0x54 CMakeFiles/test.dir/home/kyara/pico-sdk/lib/tinyusb/src/device/usbd.c.o
 .bss._usbd_mutex
                0x00000000200015bc        0x4 CMakeFiles/test.dir/home/kyara/pico-sdk/lib/tinyusb/src/device/usbd.c.o
 .bss._usbd_q   0x00000000200015c0        0x4 CMakeFiles/test.dir/home/kyara/pico-sdk/lib/tinyusb/src/device/usbd.c.o
 .bss._usbd_qdef_buf
                0x00000000200015c4       0xc0 CMakeFiles/test.dir/home/kyara/pico-sdk/lib/tinyusb/src/device/usbd.c.o
                0x00000000200015c4                _usbd_qdef_buf
 .bss._vendord_epbuf
                0x0000000020001684       0x80 CMakeFiles/test.dir/home/kyara/pico-sdk/lib/tinyusb/src/class/vendor/vendor_device.c.o
 .bss._vendord_itf
                0x0000000020001704      0x24c CMakeFiles/test.dir/home/kyara/pico-sdk/lib/tinyusb/src/class/vendor/vendor_device.c.o
 .bss.boot2_copyout
                0x0000000020001950      0x100 CMakeFiles/test.dir/home/kyara/pico-sdk/src/rp2_common/hardware_flash/flash.c.o
 .bss.chars_available_callback
                0x0000000020001a50        0x4 CMakeFiles/test.dir/home/kyara/pico-sdk/src/rp2_common/pico_stdio_usb/stdio_usb.c.o
 .bss.chars_available_param
                0x0000000020001a54        0x4 CMakeFiles/test.dir/home/kyara/pico-sdk/src/rp2_common/pico_stdio_usb/stdio_usb.c.o
 .bss.claimed   0x0000000020001a58        0x4 CMakeFiles/test.dir/home/kyara/pico-sdk/src/rp2_common/hardware_sync/sync.c.o
 .bss.claimed   0x0000000020001a5c        0x1 CMakeFiles/test.dir/home/kyara/pico-sdk/src/rp2_common/hardware_timer/timer.c.o
 *fill*         0x0000000020001a5d        0x3 
 .bss.configured_freq
                0x0000000020001a60       0x28 CMakeFiles/test.dir/home/kyara/pico-sdk/src/rp2_common/hardware_clocks/clocks.c.o
 .bss.desc_str.0
                0x0000000020001a88       0x28 CMakeFiles/test.dir/home/kyara/pico-sdk/src/rp2_common/pico_stdio_usb/stdio_usb_descriptors.c.o
 .bss.drivers   0x0000000020001ab0        0x4 CMakeFiles/test.dir/home/kyara/pico-sdk/src/rp2_common/pico_stdio/stdio.c.o
 .bss.e15_last_sof
                0x0000000020001ab4        0x4 CMakeFiles/test.dir/home/kyara/pico-sdk/lib/tinyusb/src/portable/raspberrypi/rp2040/rp2040_usb.c.o
                0x0000000020001ab4                e15_last_sof
 .bss.filter    0x0000000020001ab8        0x4 CMakeFiles/test.dir/home/kyara/pico-sdk/src/rp2_common/pico_stdio/stdio.c.o
 .bss.hw_endpoints
                0x0000000020001abc      0x400 CMakeFiles/test.dir/home/kyara/pico-sdk/lib/tinyusb/src/portable/raspberrypi/rp2040/dcd_rp2040.c.o
 .bss.lazy_vsnprintf
                0x0000000020001ebc        0x4 CMakeFiles/test.dir/home/kyara/pico-sdk/src/rp2_common/pico_printf/printf.c.o
 .bss.load_value
                0x0000000020001ec0        0x4 CMakeFiles/test.dir/home/kyara/pico-sdk/src/rp2_common/hardware_watchdog/watchdog.c.o
 .bss.next_buffer_ptr
                0x0000000020001ec4        0x4 CMakeFiles/test.dir/home/kyara/pico-sdk/lib/tinyusb/src/portable/raspberrypi/rp2040/dcd_rp2040.c.o
 .bss.one_shot_timer_crit_sec
                0x0000000020001ec8        0x8 CMakeFiles/test.dir/home/kyara/pico-sdk/src/rp2_common/pico_stdio_usb/stdio_usb.c.o
 .bss.pools     0x0000000020001ed0       0x10 CMakeFiles/test.dir/home/kyara/pico-sdk/src/common/pico_time/time.c.o
 .bss.retrieved_id
                0x0000000020001ee0        0x8 CMakeFiles/test.dir/home/kyara/pico-sdk/src/rp2_common/pico_unique_id/unique_id.c.o
 .bss.sf_clz_func
                0x0000000020001ee8        0x4 CMakeFiles/test.dir/home/kyara/pico-sdk/src/rp2_common/pico_double/double_init_rom_rp2040.c.o
                0x0000000020001ee8                sf_clz_func
 .bss.sf_table  0x0000000020001eec      0x100 CMakeFiles/test.dir/home/kyara/pico-sdk/src/rp2_common/pico_float/float_init_rom_rp2040.c.o
                0x0000000020001eec                sf_table
 .bss.sleep_notifier
                0x0000000020001fec        0x4 CMakeFiles/test.dir/home/kyara/pico-sdk/src/common/pico_time/time.c.o
 .bss.stdio_usb_mutex
                0x0000000020001ff0        0x8 CMakeFiles/test.dir/home/kyara/pico-sdk/src/rp2_common/pico_stdio_usb/stdio_usb.c.o
 .bss.usbd_serial_str
                0x0000000020001ff8       0x11 CMakeFiles/test.dir/home/kyara/pico-sdk/src/rp2_common/pico_stdio_usb/stdio_usb_descriptors.c.o
 .bss._app_driver_count
                0x0000000020002009        0x1 CMakeFiles/test.dir/home/kyara/pico-sdk/lib/tinyusb/src/device/usbd.c.o
 .bss._sof_enable
                0x000000002000200a        0x1 CMakeFiles/test.dir/home/kyara/pico-sdk/lib/tinyusb/src/portable/raspberrypi/rp2040/dcd_rp2040.c.o
 .bss._usbd_queued_setup
                0x000000002000200b        0x1 CMakeFiles/test.dir/home/kyara/pico-sdk/lib/tinyusb/src/device/usbd.c.o
 .bss.boot2_copyout_valid
                0x000000002000200c        0x1 CMakeFiles/test.dir/home/kyara/pico-sdk/src/rp2_common/hardware_flash/flash.c.o
 .bss.irq_handler_chain_free_slot_head
                0x000000002000200d        0x1 CMakeFiles/test.dir/home/kyara/pico-sdk/src/rp2_common/hardware_irq/irq.c.o
 .bss.itf_num   0x000000002000200e        0x1 CMakeFiles/test.dir/home/kyara/pico-sdk/src/rp2_common/pico_stdio_usb/reset_interface.c.o
 .bss.low_priority_irq_num
                0x000000002000200f        0x1 CMakeFiles/test.dir/home/kyara/pico-sdk/src/rp2_common/pico_stdio_usb/stdio_usb.c.o
 .bss.one_shot_timer_pending
                0x0000000020002010        0x1 CMakeFiles/test.dir/home/kyara/pico-sdk/src/rp2_common/pico_stdio_usb/stdio_usb.c.o
 .bss.user_irq_claimed
                0x0000000020002011        0x1 CMakeFiles/test.dir/home/kyara/pico-sdk/src/rp2_common/hardware_irq/irq.c.o
 *(COMMON)
                0x0000000020002014                . = ALIGN (0x4)
 *fill*         0x0000000020002012        0x2 
                0x0000000020002014                __bss_end__ = .

.heap           0x0000000020002014      0x800 load address 0x000000001000684c
                0x0000000020002014                __end__ = .
                0x0000000020002014                end = __end__
 *(.heap*)
 .heap          0x0000000020002014      0x800 CMakeFiles/test.dir/home/kyara/pico-sdk/src/rp2_common/pico_crt0/crt0.S.o
                0x0000000020040000                __HeapLimit = (ORIGIN (RAM) + LENGTH (RAM))

.scratch_x      0x0000000020040000        0x0 load address 0x000000001000684c
                0x0000000020040000                __scratch_x_start__ = .
 *(.scratch_x.*)
                0x0000000020040000                . = ALIGN (0x4)
                0x0000000020040000                __scratch_x_end__ = .
                0x000000001000684c                __scratch_x_source__ = LOADADDR (.scratch_x)

.scratch_y      0x0000000020041000        0x0 load address 0x000000001000684c
                0x0000000020041000                __scratch_y_start__ = .
 *(.scratch_y.*)
                0x0000000020041000                . = ALIGN (0x4)
                0x0000000020041000                __scratch_y_end__ = .
                0x000000001000684c                __scratch_y_source__ = LOADADDR (.scratch_y)

.stack1_dummy   0x0000000020040000        0x0
 *(.stack1*)

.stack_dummy    0x0000000020041000      0x800
 *(.stack*)
 .stack         0x0000000020041000      0x800 CMakeFiles/test.dir/home/kyara/pico-sdk/src/rp2_common/pico_crt0/crt0.S.o

.flash_end      0x000000001000684c        0x0
 *(.embedded_end_block*)
                0x000000001000684c                PROVIDE (__flash_binary_end = .)
                0x0000000020040000                __StackLimit = (ORIGIN (RAM) + LENGTH (RAM))
                0x0000000020041000                __StackOneTop = (ORIGIN (SCRATCH_X) + LENGTH (SCRATCH_X))
                0x0000000020042000                __StackTop = (ORIGIN (SCRATCH_Y) + LENGTH (SCRATCH_Y))
                0x0000000020041000                __StackOneBottom = (__StackOneTop - SIZEOF (.stack1_dummy))
                0x0000000020041800                __StackBottom = (__StackTop - SIZEOF (.stack_dummy))
                0x0000000020042000                PROVIDE (__stack = __StackTop)
                [!provide]                        PROVIDE (__heap_start = __end__)
                [!provide]                        PROVIDE (__heap_end = __HeapLimit)
                [!provide]                        PROVIDE (__tls_align = MAX (ALIGNOF (.tdata), ALIGNOF (.tbss)))
                [!provide]                        PROVIDE (__tls_size_align = (((__tls_size + __tls_align) - 0x1) & ~ ((__tls_align - 0x1))))
                [!provide]                        PROVIDE (__arm32_tls_tcb_offset = MAX (0x8, __tls_align))
                [!provide]                        PROVIDE (_end = __end__)
                [!provide]                        PROVIDE (__llvm_libc_heap_limit = __HeapLimit)
                0x0000000000000001                ASSERT ((__StackLimit >= __HeapLimit), region RAM overflowed)
                0x0000000000000001                ASSERT (((__binary_info_header_end - __logical_binary_start) <= 0x100), Binary info must be in first 256 bytes of the binary)
LOAD CMakeFiles/test.dir/test/test.c.o
LOAD CMakeFiles/test.dir/include/Unity/unity.c.o
LOAD CMakeFiles/test.dir/hal/temperature.c.o
LOAD CMakeFiles/test.dir/home/kyara/pico-sdk/src/rp2_common/pico_stdlib/stdlib.c.o
LOAD CMakeFiles/test.dir/home/kyara/pico-sdk/src/rp2_common/hardware_gpio/gpio.c.o
LOAD CMakeFiles/test.dir/home/kyara/pico-sdk/src/rp2040/pico_platform/platform.c.o
LOAD CMakeFiles/test.dir/home/kyara/pico-sdk/src/rp2_common/pico_platform_panic/panic.c.o
LOAD CMakeFiles/test.dir/home/kyara/pico-sdk/src/common/hardware_claim/claim.c.o
LOAD CMakeFiles/test.dir/home/kyara/pico-sdk/src/rp2_common/hardware_sync/sync.c.o
LOAD CMakeFiles/test.dir/home/kyara/pico-sdk/src/rp2_common/hardware_sync_spin_lock/sync_spin_lock.c.o
LOAD CMakeFiles/test.dir/home/kyara/pico-sdk/src/rp2_common/hardware_irq/irq.c.o
LOAD CMakeFiles/test.dir/home/kyara/pico-sdk/src/rp2_common/hardware_irq/irq_handler_chain.S.o
LOAD CMakeFiles/test.dir/home/kyara/pico-sdk/src/common/pico_sync/sem.c.o
LOAD CMakeFiles/test.dir/home/kyara/pico-sdk/src/common/pico_sync/lock_core.c.o
LOAD CMakeFiles/test.dir/home/kyara/pico-sdk/src/common/pico_sync/mutex.c.o
LOAD CMakeFiles/test.dir/home/kyara/pico-sdk/src/common/pico_sync/critical_section.c.o
LOAD CMakeFiles/test.dir/home/kyara/pico-sdk/src/common/pico_time/time.c.o
LOAD CMakeFiles/test.dir/home/kyara/pico-sdk/src/common/pico_time/timeout_helper.c.o
LOAD CMakeFiles/test.dir/home/kyara/pico-sdk/src/rp2_common/hardware_timer/timer.c.o
LOAD CMakeFiles/test.dir/home/kyara/pico-sdk/src/common/pico_util/datetime.c.o
LOAD CMakeFiles/test.dir/home/kyara/pico-sdk/src/common/pico_util/pheap.c.o
LOAD CMakeFiles/test.dir/home/kyara/pico-sdk/src/common/pico_util/queue.c.o
LOAD CMakeFiles/test.dir/home/kyara/pico-sdk/src/rp2_common/hardware_uart/uart.c.o
LOAD CMakeFiles/test.dir/home/kyara/pico-sdk/src/rp2_common/hardware_clocks/clocks.c.o
LOAD CMakeFiles/test.dir/home/kyara/pico-sdk/src/rp2_common/hardware_pll/pll.c.o
LOAD CMakeFiles/test.dir/home/kyara/pico-sdk/src/rp2_common/hardware_vreg/vreg.c.o
LOAD CMakeFiles/test.dir/home/kyara/pico-sdk/src/rp2_common/hardware_watchdog/watchdog.c.o
LOAD CMakeFiles/test.dir/home/kyara/pico-sdk/src/rp2_common/hardware_ticks/ticks.c.o
LOAD CMakeFiles/test.dir/home/kyara/pico-sdk/src/rp2_common/pico_bootrom/bootrom.c.o
LOAD CMakeFiles/test.dir/home/kyara/pico-sdk/src/rp2_common/pico_bootrom/bootrom_lock.c.o
LOAD CMakeFiles/test.dir/home/kyara/pico-sdk/src/rp2_common/hardware_boot_lock/boot_lock.c.o
LOAD CMakeFiles/test.dir/home/kyara/pico-sdk/src/rp2_common/pico_flash/flash.c.o
LOAD CMakeFiles/test.dir/home/kyara/pico-sdk/src/rp2_common/hardware_xosc/xosc.c.o
LOAD CMakeFiles/test.dir/home/kyara/pico-sdk/src/rp2_common/hardware_divider/divider.S.o
LOAD CMakeFiles/test.dir/home/kyara/pico-sdk/src/rp2_common/pico_runtime/runtime.c.o
LOAD CMakeFiles/test.dir/home/kyara/pico-sdk/src/rp2_common/pico_runtime_init/runtime_init.c.o
LOAD CMakeFiles/test.dir/home/kyara/pico-sdk/src/rp2_common/pico_runtime_init/runtime_init_clocks.c.o
LOAD CMakeFiles/test.dir/home/kyara/pico-sdk/src/rp2_common/pico_runtime_init/runtime_init_stack_guard.c.o
LOAD CMakeFiles/test.dir/home/kyara/pico-sdk/src/rp2_common/pico_bit_ops/bit_ops_aeabi.S.o
LOAD CMakeFiles/test.dir/home/kyara/pico-sdk/src/rp2_common/pico_divider/divider_hardware.S.o
LOAD CMakeFiles/test.dir/home/kyara/pico-sdk/src/rp2_common/pico_double/double_aeabi_rp2040.S.o
LOAD CMakeFiles/test.dir/home/kyara/pico-sdk/src/rp2_common/pico_double/double_init_rom_rp2040.c.o
LOAD CMakeFiles/test.dir/home/kyara/pico-sdk/src/rp2_common/pico_double/double_math.c.o
LOAD CMakeFiles/test.dir/home/kyara/pico-sdk/src/rp2_common/pico_double/double_v1_rom_shim_rp2040.S.o
LOAD CMakeFiles/test.dir/home/kyara/pico-sdk/src/rp2_common/pico_int64_ops/pico_int64_ops_aeabi.S.o
LOAD CMakeFiles/test.dir/home/kyara/pico-sdk/src/rp2_common/pico_float/float_aeabi_rp2040.S.o
LOAD CMakeFiles/test.dir/home/kyara/pico-sdk/src/rp2_common/pico_float/float_init_rom_rp2040.c.o
LOAD CMakeFiles/test.dir/home/kyara/pico-sdk/src/rp2_common/pico_float/float_math.c.o
LOAD CMakeFiles/test.dir/home/kyara/pico-sdk/src/rp2_common/pico_float/float_v1_rom_shim_rp2040.S.o
LOAD CMakeFiles/test.dir/home/kyara/pico-sdk/src/rp2_common/pico_malloc/malloc.c.o
LOAD CMakeFiles/test.dir/home/kyara/pico-sdk/src/rp2_common/pico_mem_ops/mem_ops_aeabi.S.o
LOAD CMakeFiles/test.dir/home/kyara/pico-sdk/src/rp2_common/pico_atomic/atomic.c.o
LOAD CMakeFiles/test.dir/home/kyara/pico-sdk/src/rp2_common/pico_cxx_options/new_delete.cpp.o
LOAD CMakeFiles/test.dir/home/kyara/pico-sdk/src/rp2_common/pico_standard_binary_info/standard_binary_info.c.o
LOAD CMakeFiles/test.dir/home/kyara/pico-sdk/src/rp2_common/pico_printf/printf.c.o
LOAD CMakeFiles/test.dir/home/kyara/pico-sdk/src/rp2_common/pico_crt0/crt0.S.o
LOAD CMakeFiles/test.dir/home/kyara/pico-sdk/src/rp2_common/pico_clib_interface/newlib_interface.c.o
LOAD CMakeFiles/test.dir/home/kyara/pico-sdk/src/rp2_common/pico_stdio/stdio.c.o
LOAD CMakeFiles/test.dir/home/kyara/pico-sdk/src/rp2_common/pico_stdio_usb/reset_interface.c.o
LOAD CMakeFiles/test.dir/home/kyara/pico-sdk/src/rp2_common/pico_stdio_usb/stdio_usb.c.o
LOAD CMakeFiles/test.dir/home/kyara/pico-sdk/src/rp2_common/pico_stdio_usb/stdio_usb_descriptors.c.o
LOAD CMakeFiles/test.dir/home/kyara/pico-sdk/src/rp2_common/pico_unique_id/unique_id.c.o
LOAD CMakeFiles/test.dir/home/kyara/pico-sdk/src/rp2_common/hardware_flash/flash.c.o
LOAD CMakeFiles/test.dir/home/kyara/pico-sdk/src/rp2_common/hardware_xip_cache/xip_cache.c.o
LOAD CMakeFiles/test.dir/home/kyara/pico-sdk/lib/tinyusb/src/portable/raspberrypi/rp2040/dcd_rp2040.c.o
LOAD CMakeFiles/test.dir/home/kyara/pico-sdk/lib/tinyusb/src/portable/raspberrypi/rp2040/rp2040_usb.c.o
LOAD CMakeFiles/test.dir/home/kyara/pico-sdk/lib/tinyusb/src/device/usbd.c.o
LOAD CMakeFiles/test.dir/home/kyara/pico-sdk/lib/tinyusb/src/device/usbd_control.c.o
LOAD CMakeFiles/test.dir/home/kyara/pico-sdk/lib/tinyusb/src/class/audio/audio_device.c.o
LOAD CMakeFiles/test.dir/home/kyara/pico-sdk/lib/tinyusb/src/class/cdc/cdc_device.c.o
LOAD CMakeFiles/test.dir/home/kyara/pico-sdk/lib/tinyusb/src/class/dfu/dfu_device.c.o
LOAD CMakeFiles/test.dir/home/kyara/pico-sdk/lib/tinyusb/src/class/dfu/dfu_rt_device.c.o
LOAD CMakeFiles/test.dir/home/kyara/pico-sdk/lib/tinyusb/src/class/hid/hid_device.c.o
LOAD CMakeFiles/test.dir/home/kyara/pico-sdk/lib/tinyusb/src/class/midi/midi_device.c.o
LOAD CMakeFiles/test.dir/home/kyara/pico-sdk/lib/tinyusb/src/class/msc/msc_device.c.o
LOAD CMakeFiles/test.dir/home/kyara/pico-sdk/lib/tinyusb/src/class/net/ecm_rndis_device.c.o
LOAD CMakeFiles/test.dir/home/kyara/pico-sdk/lib/tinyusb/src/class/net/ncm_device.c.o
LOAD CMakeFiles/test.dir/home/kyara/pico-sdk/lib/tinyusb/src/class/usbtmc/usbtmc_device.c.o
LOAD CMakeFiles/test.dir/home/kyara/pico-sdk/lib/tinyusb/src/class/vendor/vendor_device.c.o
LOAD CMakeFiles/test.dir/home/kyara/pico-sdk/lib/tinyusb/src/class/video/video_device.c.o
LOAD CMakeFiles/test.dir/home/kyara/pico-sdk/lib/tinyusb/src/tusb.c.o
LOAD CMakeFiles/test.dir/home/kyara/pico-sdk/lib/tinyusb/src/common/tusb_fifo.c.o
LOAD CMakeFiles/test.dir/home/kyara/pico-sdk/src/rp2_common/pico_fix/rp2040_usb_device_enumeration/rp2040_usb_device_enumeration.c.o
LOAD CMakeFiles/test.dir/home/kyara/pico-sdk/src/rp2_common/pico_cyw43_arch/cyw43_arch.c.o
LOAD CMakeFiles/test.dir/home/kyara/pico-sdk/src/rp2_common/pico_cyw43_arch/cyw43_arch_poll.c.o
LOAD CMakeFiles/test.dir/home/kyara/pico-sdk/src/rp2_common/pico_cyw43_arch/cyw43_arch_threadsafe_background.c.o
LOAD CMakeFiles/test.dir/home/kyara/pico-sdk/src/rp2_common/pico_cyw43_arch/cyw43_arch_freertos.c.o
LOAD CMakeFiles/test.dir/home/kyara/pico-sdk/src/rp2_common/pico_cyw43_driver/cyw43_bus_pio_spi.c.o
LOAD CMakeFiles/test.dir/home/kyara/pico-sdk/lib/cyw43-driver/src/cyw43_ll.c.o
LOAD CMakeFiles/test.dir/home/kyara/pico-sdk/lib/cyw43-driver/src/cyw43_stats.c.o
LOAD CMakeFiles/test.dir/home/kyara/pico-sdk/lib/cyw43-driver/src/cyw43_lwip.c.o
LOAD CMakeFiles/test.dir/home/kyara/pico-sdk/lib/cyw43-driver/src/cyw43_ctrl.c.o
LOAD CMakeFiles/test.dir/home/kyara/pico-sdk/src/rp2_common/pico_cyw43_driver/cybt_shared_bus/cybt_shared_bus.c.o
LOAD CMakeFiles/test.dir/home/kyara/pico-sdk/src/rp2_common/pico_cyw43_driver/cybt_shared_bus/cybt_shared_bus_driver.c.o