Archive member included to satisfy reference by file (symbol)

/usr/lib/gcc/arm-none-eabi/10.3.1/thumb/v6-m/nofp/libgcc.a(_dvmd_tls.o)
                              CMakeFiles/main.dir/home/kyara/pico-sdk/src/rp2_common/pico_divider/divider_hardware.S.o (__aeabi_idiv0)
/usr/lib/gcc/arm-none-eabi/10.3.1/../../../arm-none-eabi/lib/thumb/v6-m/nofp/libg.a(lib_a-atexit.o)
                              /usr/lib/gcc/arm-none-eabi/10.3.1/../../../arm-none-eabi/lib/thumb/v6-m/nofp/crt0.o (atexit)
/usr/lib/gcc/arm-none-eabi/10.3.1/../../../arm-none-eabi/lib/thumb/v6-m/nofp/libg.a(lib_a-calloc.o)
                              CMakeFiles/main.dir/home/kyara/pico-sdk/src/rp2_common/pico_malloc/malloc.c.o (calloc)
/usr/lib/gcc/arm-none-eabi/10.3.1/../../../arm-none-eabi/lib/thumb/v6-m/nofp/libg.a(lib_a-callocr.o)
                              /usr/lib/gcc/arm-none-eabi/10.3.1/../../../arm-none-eabi/lib/thumb/v6-m/nofp/libg.a(lib_a-calloc.o) (_calloc_r)
/usr/lib/gcc/arm-none-eabi/10.3.1/../../../arm-none-eabi/lib/thumb/v6-m/nofp/libg.a(lib_a-ctype_.o)
                              CMakeFiles/main.dir/inc/ssd1306_i2c.c.o (_ctype_)
/usr/lib/gcc/arm-none-eabi/10.3.1/../../../arm-none-eabi/lib/thumb/v6-m/nofp/libg.a(lib_a-fini.o)
                              /usr/lib/gcc/arm-none-eabi/10.3.1/../../../arm-none-eabi/lib/thumb/v6-m/nofp/crt0.o (__libc_fini_array)
/usr/lib/gcc/arm-none-eabi/10.3.1/../../../arm-none-eabi/lib/thumb/v6-m/nofp/libg.a(lib_a-impure.o)
                              /usr/lib/gcc/arm-none-eabi/10.3.1/../../../arm-none-eabi/lib/thumb/v6-m/nofp/libg.a(lib_a-calloc.o) (_impure_ptr)
/usr/lib/gcc/arm-none-eabi/10.3.1/../../../arm-none-eabi/lib/thumb/v6-m/nofp/libg.a(lib_a-init.o)
                              /usr/lib/gcc/arm-none-eabi/10.3.1/../../../arm-none-eabi/lib/thumb/v6-m/nofp/crt0.o (__libc_init_array)
/usr/lib/gcc/arm-none-eabi/10.3.1/../../../arm-none-eabi/lib/thumb/v6-m/nofp/libg.a(lib_a-lcltime_r.o)
                              CMakeFiles/main.dir/home/kyara/pico-sdk/src/common/pico_util/datetime.c.o (localtime_r)
/usr/lib/gcc/arm-none-eabi/10.3.1/../../../arm-none-eabi/lib/thumb/v6-m/nofp/libg.a(lib_a-malloc.o)
                              CMakeFiles/main.dir/home/kyara/pico-sdk/src/rp2_common/pico_malloc/malloc.c.o (malloc)
/usr/lib/gcc/arm-none-eabi/10.3.1/../../../arm-none-eabi/lib/thumb/v6-m/nofp/libg.a(lib_a-mallocr.o)
                              /usr/lib/gcc/arm-none-eabi/10.3.1/../../../arm-none-eabi/lib/thumb/v6-m/nofp/libg.a(lib_a-callocr.o) (_malloc_r)
/usr/lib/gcc/arm-none-eabi/10.3.1/../../../arm-none-eabi/lib/thumb/v6-m/nofp/libg.a(lib_a-memcmp.o)
                              CMakeFiles/main.dir/home/kyara/pico-sdk/src/rp2_common/pico_atomic/atomic.c.o (memcmp)
/usr/lib/gcc/arm-none-eabi/10.3.1/../../../arm-none-eabi/lib/thumb/v6-m/nofp/libg.a(lib_a-mktime.o)
                              CMakeFiles/main.dir/home/kyara/pico-sdk/src/common/pico_util/datetime.c.o (mktime)
/usr/lib/gcc/arm-none-eabi/10.3.1/../../../arm-none-eabi/lib/thumb/v6-m/nofp/libg.a(lib_a-mlock.o)
                              /usr/lib/gcc/arm-none-eabi/10.3.1/../../../arm-none-eabi/lib/thumb/v6-m/nofp/libg.a(lib_a-mallocr.o) (__malloc_lock)
/usr/lib/gcc/arm-none-eabi/10.3.1/../../../arm-none-eabi/lib/thumb/v6-m/nofp/libg.a(lib_a-month_lengths.o)
                              /usr/lib/gcc/arm-none-eabi/10.3.1/../../../arm-none-eabi/lib/thumb/v6-m/nofp/libg.a(lib_a-lcltime_r.o) (__month_lengths)
/usr/lib/gcc/arm-none-eabi/10.3.1/../../../arm-none-eabi/lib/thumb/v6-m/nofp/libg.a(lib_a-realloc.o)
                              CMakeFiles/main.dir/home/kyara/pico-sdk/src/rp2_common/pico_malloc/malloc.c.o (realloc)
/usr/lib/gcc/arm-none-eabi/10.3.1/../../../arm-none-eabi/lib/thumb/v6-m/nofp/libg.a(lib_a-reallocr.o)
                              /usr/lib/gcc/arm-none-eabi/10.3.1/../../../arm-none-eabi/lib/thumb/v6-m/nofp/libg.a(lib_a-realloc.o) (_realloc_r)
/usr/lib/gcc/arm-none-eabi/10.3.1/../../../arm-none-eabi/lib/thumb/v6-m/nofp/libg.a(lib_a-sbrkr.o)
                              /usr/lib/gcc/arm-none-eabi/10.3.1/../../../arm-none-eabi/lib/thumb/v6-m/nofp/libg.a(lib_a-mallocr.o) (_sbrk_r)
/usr/lib/gcc/arm-none-eabi/10.3.1/../../../arm-none-eabi/lib/thumb/v6-m/nofp/libg.a(lib_a-strlen-stub.o)
                              CMakeFiles/main.dir/home/kyara/pico-sdk/src/rp2_common/pico_stdio/stdio.c.o (strlen)
/usr/lib/gcc/arm-none-eabi/10.3.1/../../../arm-none-eabi/lib/thumb/v6-m/nofp/libg.a(lib_a-tzcalc_limits.o)
                              /usr/lib/gcc/arm-none-eabi/10.3.1/../../../arm-none-eabi/lib/thumb/v6-m/nofp/libg.a(lib_a-lcltime_r.o) (__tzcalc_limits)
/usr/lib/gcc/arm-none-eabi/10.3.1/../../../arm-none-eabi/lib/thumb/v6-m/nofp/libg.a(lib_a-tzlock.o)
                              /usr/lib/gcc/arm-none-eabi/10.3.1/../../../arm-none-eabi/lib/thumb/v6-m/nofp/libg.a(lib_a-lcltime_r.o) (__tz_lock)
/usr/lib/gcc/arm-none-eabi/10.3.1/../../../arm-none-eabi/lib/thumb/v6-m/nofp/libg.a(lib_a-tzset.o)
[...]
Memory Configuration

Name             Origin             Length             Attributes
FLASH            0x0000000010000000 0x0000000000200000 xr
RAM              0x0000000020000000 0x0000000000040000 xrw
SCRATCH_X        0x0000000020040000 0x0000000000001000 xrw
SCRATCH_Y        0x0000000020041000 0x0000000000001000 xrw
*default*        0x0000000000000000 0xffffffffffffffff

Linker script and memory map

LOAD /usr/lib/gcc/arm-none-eabi/10.3.1/thumb/v6-m/nofp/crti.o
LOAD /usr/lib/gcc/arm-none-eabi/10.3.1/thumb/v6-m/nofp/crtbegin.o
LOAD /usr/lib/gcc/arm-none-eabi/10.3.1/../../../arm-none-eabi/lib/thumb/v6-m/nofp/crt0.o

.flash_begin    0x0000000010000000        0x0
                0x0000000010000000                __flash_binary_start = .

.boot2          0x0000000010000000      0x100
                0x0000000010000000                __boot2_start__ = .
 *(.boot2)
 .boot2         0x0000000010000000      0x100 pico-sdk/src/rp2040/boot_stage2/CMakeFiles/bs2_default_library.dir/bs2_default_padded_checksummed.S.o
                0x0000000010000100                __boot2_end__ = .
                0x0000000000000001                ASSERT (((__boot2_end__ - __boot2_start__) == 0x100), ERROR: Pico second stage bootloader must be 256 bytes in size)

.text           0x0000000010000100     0x747c
                0x0000000010000100                __logical_binary_start = .
 *(.vectors)
 .vectors       0x0000000010000100       0xd4 CMakeFiles/main.dir/home/kyara/pico-sdk/src/rp2_common/pico_crt0/crt0.S.o
                0x0000000010000100                __vectors
                0x0000000010000100                __VECTOR_TABLE
                0x00000000100001c0                isr_invalid
                0x00000000100001c0                __default_isrs_start
                0x00000000100001c2                isr_nmi
                0x00000000100001c4                isr_hardfault
                0x00000000100001c6                isr_svcall
                0x00000000100001c8                isr_pendsv
                0x00000000100001ca                isr_systick
                0x00000000100001cc                isr_irq30
                0x00000000100001cc                __unhandled_user_irq
                0x00000000100001cc                isr_irq13
                0x00000000100001cc                isr_irq27
                0x00000000100001cc                isr_irq31
                0x00000000100001cc                isr_irq5
                0x00000000100001cc                isr_irq11
                0x00000000100001cc                isr_irq23
                0x00000000100001cc                isr_irq18
                0x00000000100001cc                isr_irq28
                0x00000000100001cc                isr_irq19
                0x00000000100001cc                isr_irq0
                0x00000000100001cc                isr_irq6
                0x00000000100001cc                isr_irq22
                0x00000000100001cc                isr_irq17
                0x00000000100001cc                isr_irq14
                0x00000000100001cc                isr_irq2
                0x00000000100001cc                isr_irq10
                0x00000000100001cc                isr_irq8
                0x00000000100001cc                isr_irq24
                0x00000000100001cc                isr_irq1
                0x00000000100001cc                isr_irq7
                0x00000000100001cc                isr_irq21
                0x00000000100001cc                isr_irq20
                0x00000000100001cc                isr_irq15
                0x00000000100001cc                isr_irq25
                0x00000000100001cc                isr_irq4
                0x00000000100001cc                isr_irq16
                0x00000000100001cc                isr_irq29
                0x00000000100001cc                isr_irq26
                0x00000000100001cc                __default_isrs_end
                0x00000000100001cc                isr_irq3
                0x00000000100001cc                isr_irq12
                0x00000000100001cc                isr_irq9
                0x00000000100001d2                unhandled_user_irq_num_in_r0
 *(.binary_info_header)
 .binary_info_header
                0x00000000100001d4       0x14 CMakeFiles/main.dir/home/kyara/pico-sdk/src/rp2_common/pico_crt0/crt0.S.o
                0x00000000100001e8                __binary_info_header_end = .
 *(.embedded_block)
                0x00000000100001e8                __embedded_block_end = .
 *(.reset)
 .reset         0x00000000100001e8       0x9c CMakeFiles/main.dir/home/kyara/pico-sdk/src/rp2_common/pico_crt0/crt0.S.o
                0x00000000100001e8                _entry_point
 *(.init)
 .init          0x0000000010000284        0x4 /usr/lib/gcc/arm-none-eabi/10.3.1/thumb/v6-m/nofp/crti.o
                0x0000000010000284                _init
 *(EXCLUDE_FILE(*libm.a: *libc.a:*lib_a-mem*.o *libgcc.a:) .text*)
 .text          0x0000000010000288       0x98 /usr/lib/gcc/arm-none-eabi/10.3.1/thumb/v6-m/nofp/crtbegin.o
 .text.inicializa_joystick
                0x0000000010000320       0x58 CMakeFiles/main.dir/main.c.o
                0x0000000010000320                inicializa_joystick
 .text.startup.main
                0x0000000010000378      0x130 CMakeFiles/main.dir/main.c.o
                0x0000000010000378                main
 .text.calculate_render_area_buffer_length
                0x00000000100004a8       0x18 CMakeFiles/main.dir/inc/ssd1306_i2c.c.o
                0x00000000100004a8                calculate_render_area_buffer_length
 .text.ssd1306_init
                0x00000000100004c0       0x58 CMakeFiles/main.dir/inc/ssd1306_i2c.c.o
                0x00000000100004c0                ssd1306_init
 .text.render_on_display
                0x0000000010000518       0x9c CMakeFiles/main.dir/inc/ssd1306_i2c.c.o
                0x0000000010000518                render_on_display
 .text.ssd1306_draw_string
                0x00000000100005b4       0xd8 CMakeFiles/main.dir/inc/ssd1306_i2c.c.o
                0x00000000100005b4                ssd1306_draw_string
 .text.gpio_set_function
                0x000000001000068c       0x34 CMakeFiles/main.dir/home/kyara/pico-sdk/src/rp2_common/hardware_gpio/gpio.c.o
                0x000000001000068c                gpio_set_function
 .text.gpio_set_pulls
                0x00000000100006c0       0x34 CMakeFiles/main.dir/home/kyara/pico-sdk/src/rp2_common/hardware_gpio/gpio.c.o
                0x00000000100006c0                gpio_set_pulls
 .text.gpio_set_input_enabled
                0x00000000100006f4       0x28 CMakeFiles/main.dir/home/kyara/pico-sdk/src/rp2_common/hardware_gpio/gpio.c.o
                0x00000000100006f4                gpio_set_input_enabled
 .text.gpio_init
                0x000000001000071c       0x40 CMakeFiles/main.dir/home/kyara/pico-sdk/src/rp2_common/hardware_gpio/gpio.c.o
                0x000000001000071c                gpio_init
 .text.rp2040_chip_version
                0x000000001000075c        0xc CMakeFiles/main.dir/home/kyara/pico-sdk/src/rp2040/pico_platform/platform.c.o
                0x000000001000075c                rp2040_chip_version
 .text.panic    0x0000000010000768       0x30 CMakeFiles/main.dir/home/kyara/pico-sdk/src/rp2_common/pico_platform_panic/panic.c.o
                0x0000000010000768                panic
 .text.hw_claim_or_assert
                0x0000000010000798       0x44 CMakeFiles/main.dir/home/kyara/pico-sdk/src/common/hardware_claim/claim.c.o
                0x0000000010000798                hw_claim_or_assert
 .text.hw_claim_unused_from_range
                0x00000000100007dc       0x9c CMakeFiles/main.dir/home/kyara/pico-sdk/src/common/hardware_claim/claim.c.o
                0x00000000100007dc                hw_claim_unused_from_range
 .text.next_striped_spin_lock_num
                0x0000000010000878       0x18 CMakeFiles/main.dir/home/kyara/pico-sdk/src/rp2_common/hardware_sync/sync.c.o
                0x0000000010000878                next_striped_spin_lock_num
 .text.spin_lock_claim_unused
                0x0000000010000890       0x20 CMakeFiles/main.dir/home/kyara/pico-sdk/src/rp2_common/hardware_sync/sync.c.o
                0x0000000010000890                spin_lock_claim_unused
 .text.spin_locks_reset
                0x00000000100008b0       0x1c CMakeFiles/main.dir/home/kyara/pico-sdk/src/rp2_common/hardware_sync_spin_lock/sync_spin_lock.c.o
                0x00000000100008b0                spin_locks_reset
 .text.runtime_init_per_core_irq_priorities
                0x00000000100008cc       0x24 CMakeFiles/main.dir/home/kyara/pico-sdk/src/rp2_common/hardware_irq/irq.c.o
                0x00000000100008cc                runtime_init_per_core_irq_priorities
 .text.irq_set_enabled
                0x00000000100008f0       0x24 CMakeFiles/main.dir/home/kyara/pico-sdk/src/rp2_common/hardware_irq/irq.c.o
                0x00000000100008f0                irq_set_enabled
 .text.irq_is_enabled
                0x0000000010000914       0x18 CMakeFiles/main.dir/home/kyara/pico-sdk/src/rp2_common/hardware_irq/irq.c.o
                0x0000000010000914                irq_is_enabled
 .text.irq_set_pending
                0x000000001000092c       0x10 CMakeFiles/main.dir/home/kyara/pico-sdk/src/rp2_common/hardware_irq/irq.c.o
                0x000000001000092c                irq_set_pending
 .text.irq_has_shared_handler
                0x000000001000093c       0x24 CMakeFiles/main.dir/home/kyara/pico-sdk/src/rp2_common/hardware_irq/irq.c.o
                0x000000001000093c                irq_has_shared_handler
 .text.irq_set_exclusive_handler
                0x0000000010000960       0x54 CMakeFiles/main.dir/home/kyara/pico-sdk/src/rp2_common/hardware_irq/irq.c.o
                0x0000000010000960                irq_set_exclusive_handler
 .text.irq_add_shared_handler
                0x00000000100009b4      0x1e8 CMakeFiles/main.dir/home/kyara/pico-sdk/src/rp2_common/hardware_irq/irq.c.o
                0x00000000100009b4                irq_add_shared_handler
 .text.irq_add_tail_to_free_list
                0x0000000010000b9c       0xb4 CMakeFiles/main.dir/home/kyara/pico-sdk/src/rp2_common/hardware_irq/irq.c.o
                0x0000000010000b9c                irq_add_tail_to_free_list
 .text.user_irq_claim_unused
                0x0000000010000c50       0x28 CMakeFiles/main.dir/home/kyara/pico-sdk/src/rp2_common/hardware_irq/irq.c.o
                0x0000000010000c50                user_irq_claim_unused
 .text.lock_init
                0x0000000010000c78       0x10 CMakeFiles/main.dir/home/kyara/pico-sdk/src/common/pico_sync/lock_core.c.o
                0x0000000010000c78                lock_init
 .text.runtime_init_mutex
                0x0000000010000c88       0x58 CMakeFiles/main.dir/home/kyara/pico-sdk/src/common/pico_sync/mutex.c.o
                0x0000000010000c88                runtime_init_mutex
 .text.mutex_init
                0x0000000010000ce0       0x1c CMakeFiles/main.dir/home/kyara/pico-sdk/src/common/pico_sync/mutex.c.o
                0x0000000010000ce0                mutex_init
 .text.critical_section_init
                0x0000000010000cfc       0x20 CMakeFiles/main.dir/home/kyara/pico-sdk/src/common/pico_sync/critical_section.c.o
                0x0000000010000cfc                critical_section_init
 .text.critical_section_init_with_lock_num
                0x0000000010000d1c       0x14 CMakeFiles/main.dir/home/kyara/pico-sdk/src/common/pico_sync/critical_section.c.o
                0x0000000010000d1c                critical_section_init_with_lock_num
 .text.sleep_until_callback
                0x0000000010000d30       0x30 CMakeFiles/main.dir/home/kyara/pico-sdk/src/common/pico_time/time.c.o
 .text.alarm_pool_irq_handler
                0x0000000010000d60      0x308 CMakeFiles/main.dir/home/kyara/pico-sdk/src/common/pico_time/time.c.o
 .text.runtime_init_default_alarm_pool
                0x0000000010001068       0xdc CMakeFiles/main.dir/home/kyara/pico-sdk/src/common/pico_time/time.c.o
                0x0000000010001068                runtime_init_default_alarm_pool
 .text.alarm_pool_get_default
                0x0000000010001144        0x8 CMakeFiles/main.dir/home/kyara/pico-sdk/src/common/pico_time/time.c.o
                0x0000000010001144                alarm_pool_get_default
 .text.alarm_pool_add_alarm_at
                0x000000001000114c       0xc8 CMakeFiles/main.dir/home/kyara/pico-sdk/src/common/pico_time/time.c.o
                0x000000001000114c                alarm_pool_add_alarm_at
 .text.alarm_pool_add_alarm_at_force_in_context
                0x0000000010001214       0xb0 CMakeFiles/main.dir/home/kyara/pico-sdk/src/common/pico_time/time.c.o
                0x0000000010001214                alarm_pool_add_alarm_at_force_in_context
 .text.alarm_pool_cancel_alarm
                0x00000000100012c4       0x7c CMakeFiles/main.dir/home/kyara/pico-sdk/src/common/pico_time/time.c.o
                0x00000000100012c4                alarm_pool_cancel_alarm
 .text.alarm_pool_core_num
                0x0000000010001340        0x4 CMakeFiles/main.dir/home/kyara/pico-sdk/src/common/pico_time/time.c.o
                0x0000000010001340                alarm_pool_core_num
 .text.sleep_until
                0x0000000010001344       0xd0 CMakeFiles/main.dir/home/kyara/pico-sdk/src/common/pico_time/time.c.o
                0x0000000010001344                sleep_until
 .text.sleep_ms
                0x0000000010001414       0x34 CMakeFiles/main.dir/home/kyara/pico-sdk/src/common/pico_time/time.c.o
                0x0000000010001414                sleep_ms
 .text.best_effort_wfe_or_timeout
                0x0000000010001448       0xfc CMakeFiles/main.dir/home/kyara/pico-sdk/src/common/pico_time/time.c.o
                0x0000000010001448                best_effort_wfe_or_timeout
 .text.timer_hardware_alarm_claim
                0x0000000010001544       0x14 CMakeFiles/main.dir/home/kyara/pico-sdk/src/rp2_common/hardware_timer/timer.c.o
                0x0000000010001544                timer_hardware_alarm_claim
 .text.timer_time_us_64
                0x0000000010001558       0x10 CMakeFiles/main.dir/home/kyara/pico-sdk/src/rp2_common/hardware_timer/timer.c.o
                0x0000000010001558                timer_time_us_64
 .text.time_us_64
                0x0000000010001568       0x14 CMakeFiles/main.dir/home/kyara/pico-sdk/src/rp2_common/hardware_timer/timer.c.o
                0x0000000010001568                time_us_64
 .text.busy_wait_until
                0x000000001000157c       0x20 CMakeFiles/main.dir/home/kyara/pico-sdk/src/rp2_common/hardware_timer/timer.c.o
                0x000000001000157c                busy_wait_until
 .text.clock_configure_int_divider
                0x000000001000159c       0xf4 CMakeFiles/main.dir/home/kyara/pico-sdk/src/rp2_common/hardware_clocks/clocks.c.o
                0x000000001000159c                clock_configure_int_divider
 .text.clock_configure_undivided
                0x0000000010001690       0xe8 CMakeFiles/main.dir/home/kyara/pico-sdk/src/rp2_common/hardware_clocks/clocks.c.o
                0x0000000010001690                clock_configure_undivided
 .text.clock_get_hz
                0x0000000010001778        0xc CMakeFiles/main.dir/home/kyara/pico-sdk/src/rp2_common/hardware_clocks/clocks.c.o
                0x0000000010001778                clock_get_hz
 .text.pll_init
                0x0000000010001784       0xa0 CMakeFiles/main.dir/home/kyara/pico-sdk/src/rp2_common/hardware_pll/pll.c.o
                0x0000000010001784                pll_init
 .text.watchdog_reboot
                0x0000000010001824       0x98 CMakeFiles/main.dir/home/kyara/pico-sdk/src/rp2_common/hardware_watchdog/watchdog.c.o
                0x0000000010001824                watchdog_reboot
 .text.tick_start
                0x00000000100018bc       0x10 CMakeFiles/main.dir/home/kyara/pico-sdk/src/rp2_common/hardware_ticks/ticks.c.o
                0x00000000100018bc                tick_start
 .text.rom_func_lookup
                0x00000000100018cc       0x10 CMakeFiles/main.dir/home/kyara/pico-sdk/src/rp2_common/pico_bootrom/bootrom.c.o
                0x00000000100018cc                rom_func_lookup
 .text.rom_data_lookup
                0x00000000100018dc       0x10 CMakeFiles/main.dir/home/kyara/pico-sdk/src/rp2_common/pico_bootrom/bootrom.c.o
                0x00000000100018dc                rom_data_lookup
 .text.rom_funcs_lookup
                0x00000000100018ec       0x44 CMakeFiles/main.dir/home/kyara/pico-sdk/src/rp2_common/pico_bootrom/bootrom.c.o
                0x00000000100018ec                rom_funcs_lookup
 .text.rom_reset_usb_boot_extra
                0x0000000010001930       0x28 CMakeFiles/main.dir/home/kyara/pico-sdk/src/rp2_common/pico_bootrom/bootrom.c.o
                0x0000000010001930                rom_reset_usb_boot_extra
 .text.xosc_init
                0x0000000010001958       0x28 CMakeFiles/main.dir/home/kyara/pico-sdk/src/rp2_common/hardware_xosc/xosc.c.o
                0x0000000010001958                xosc_init
 .text.first_per_core_initializer
                0x0000000010001980        0x4 CMakeFiles/main.dir/home/kyara/pico-sdk/src/rp2_common/pico_runtime/runtime.c.o
 .text.hard_assertion_failure
                0x0000000010001984        0xc CMakeFiles/main.dir/home/kyara/pico-sdk/src/rp2_common/pico_runtime/runtime.c.o
                0x0000000010001984                hard_assertion_failure
 .text.runtime_run_initializers
                0x0000000010001990       0x28 CMakeFiles/main.dir/home/kyara/pico-sdk/src/rp2_common/pico_runtime/runtime.c.o
                0x0000000010001990                runtime_run_initializers
 .text.runtime_init_early_resets
                0x00000000100019b8       0x2c CMakeFiles/main.dir/home/kyara/pico-sdk/src/rp2_common/pico_runtime_init/runtime_init.c.o
                0x00000000100019b8                runtime_init_early_resets
 .text.runtime_init_usb_power_down
                0x00000000100019e4       0x1c CMakeFiles/main.dir/home/kyara/pico-sdk/src/rp2_common/pico_runtime_init/runtime_init.c.o
                0x00000000100019e4                runtime_init_usb_power_down
 .text.runtime_init_post_clock_resets
                0x0000000010001a00       0x20 CMakeFiles/main.dir/home/kyara/pico-sdk/src/rp2_common/pico_runtime_init/runtime_init.c.o
                0x0000000010001a00                runtime_init_post_clock_resets
 .text.runtime_init_rp2040_gpio_ie_disable
                0x0000000010001a20       0x14 CMakeFiles/main.dir/home/kyara/pico-sdk/src/rp2_common/pico_runtime_init/runtime_init.c.o
                0x0000000010001a20                runtime_init_rp2040_gpio_ie_disable
 .text.runtime_init_spin_locks_reset
                0x0000000010001a34        0x8 CMakeFiles/main.dir/home/kyara/pico-sdk/src/rp2_common/pico_runtime_init/runtime_init.c.o
                0x0000000010001a34                runtime_init_spin_locks_reset
 .text.runtime_init_install_ram_vector_table
                0x0000000010001a3c       0x1c CMakeFiles/main.dir/home/kyara/pico-sdk/src/rp2_common/pico_runtime_init/runtime_init.c.o
                0x0000000010001a3c                runtime_init_install_ram_vector_table
 .text.runtime_init_clocks
                0x0000000010001a58       0xd8 CMakeFiles/main.dir/home/kyara/pico-sdk/src/rp2_common/pico_runtime_init/runtime_init_clocks.c.o
                0x0000000010001a58                runtime_init_clocks
 .text          0x0000000010001b30       0x10 CMakeFiles/main.dir/home/kyara/pico-sdk/src/rp2_common/pico_bit_ops/bit_ops_aeabi.S.o
 .text.__wrap___aeabi_idiv
                0x0000000010001b40       0x50 CMakeFiles/main.dir/home/kyara/pico-sdk/src/rp2_common/pico_divider/divider_hardware.S.o
                0x0000000010001b40                __wrap___aeabi_idivmod
                0x0000000010001b40                divmod_s32s32
                0x0000000010001b40                div_s32s32
                0x0000000010001b40                __wrap___aeabi_idiv
                0x0000000010001b48                divmod_s32s32_unsafe
                0x0000000010001b74                divmod_s32s32_savestate
 .text.__wrap___aeabi_uidiv
                0x0000000010001b90       0x4c CMakeFiles/main.dir/home/kyara/pico-sdk/src/rp2_common/pico_divider/divider_hardware.S.o
                0x0000000010001b90                __wrap___aeabi_uidiv
                0x0000000010001b90                __wrap___aeabi_uidivmod
                0x0000000010001b90                div_u32u32
                0x0000000010001b90                divmod_u32u32
                0x0000000010001b98                divmod_u32u32_unsafe
                0x0000000010001bc0                divmod_u32u32_savestate
 .text.__wrap___aeabi_ldiv
                0x0000000010001bdc      0x424 CMakeFiles/main.dir/home/kyara/pico-sdk/src/rp2_common/pico_divider/divider_hardware.S.o
                0x0000000010001bdc                div_s64s64
                0x0000000010001bdc                divmod_s64s64
                0x0000000010001bdc                __wrap___aeabi_ldivmod
                0x0000000010001c0c                div_u64u64
                0x0000000010001c0c                divmod_u64u64
                0x0000000010001c0c                __wrap___aeabi_uldivmod
                0x0000000010001c1c                divmod_u64u64_savestate
                0x0000000010001c3c                divmod_s64s64_unsafe
                0x0000000010001cc4                divmod_u64u64_unsafe
 .text.__wrap___aeabi_darithmetic
                0x0000000010002000       0x80 CMakeFiles/main.dir/home/kyara/pico-sdk/src/rp2_common/pico_double/double_aeabi_rp2040.S.o
                0x0000000010002000                __wrap___aeabi_drsub
                0x0000000010002006                __wrap___aeabi_dsub
                0x0000000010002018                __wrap___aeabi_dadd
                0x000000001000202a                __wrap___aeabi_ddiv
                0x0000000010002066                __wrap___aeabi_dmul
 .text.__wrap___aeabi_cdcmple
                0x0000000010002080       0x6c CMakeFiles/main.dir/home/kyara/pico-sdk/src/rp2_common/pico_double/double_aeabi_rp2040.S.o
                0x0000000010002080                __wrap___aeabi_cdrcmple
                0x0000000010002090                __wrap___aeabi_cdcmple
                0x0000000010002090                __wrap___aeabi_cdcmpeq
 .text.__wrap___aeabi_dcmplt
                0x00000000100020ec        0xc CMakeFiles/main.dir/home/kyara/pico-sdk/src/rp2_common/pico_double/double_aeabi_rp2040.S.o
                0x00000000100020ec                __wrap___aeabi_dcmplt
 .text.__wrap___aeabi_dcmple
                0x00000000100020f8       0x10 CMakeFiles/main.dir/home/kyara/pico-sdk/src/rp2_common/pico_double/double_aeabi_rp2040.S.o
                0x00000000100020f8                __wrap___aeabi_dcmple
 .text.__wrap___aeabi_dcmpge
                0x0000000010002108       0x10 CMakeFiles/main.dir/home/kyara/pico-sdk/src/rp2_common/pico_double/double_aeabi_rp2040.S.o
                0x0000000010002108                __wrap___aeabi_dcmpge
 .text.__wrap___aeabi_dcmpgt
                0x0000000010002118        0xa CMakeFiles/main.dir/home/kyara/pico-sdk/src/rp2_common/pico_double/double_aeabi_rp2040.S.o
                0x0000000010002118                __wrap___aeabi_dcmpgt
 .text.__wrap___aeabi_dcmpun
                0x0000000010002122       0x18 CMakeFiles/main.dir/home/kyara/pico-sdk/src/rp2_common/pico_double/double_aeabi_rp2040.S.o
                0x0000000010002122                __wrap___aeabi_dcmpun
 *fill*         0x000000001000213a        0x2 
 .text.__wrap___aeabi_i2d
                0x000000001000213c       0x38 CMakeFiles/main.dir/home/kyara/pico-sdk/src/rp2_common/pico_double/double_aeabi_rp2040.S.o
                0x000000001000213c                __wrap___aeabi_ui2d
                0x000000001000213c                uint2double
                0x0000000010002144                __wrap___aeabi_i2d
                0x0000000010002144                int2double
 .text.__wrap___aeabi_d2iz
                0x0000000010002174       0x48 CMakeFiles/main.dir/home/kyara/pico-sdk/src/rp2_common/pico_double/double_aeabi_rp2040.S.o
                0x0000000010002174                __wrap___aeabi_d2iz
                0x0000000010002174                double2int_z
 .text.__wrap___aeabi_d2uiz
                0x00000000100021bc       0x18 CMakeFiles/main.dir/home/kyara/pico-sdk/src/rp2_common/pico_double/double_aeabi_rp2040.S.o
                0x00000000100021bc                double2uint_z
                0x00000000100021bc                double2uint
                0x00000000100021bc                __wrap___aeabi_d2uiz
 .text.__aeabi_double_init
                0x00000000100021d4       0xa0 CMakeFiles/main.dir/home/kyara/pico-sdk/src/rp2_common/pico_double/double_init_rom_rp2040.c.o
                0x00000000100021d4                __aeabi_double_init
 .text.double_table_shim_on_use_helper
                0x0000000010002274       0x2c CMakeFiles/main.dir/home/kyara/pico-sdk/src/rp2_common/pico_double/double_v1_rom_shim_rp2040.S.o
                0x0000000010002274                double_table_shim_on_use_helper
 .text.__wrap___aeabi_dsub
                0x00000000100022a0       0x10 CMakeFiles/main.dir/home/kyara/pico-sdk/src/rp2_common/pico_double/double_v1_rom_shim_rp2040.S.o
                0x00000000100022a0                drsub_shim
                0x00000000100022a6                dsub_shim
 .text.dadd_shim
                0x00000000100022b0      0x15c CMakeFiles/main.dir/home/kyara/pico-sdk/src/rp2_common/pico_double/double_v1_rom_shim_rp2040.S.o
                0x00000000100022b0                dadd_shim
 .text.dmul_shim
                0x000000001000240c      0x15c CMakeFiles/main.dir/home/kyara/pico-sdk/src/rp2_common/pico_double/double_v1_rom_shim_rp2040.S.o
                0x000000001000240c                dmul_shim
 .text.ddiv_shim
                0x0000000010002568      0x1b0 CMakeFiles/main.dir/home/kyara/pico-sdk/src/rp2_common/pico_double/double_v1_rom_shim_rp2040.S.o
                0x0000000010002568                ddiv_shim
 .text.double2uint_shim
                0x0000000010002718        0xe CMakeFiles/main.dir/home/kyara/pico-sdk/src/rp2_common/pico_double/double_v1_rom_shim_rp2040.S.o
                0x0000000010002718                double2uint_shim
                0x000000001000271a                double2ufix_shim
 *fill*         0x0000000010002726        0x2 
 .text.double2uint64_shim
                0x0000000010002728       0x70 CMakeFiles/main.dir/home/kyara/pico-sdk/src/rp2_common/pico_double/double_v1_rom_shim_rp2040.S.o
                0x0000000010002728                double2uint64_shim
                0x000000001000272a                double2ufix64_shim
                0x000000001000274a                d2fix_a
 .text.dunpacks
                0x0000000010002798       0x3c CMakeFiles/main.dir/home/kyara/pico-sdk/src/rp2_common/pico_double/double_v1_rom_shim_rp2040.S.o
                0x0000000010002798                dunpacks
 .text.__aeabi_lmul
                0x00000000100027d4       0x32 CMakeFiles/main.dir/home/kyara/pico-sdk/src/rp2_common/pico_int64_ops/pico_int64_ops_aeabi.S.o
                0x00000000100027d4                __wrap___aeabi_lmul
 *fill*         0x0000000010002806        0x2 
 .text.__aeabi_float_init
                0x0000000010002808       0x64 CMakeFiles/main.dir/home/kyara/pico-sdk/src/rp2_common/pico_float/float_init_rom_rp2040.c.o
                0x0000000010002808                __aeabi_float_init
 .text.float_table_shim_on_use_helper
                0x000000001000286c       0x2c CMakeFiles/main.dir/home/kyara/pico-sdk/src/rp2_common/pico_float/float_v1_rom_shim_rp2040.S.o
                0x000000001000286c                float_table_shim_on_use_helper
 .text.__wrap_malloc
                0x0000000010002898       0x24 CMakeFiles/main.dir/home/kyara/pico-sdk/src/rp2_common/pico_malloc/malloc.c.o
                0x0000000010002898                __wrap_malloc
 .text.__wrap_free
                0x00000000100028bc        0x8 CMakeFiles/main.dir/home/kyara/pico-sdk/src/rp2_common/pico_malloc/malloc.c.o
                0x00000000100028bc                __wrap_free
 .text          0x00000000100028c4       0x10 CMakeFiles/main.dir/home/kyara/pico-sdk/src/rp2_common/pico_mem_ops/mem_ops_aeabi.S.o
                0x00000000100028c4                __aeabi_mem_init
 .text.memset   0x00000000100028d4        0xc CMakeFiles/main.dir/home/kyara/pico-sdk/src/rp2_common/pico_mem_ops/mem_ops_aeabi.S.o
                0x00000000100028d4                __wrap_memset
 .text.memcpy   0x00000000100028e0        0xc CMakeFiles/main.dir/home/kyara/pico-sdk/src/rp2_common/pico_mem_ops/mem_ops_aeabi.S.o
                0x00000000100028e0                __wrap___aeabi_memcpy
                0x00000000100028e0                __wrap_memcpy
 .text._out_buffer
                0x00000000100028ec        0x8 CMakeFiles/main.dir/home/kyara/pico-sdk/src/rp2_common/pico_printf/printf.c.o
 .text._out_null
                0x00000000100028f4        0x4 CMakeFiles/main.dir/home/kyara/pico-sdk/src/rp2_common/pico_printf/printf.c.o
 .text._out_rev
                0x00000000100028f8       0x9c CMakeFiles/main.dir/home/kyara/pico-sdk/src/rp2_common/pico_printf/printf.c.o
 .text._ntoa_format
                0x0000000010002994      0x1cc CMakeFiles/main.dir/home/kyara/pico-sdk/src/rp2_common/pico_printf/printf.c.o
 .text._out_char
                0x0000000010002b60       0x10 CMakeFiles/main.dir/home/kyara/pico-sdk/src/rp2_common/pico_printf/printf.c.o
 .text._etoa    0x0000000010002b70      0x44c CMakeFiles/main.dir/home/kyara/pico-sdk/src/rp2_common/pico_printf/printf.c.o
 .text._ftoa    0x0000000010002fbc      0x398 CMakeFiles/main.dir/home/kyara/pico-sdk/src/rp2_common/pico_printf/printf.c.o
 .text._vsnprintf
                0x0000000010003354      0xb04 CMakeFiles/main.dir/home/kyara/pico-sdk/src/rp2_common/pico_printf/printf.c.o
 .text.__wrap_sprintf
                0x0000000010003e58       0x28 CMakeFiles/main.dir/home/kyara/pico-sdk/src/rp2_common/pico_printf/printf.c.o
                0x0000000010003e58                __wrap_sprintf
 .text.weak_raw_vprintf
                0x0000000010003e80       0x30 CMakeFiles/main.dir/home/kyara/pico-sdk/src/rp2_common/pico_printf/printf.c.o
                0x0000000010003e80                weak_raw_vprintf
 .text._exit    0x0000000010003eb0        0x4 CMakeFiles/main.dir/home/kyara/pico-sdk/src/rp2_common/pico_clib_interface/newlib_interface.c.o
                0x0000000010003eb0                _exit
 .text._sbrk    0x0000000010003eb4       0x34 CMakeFiles/main.dir/home/kyara/pico-sdk/src/rp2_common/pico_clib_interface/newlib_interface.c.o
                0x0000000010003eb4                _sbrk
 .text.exit     0x0000000010003ee8        0x8 CMakeFiles/main.dir/home/kyara/pico-sdk/src/rp2_common/pico_clib_interface/newlib_interface.c.o
                0x0000000010003ee8                exit
 .text.runtime_init
                0x0000000010003ef0       0x2c CMakeFiles/main.dir/home/kyara/pico-sdk/src/rp2_common/pico_clib_interface/newlib_interface.c.o
                0x0000000010003ef0                runtime_init
 .text.stdio_out_chars_no_crlf
                0x0000000010003f1c       0x10 CMakeFiles/main.dir/home/kyara/pico-sdk/src/rp2_common/pico_stdio/stdio.c.o
 .text.stdio_out_chars_crlf
                0x0000000010003f2c       0xb4 CMakeFiles/main.dir/home/kyara/pico-sdk/src/rp2_common/pico_stdio/stdio.c.o
 .text.stdio_put_string
                0x0000000010003fe0      0x100 CMakeFiles/main.dir/home/kyara/pico-sdk/src/rp2_common/pico_stdio/stdio.c.o
                0x0000000010003fe0                stdio_put_string
 .text.stdio_set_driver_enabled
                0x00000000100040e0       0x30 CMakeFiles/main.dir/home/kyara/pico-sdk/src/rp2_common/pico_stdio/stdio.c.o
                0x00000000100040e0                stdio_set_driver_enabled
 .text.stdio_init_all
                0x0000000010004110        0x8 CMakeFiles/main.dir/home/kyara/pico-sdk/src/rp2_common/pico_stdio/stdio.c.o
                0x0000000010004110                stdio_init_all
 .text.__wrap_putchar
                0x0000000010004118       0x98 CMakeFiles/main.dir/home/kyara/pico-sdk/src/rp2_common/pico_stdio/stdio.c.o
                0x0000000010004118                stdio_putchar
                0x0000000010004118                __wrap_putchar
 .text.__wrap_puts
                0x00000000100041b0       0x3c CMakeFiles/main.dir/home/kyara/pico-sdk/src/rp2_common/pico_stdio/stdio.c.o
                0x00000000100041b0                __wrap_puts
                0x00000000100041b0                stdio_puts
 .text.resetd_init
                0x00000000100041ec        0x4 CMakeFiles/main.dir/home/kyara/pico-sdk/src/rp2_common/pico_stdio_usb/reset_interface.c.o
 .text.resetd_reset
                0x00000000100041f0        0xc CMakeFiles/main.dir/home/kyara/pico-sdk/src/rp2_common/pico_stdio_usb/reset_interface.c.o
 .text.resetd_open
                0x00000000100041fc       0x28 CMakeFiles/main.dir/home/kyara/pico-sdk/src/rp2_common/pico_stdio_usb/reset_interface.c.o
 .text.resetd_xfer_cb
                0x0000000010004224        0x4 CMakeFiles/main.dir/home/kyara/pico-sdk/src/rp2_common/pico_stdio_usb/reset_interface.c.o
 .text.resetd_control_xfer_cb
                0x0000000010004228       0x60 CMakeFiles/main.dir/home/kyara/pico-sdk/src/rp2_common/pico_stdio_usb/reset_interface.c.o
 .text.tud_descriptor_bos_cb
                0x0000000010004288        0x8 CMakeFiles/main.dir/home/kyara/pico-sdk/src/rp2_common/pico_stdio_usb/reset_interface.c.o
                0x0000000010004288                tud_descriptor_bos_cb
 .text.tud_vendor_control_xfer_cb
                0x0000000010004290       0x34 CMakeFiles/main.dir/home/kyara/pico-sdk/src/rp2_common/pico_stdio_usb/reset_interface.c.o
                0x0000000010004290                tud_vendor_control_xfer_cb
 .text.usbd_app_driver_get_cb
                0x00000000100042c4        0xc CMakeFiles/main.dir/home/kyara/pico-sdk/src/rp2_common/pico_stdio_usb/reset_interface.c.o
                0x00000000100042c4                usbd_app_driver_get_cb
 .text.tud_cdc_line_coding_cb
                0x00000000100042d0       0x2c CMakeFiles/main.dir/home/kyara/pico-sdk/src/rp2_common/pico_stdio_usb/reset_interface.c.o
                0x00000000100042d0                tud_cdc_line_coding_cb
 .text.stdio_usb_set_chars_available_callback
                0x00000000100042fc       0x14 CMakeFiles/main.dir/home/kyara/pico-sdk/src/rp2_common/pico_stdio_usb/stdio_usb.c.o
                0x00000000100042fc                stdio_usb_set_chars_available_callback
 .text.usb_irq  0x0000000010004310       0x10 CMakeFiles/main.dir/home/kyara/pico-sdk/src/rp2_common/pico_stdio_usb/stdio_usb.c.o
 .text.timer_task
                0x0000000010004320       0x64 CMakeFiles/main.dir/home/kyara/pico-sdk/src/rp2_common/pico_stdio_usb/stdio_usb.c.o
 .text.stdio_usb_in_chars
                0x0000000010004384       0x90 CMakeFiles/main.dir/home/kyara/pico-sdk/src/rp2_common/pico_stdio_usb/stdio_usb.c.o
                0x0000000010004384                stdio_usb_in_chars
 .text.stdio_usb_out_flush
                0x0000000010004414       0x50 CMakeFiles/main.dir/home/kyara/pico-sdk/src/rp2_common/pico_stdio_usb/stdio_usb.c.o
 .text.stdio_usb_out_chars
                0x0000000010004464      0x100 CMakeFiles/main.dir/home/kyara/pico-sdk/src/rp2_common/pico_stdio_usb/stdio_usb.c.o
 .text.low_priority_worker_irq
                0x0000000010004564       0xc8 CMakeFiles/main.dir/home/kyara/pico-sdk/src/rp2_common/pico_stdio_usb/stdio_usb.c.o
 .text.stdio_usb_init
                0x000000001000462c       0xe8 CMakeFiles/main.dir/home/kyara/pico-sdk/src/rp2_common/pico_stdio_usb/stdio_usb.c.o
                0x000000001000462c                stdio_usb_init
 .text.tud_descriptor_device_cb
                0x0000000010004714        0x8 CMakeFiles/main.dir/home/kyara/pico-sdk/src/rp2_common/pico_stdio_usb/stdio_usb_descriptors.c.o
                0x0000000010004714                tud_descriptor_device_cb
 .text.tud_descriptor_configuration_cb
                0x000000001000471c        0x8 CMakeFiles/main.dir/home/kyara/pico-sdk/src/rp2_common/pico_stdio_usb/stdio_usb_descriptors.c.o
                0x000000001000471c                tud_descriptor_configuration_cb
 .text.tud_descriptor_string_cb
                0x0000000010004724       0x74 CMakeFiles/main.dir/home/kyara/pico-sdk/src/rp2_common/pico_stdio_usb/stdio_usb_descriptors.c.o
                0x0000000010004724                tud_descriptor_string_cb
 .text.startup._retrieve_unique_id_on_boot
                0x0000000010004798       0x10 CMakeFiles/main.dir/home/kyara/pico-sdk/src/rp2_common/pico_unique_id/unique_id.c.o
 .text.pico_get_unique_board_id_string
                0x00000000100047a8      0x1a8 CMakeFiles/main.dir/home/kyara/pico-sdk/src/rp2_common/pico_unique_id/unique_id.c.o
                0x00000000100047a8                pico_get_unique_board_id_string
 .text.flash_get_unique_id
                0x0000000010004950       0x40 CMakeFiles/main.dir/home/kyara/pico-sdk/src/rp2_common/hardware_flash/flash.c.o
                0x0000000010004950                flash_get_unique_id
 .text.dcd_init
                0x0000000010004990       0x90 CMakeFiles/main.dir/home/kyara/pico-sdk/lib/tinyusb/src/portable/raspberrypi/rp2040/dcd_rp2040.c.o
                0x0000000010004990                dcd_init
 .text.dcd_int_enable
                0x0000000010004a20        0xc CMakeFiles/main.dir/home/kyara/pico-sdk/lib/tinyusb/src/portable/raspberrypi/rp2040/dcd_rp2040.c.o
                0x0000000010004a20                dcd_int_enable
 .text.dcd_set_address
                0x0000000010004a2c       0x14 CMakeFiles/main.dir/home/kyara/pico-sdk/lib/tinyusb/src/portable/raspberrypi/rp2040/dcd_rp2040.c.o
                0x0000000010004a2c                dcd_set_address
 .text.dcd_sof_enable
                0x0000000010004a40       0x1c CMakeFiles/main.dir/home/kyara/pico-sdk/lib/tinyusb/src/portable/raspberrypi/rp2040/dcd_rp2040.c.o
                0x0000000010004a40                dcd_sof_enable
 .text.dcd_edpt0_status_complete
                0x0000000010004a5c       0x1c CMakeFiles/main.dir/home/kyara/pico-sdk/lib/tinyusb/src/portable/raspberrypi/rp2040/dcd_rp2040.c.o
                0x0000000010004a5c                dcd_edpt0_status_complete
 .text.dcd_edpt_open
                0x0000000010004a78      0x114 CMakeFiles/main.dir/home/kyara/pico-sdk/lib/tinyusb/src/portable/raspberrypi/rp2040/dcd_rp2040.c.o
                0x0000000010004a78                dcd_edpt_open
 .text.dcd_edpt_close_all
                0x0000000010004b8c        0x8 CMakeFiles/main.dir/home/kyara/pico-sdk/lib/tinyusb/src/portable/raspberrypi/rp2040/dcd_rp2040.c.o
                0x0000000010004b8c                dcd_edpt_close_all
 .text.dcd_edpt_xfer
                0x0000000010004b94       0x24 CMakeFiles/main.dir/home/kyara/pico-sdk/lib/tinyusb/src/portable/raspberrypi/rp2040/dcd_rp2040.c.o
                0x0000000010004b94                dcd_edpt_xfer
 .text.dcd_edpt_stall
                0x0000000010004bb8       0x38 CMakeFiles/main.dir/home/kyara/pico-sdk/lib/tinyusb/src/portable/raspberrypi/rp2040/dcd_rp2040.c.o
                0x0000000010004bb8                dcd_edpt_stall
 .text.dcd_edpt_clear_stall
                0x0000000010004bf0       0x30 CMakeFiles/main.dir/home/kyara/pico-sdk/lib/tinyusb/src/portable/raspberrypi/rp2040/dcd_rp2040.c.o
                0x0000000010004bf0                dcd_edpt_clear_stall
 .text.rp2040_usb_init
                0x0000000010004c20       0x40 CMakeFiles/main.dir/home/kyara/pico-sdk/lib/tinyusb/src/portable/raspberrypi/rp2040/rp2040_usb.c.o
                0x0000000010004c20                rp2040_usb_init
 .text.hw_endpoint_xfer_start
                0x0000000010004c60       0x50 CMakeFiles/main.dir/home/kyara/pico-sdk/lib/tinyusb/src/portable/raspberrypi/rp2040/rp2040_usb.c.o
                0x0000000010004c60                hw_endpoint_xfer_start
 .text.tud_event_hook_cb
                0x0000000010004cb0        0x4 CMakeFiles/main.dir/home/kyara/pico-sdk/lib/tinyusb/src/device/usbd.c.o
                0x0000000010004cb0                tud_event_hook_cb
 .text.tud_sof_cb
                0x0000000010004cb4        0x4 CMakeFiles/main.dir/home/kyara/pico-sdk/lib/tinyusb/src/device/usbd.c.o
                0x0000000010004cb4                tud_sof_cb
 .text.tud_descriptor_device_qualifier_cb
                0x0000000010004cb8        0x4 CMakeFiles/main.dir/home/kyara/pico-sdk/lib/tinyusb/src/device/usbd.c.o
                0x0000000010004cb8                tud_descriptor_device_qualifier_cb
 .text.tud_descriptor_other_speed_configuration_cb
                0x0000000010004cbc        0x4 CMakeFiles/main.dir/home/kyara/pico-sdk/lib/tinyusb/src/device/usbd.c.o
                0x0000000010004cbc                tud_descriptor_other_speed_configuration_cb
 .text.tud_mount_cb
                0x0000000010004cc0        0x4 CMakeFiles/main.dir/home/kyara/pico-sdk/lib/tinyusb/src/device/usbd.c.o
                0x0000000010004cc0                tud_mount_cb
 .text.tud_umount_cb
                0x0000000010004cc4        0x4 CMakeFiles/main.dir/home/kyara/pico-sdk/lib/tinyusb/src/device/usbd.c.o
                0x0000000010004cc4                tud_umount_cb
 .text.tud_suspend_cb
                0x0000000010004cc8        0x4 CMakeFiles/main.dir/home/kyara/pico-sdk/lib/tinyusb/src/device/usbd.c.o
                0x0000000010004cc8                tud_suspend_cb
 .text.tud_resume_cb
                0x0000000010004ccc        0x4 CMakeFiles/main.dir/home/kyara/pico-sdk/lib/tinyusb/src/device/usbd.c.o
                0x0000000010004ccc                tud_resume_cb
 .text.tud_mounted
                0x0000000010004cd0       0x10 CMakeFiles/main.dir/home/kyara/pico-sdk/lib/tinyusb/src/device/usbd.c.o
                0x0000000010004cd0                tud_mounted
 .text.tud_suspended
                0x0000000010004ce0       0x10 CMakeFiles/main.dir/home/kyara/pico-sdk/lib/tinyusb/src/device/usbd.c.o
                0x0000000010004ce0                tud_suspended
 .text.tud_rhport_init
                0x0000000010004cf0       0xf4 CMakeFiles/main.dir/home/kyara/pico-sdk/lib/tinyusb/src/device/usbd.c.o
                0x0000000010004cf0                tud_rhport_init
 .text.tud_task_ext
                0x0000000010004de4      0x800 CMakeFiles/main.dir/home/kyara/pico-sdk/lib/tinyusb/src/device/usbd.c.o
                0x0000000010004de4                tud_task_ext
 .text.usbd_open_edpt_pair
                0x00000000100055e4       0x9c CMakeFiles/main.dir/home/kyara/pico-sdk/lib/tinyusb/src/device/usbd.c.o
                0x00000000100055e4                usbd_open_edpt_pair
 .text.usbd_edpt_open
                0x0000000010005680       0x34 CMakeFiles/main.dir/home/kyara/pico-sdk/lib/tinyusb/src/device/usbd.c.o
                0x0000000010005680                usbd_edpt_open
 .text.usbd_edpt_claim
                0x00000000100056b4       0x28 CMakeFiles/main.dir/home/kyara/pico-sdk/lib/tinyusb/src/device/usbd.c.o
                0x00000000100056b4                usbd_edpt_claim
 .text.usbd_edpt_release
                0x00000000100056dc       0x28 CMakeFiles/main.dir/home/kyara/pico-sdk/lib/tinyusb/src/device/usbd.c.o
                0x00000000100056dc                usbd_edpt_release
 .text.usbd_edpt_xfer
                0x0000000010005704       0x4c CMakeFiles/main.dir/home/kyara/pico-sdk/lib/tinyusb/src/device/usbd.c.o
                0x0000000010005704                usbd_edpt_xfer
 .text.tud_control_status
                0x0000000010005750       0x30 CMakeFiles/main.dir/home/kyara/pico-sdk/lib/tinyusb/src/device/usbd_control.c.o
                0x0000000010005750                tud_control_status
 .text.tud_control_xfer
                0x0000000010005780       0xbc CMakeFiles/main.dir/home/kyara/pico-sdk/lib/tinyusb/src/device/usbd_control.c.o
                0x0000000010005780                tud_control_xfer
 .text.usbd_control_reset
                0x000000001000583c       0x14 CMakeFiles/main.dir/home/kyara/pico-sdk/lib/tinyusb/src/device/usbd_control.c.o
                0x000000001000583c                usbd_control_reset
 .text.usbd_control_set_complete_callback
                0x0000000010005850        0xc CMakeFiles/main.dir/home/kyara/pico-sdk/lib/tinyusb/src/device/usbd_control.c.o
                0x0000000010005850                usbd_control_set_complete_callback
 .text.usbd_control_set_request
                0x000000001000585c       0x1c CMakeFiles/main.dir/home/kyara/pico-sdk/lib/tinyusb/src/device/usbd_control.c.o
                0x000000001000585c                usbd_control_set_request
 .text.usbd_control_xfer_cb
                0x0000000010005878       0xf0 CMakeFiles/main.dir/home/kyara/pico-sdk/lib/tinyusb/src/device/usbd_control.c.o
                0x0000000010005878                usbd_control_xfer_cb
 .text._prep_out_transaction.isra.0
                0x0000000010005968       0x6c CMakeFiles/main.dir/home/kyara/pico-sdk/lib/tinyusb/src/class/cdc/cdc_device.c.o
 .text.tud_cdc_n_connected
                0x00000000100059d4       0x2c CMakeFiles/main.dir/home/kyara/pico-sdk/lib/tinyusb/src/class/cdc/cdc_device.c.o
                0x00000000100059d4                tud_cdc_n_connected
 .text.tud_cdc_n_available
                0x0000000010005a00       0x18 CMakeFiles/main.dir/home/kyara/pico-sdk/lib/tinyusb/src/class/cdc/cdc_device.c.o
                0x0000000010005a00                tud_cdc_n_available
 .text.tud_cdc_n_read
                0x0000000010005a18       0x94 CMakeFiles/main.dir/home/kyara/pico-sdk/lib/tinyusb/src/class/cdc/cdc_device.c.o
                0x0000000010005a18                tud_cdc_n_read
 .text.tud_cdc_n_write_flush
                0x0000000010005aac       0x78 CMakeFiles/main.dir/home/kyara/pico-sdk/lib/tinyusb/src/class/cdc/cdc_device.c.o
                0x0000000010005aac                tud_cdc_n_write_flush
 .text.tud_cdc_n_write
                0x0000000010005b24       0x44 CMakeFiles/main.dir/home/kyara/pico-sdk/lib/tinyusb/src/class/cdc/cdc_device.c.o
                0x0000000010005b24                tud_cdc_n_write
 .text.tud_cdc_n_write_available
                0x0000000010005b68       0x18 CMakeFiles/main.dir/home/kyara/pico-sdk/lib/tinyusb/src/class/cdc/cdc_device.c.o
                0x0000000010005b68                tud_cdc_n_write_available
 .text.cdcd_init
                0x0000000010005b80       0x70 CMakeFiles/main.dir/home/kyara/pico-sdk/lib/tinyusb/src/class/cdc/cdc_device.c.o
                0x0000000010005b80                cdcd_init
 .text.cdcd_deinit
                0x0000000010005bf0       0x24 CMakeFiles/main.dir/home/kyara/pico-sdk/lib/tinyusb/src/class/cdc/cdc_device.c.o
                0x0000000010005bf0                cdcd_deinit
 .text.cdcd_reset
                0x0000000010005c14       0x4c CMakeFiles/main.dir/home/kyara/pico-sdk/lib/tinyusb/src/class/cdc/cdc_device.c.o
                0x0000000010005c14                cdcd_reset
 .text.cdcd_open
                0x0000000010005c60       0xa8 CMakeFiles/main.dir/home/kyara/pico-sdk/lib/tinyusb/src/class/cdc/cdc_device.c.o
                0x0000000010005c60                cdcd_open
 .text.cdcd_control_xfer_cb
                0x0000000010005d08       0xe8 CMakeFiles/main.dir/home/kyara/pico-sdk/lib/tinyusb/src/class/cdc/cdc_device.c.o
                0x0000000010005d08                cdcd_control_xfer_cb
 .text.cdcd_xfer_cb
                0x0000000010005df0       0xfc CMakeFiles/main.dir/home/kyara/pico-sdk/lib/tinyusb/src/class/cdc/cdc_device.c.o
                0x0000000010005df0                cdcd_xfer_cb
 .text.vendord_init
                0x0000000010005eec       0x5c CMakeFiles/main.dir/home/kyara/pico-sdk/lib/tinyusb/src/class/vendor/vendor_device.c.o
                0x0000000010005eec                vendord_init
 .text.vendord_deinit
                0x0000000010005f48       0x1c CMakeFiles/main.dir/home/kyara/pico-sdk/lib/tinyusb/src/class/vendor/vendor_device.c.o
                0x0000000010005f48                vendord_deinit
 .text.vendord_reset
                0x0000000010005f64       0x28 CMakeFiles/main.dir/home/kyara/pico-sdk/lib/tinyusb/src/class/vendor/vendor_device.c.o
                0x0000000010005f64                vendord_reset
 .text.vendord_open
                0x0000000010005f8c      0x128 CMakeFiles/main.dir/home/kyara/pico-sdk/lib/tinyusb/src/class/vendor/vendor_device.c.o
                0x0000000010005f8c                vendord_open
 .text.vendord_xfer_cb
                0x00000000100060b4       0x9c CMakeFiles/main.dir/home/kyara/pico-sdk/lib/tinyusb/src/class/vendor/vendor_device.c.o
                0x00000000100060b4                vendord_xfer_cb
 .text.tusb_rhport_init
                0x0000000010006150       0x48 CMakeFiles/main.dir/home/kyara/pico-sdk/lib/tinyusb/src/tusb.c.o
                0x0000000010006150                tusb_rhport_init
 .text.tu_edpt_claim
                0x0000000010006198       0x50 CMakeFiles/main.dir/home/kyara/pico-sdk/lib/tinyusb/src/tusb.c.o
                0x0000000010006198                tu_edpt_claim
 .text.tu_edpt_release
                0x00000000100061e8       0x38 CMakeFiles/main.dir/home/kyara/pico-sdk/lib/tinyusb/src/tusb.c.o
                0x00000000100061e8                tu_edpt_release
 .text.tu_edpt_validate
                0x0000000010006220       0x78 CMakeFiles/main.dir/home/kyara/pico-sdk/lib/tinyusb/src/tusb.c.o
                0x0000000010006220                tu_edpt_validate
 .text.tu_edpt_bind_driver
                0x0000000010006298       0x34 CMakeFiles/main.dir/home/kyara/pico-sdk/lib/tinyusb/src/tusb.c.o
                0x0000000010006298                tu_edpt_bind_driver
 .text.tu_edpt_stream_init
                0x00000000100062cc       0x6c CMakeFiles/main.dir/home/kyara/pico-sdk/lib/tinyusb/src/tusb.c.o
                0x00000000100062cc                tu_edpt_stream_init
 .text.tu_edpt_stream_deinit
                0x0000000010006338        0x4 CMakeFiles/main.dir/home/kyara/pico-sdk/lib/tinyusb/src/tusb.c.o
                0x0000000010006338                tu_edpt_stream_deinit
 .text.tu_edpt_stream_write_zlp_if_needed
                0x000000001000633c       0x58 CMakeFiles/main.dir/home/kyara/pico-sdk/lib/tinyusb/src/tusb.c.o
                0x000000001000633c                tu_edpt_stream_write_zlp_if_needed
 .text.tu_edpt_stream_write_xfer
                0x0000000010006394       0x64 CMakeFiles/main.dir/home/kyara/pico-sdk/lib/tinyusb/src/tusb.c.o
                0x0000000010006394                tu_edpt_stream_write_xfer
 .text.tu_edpt_stream_read_xfer
                0x00000000100063f8       0xdc CMakeFiles/main.dir/home/kyara/pico-sdk/lib/tinyusb/src/tusb.c.o
                0x00000000100063f8                tu_edpt_stream_read_xfer
 .text.tu_fifo_config
                0x00000000100064d4       0x70 CMakeFiles/main.dir/home/kyara/pico-sdk/lib/tinyusb/src/common/tusb_fifo.c.o
                0x00000000100064d4                tu_fifo_config
 .text.tu_fifo_count
                0x0000000010006544       0x2c CMakeFiles/main.dir/home/kyara/pico-sdk/lib/tinyusb/src/common/tusb_fifo.c.o
                0x0000000010006544                tu_fifo_count
 .text.tu_fifo_empty
                0x0000000010006570       0x10 CMakeFiles/main.dir/home/kyara/pico-sdk/lib/tinyusb/src/common/tusb_fifo.c.o
                0x0000000010006570                tu_fifo_empty
 .text.tu_fifo_remaining
                0x0000000010006580       0x2c CMakeFiles/main.dir/home/kyara/pico-sdk/lib/tinyusb/src/common/tusb_fifo.c.o
                0x0000000010006580                tu_fifo_remaining
 .text.tu_fifo_read
                0x00000000100065ac       0xa0 CMakeFiles/main.dir/home/kyara/pico-sdk/lib/tinyusb/src/common/tusb_fifo.c.o
                0x00000000100065ac                tu_fifo_read
 .text.tu_fifo_read_n
                0x000000001000664c       0xec CMakeFiles/main.dir/home/kyara/pico-sdk/lib/tinyusb/src/common/tusb_fifo.c.o
                0x000000001000664c                tu_fifo_read_n
 .text.tu_fifo_write
                0x0000000010006738       0x88 CMakeFiles/main.dir/home/kyara/pico-sdk/lib/tinyusb/src/common/tusb_fifo.c.o
                0x0000000010006738                tu_fifo_write
 .text.tu_fifo_write_n
                0x00000000100067c0      0x168 CMakeFiles/main.dir/home/kyara/pico-sdk/lib/tinyusb/src/common/tusb_fifo.c.o
                0x00000000100067c0                tu_fifo_write_n
 .text.tu_fifo_clear
                0x0000000010006928       0x40 CMakeFiles/main.dir/home/kyara/pico-sdk/lib/tinyusb/src/common/tusb_fifo.c.o
                0x0000000010006928                tu_fifo_clear
 .text.tu_fifo_set_overwritable
                0x0000000010006968       0x48 CMakeFiles/main.dir/home/kyara/pico-sdk/lib/tinyusb/src/common/tusb_fifo.c.o
                0x0000000010006968                tu_fifo_set_overwritable
 .text.i2c_write_blocking_internal.constprop.0
                0x00000000100069b0       0xd0 CMakeFiles/main.dir/home/kyara/pico-sdk/src/rp2_common/hardware_i2c/i2c.c.o
 .text.i2c_set_baudrate
                0x0000000010006a80       0xc0 CMakeFiles/main.dir/home/kyara/pico-sdk/src/rp2_common/hardware_i2c/i2c.c.o
                0x0000000010006a80                i2c_set_baudrate
 .text.i2c_init
                0x0000000010006b40       0x54 CMakeFiles/main.dir/home/kyara/pico-sdk/src/rp2_common/hardware_i2c/i2c.c.o
                0x0000000010006b40                i2c_init
 .text.i2c_write_blocking
                0x0000000010006b94       0x14 CMakeFiles/main.dir/home/kyara/pico-sdk/src/rp2_common/hardware_i2c/i2c.c.o
                0x0000000010006b94                i2c_write_blocking
 .text.adc_init
                0x0000000010006ba8       0x38 CMakeFiles/main.dir/home/kyara/pico-sdk/src/rp2_common/hardware_adc/adc.c.o
                0x0000000010006ba8                adc_init
 .text          0x0000000010006be0       0x28 /usr/lib/gcc/arm-none-eabi/10.3.1/../../../arm-none-eabi/lib/thumb/v6-m/nofp/libg.a(lib_a-malloc.o)
                0x0000000010006be0                malloc
                0x0000000010006bf4                free
 .text          0x0000000010006c08      0x574 /usr/lib/gcc/arm-none-eabi/10.3.1/../../../arm-none-eabi/lib/thumb/v6-m/nofp/libg.a(lib_a-mallocr.o)
                0x0000000010006c08                _malloc_r
 .text          0x000000001000717c        0x8 /usr/lib/gcc/arm-none-eabi/10.3.1/../../../arm-none-eabi/lib/thumb/v6-m/nofp/libg.a(lib_a-mlock.o)
                0x000000001000717c                __malloc_lock
                0x0000000010007180                __malloc_unlock
 .text          0x0000000010007184       0x24 /usr/lib/gcc/arm-none-eabi/10.3.1/../../../arm-none-eabi/lib/thumb/v6-m/nofp/libg.a(lib_a-sbrkr.o)
                0x0000000010007184                _sbrk_r
 .text          0x00000000100071a8       0x5c /usr/lib/gcc/arm-none-eabi/10.3.1/../../../arm-none-eabi/lib/thumb/v6-m/nofp/libg.a(lib_a-strlen-stub.o)
                0x00000000100071a8                strlen
 .text          0x0000000010007204      0x260 /usr/lib/gcc/arm-none-eabi/10.3.1/../../../arm-none-eabi/lib/thumb/v6-m/nofp/libg.a(lib_a-freer.o)
                0x0000000010007204                _malloc_trim_r
                0x00000000100072a0                _free_r
 *(.fini)
 .fini          0x0000000010007464        0x4 /usr/lib/gcc/arm-none-eabi/10.3.1/thumb/v6-m/nofp/crti.o
                0x0000000010007464                _fini
 .fini.__stub   0x0000000010007468       0xd0 linker stubs
 *crtbegin.o(.ctors)
 *crtbegin?.o(.ctors)
 *(EXCLUDE_FILE(*crtend.o *crtend?.o) .ctors)
 *(SORT_BY_NAME(.ctors.*))
 *(.ctors)
 *crtbegin.o(.dtors)
 *crtbegin?.o(.dtors)
 *(EXCLUDE_FILE(*crtend.o *crtend?.o) .dtors)
 *(SORT_BY_NAME(.dtors.*))
 *(.dtors)
                0x0000000010007538                . = ALIGN (0x4)
                0x0000000010007538                PROVIDE (__preinit_array_start = .)
 *(SORT_BY_NAME(.preinit_array.*))
 .preinit_array.00100
                0x0000000010007538        0x4 CMakeFiles/main.dir/home/kyara/pico-sdk/src/rp2_common/pico_runtime_init/runtime_init.c.o
                0x0000000010007538                __pre_init_runtime_init_early_resets
 .preinit_array.00101
                0x000000001000753c        0x4 CMakeFiles/main.dir/home/kyara/pico-sdk/src/rp2_common/pico_runtime_init/runtime_init.c.o
                0x000000001000753c                __pre_init_runtime_init_usb_power_down
 .preinit_array.00275
                0x0000000010007540        0x4 CMakeFiles/main.dir/home/kyara/pico-sdk/src/rp2_common/pico_bit_ops/bit_ops_aeabi.S.o
 .preinit_array.00300
                0x0000000010007544        0x4 CMakeFiles/main.dir/home/kyara/pico-sdk/src/rp2_common/pico_mem_ops/mem_ops_aeabi.S.o
 .preinit_array.00350
                0x0000000010007548        0x4 CMakeFiles/main.dir/home/kyara/pico-sdk/src/rp2_common/pico_double/double_aeabi_rp2040.S.o
 .preinit_array.00350
                0x000000001000754c        0x4 CMakeFiles/main.dir/home/kyara/pico-sdk/src/rp2_common/pico_float/float_aeabi_rp2040.S.o
 .preinit_array.00500
                0x0000000010007550        0x4 CMakeFiles/main.dir/home/kyara/pico-sdk/src/rp2_common/pico_runtime_init/runtime_init.c.o
                0x0000000010007550                __pre_init_runtime_init_clocks
 .preinit_array.00600
                0x0000000010007554        0x4 CMakeFiles/main.dir/home/kyara/pico-sdk/src/rp2_common/pico_runtime_init/runtime_init.c.o
                0x0000000010007554                __pre_init_runtime_init_post_clock_resets
 .preinit_array.00700
                0x0000000010007558        0x4 CMakeFiles/main.dir/home/kyara/pico-sdk/src/rp2_common/pico_runtime_init/runtime_init.c.o
                0x0000000010007558                __pre_init_runtime_init_rp2040_gpio_ie_disable
 .preinit_array.01000
                0x000000001000755c        0x4 CMakeFiles/main.dir/home/kyara/pico-sdk/src/rp2_common/pico_runtime_init/runtime_init.c.o
                0x000000001000755c                __pre_init_runtime_init_spin_locks_reset
 .preinit_array.01100
                0x0000000010007560        0x4 CMakeFiles/main.dir/home/kyara/pico-sdk/src/common/pico_sync/mutex.c.o
                0x0000000010007560                __pre_init_runtime_init_mutex
 .preinit_array.10080
                0x0000000010007564        0x4 CMakeFiles/main.dir/home/kyara/pico-sdk/src/rp2_common/pico_runtime_init/runtime_init.c.o
                0x0000000010007564                __pre_init_runtime_init_install_ram_vector_table
 .preinit_array.11000
                0x0000000010007568        0x4 CMakeFiles/main.dir/home/kyara/pico-sdk/src/common/pico_time/time.c.o
                0x0000000010007568                __pre_init_runtime_init_default_alarm_pool
 .preinit_array.YYYYY
                0x000000001000756c        0x4 CMakeFiles/main.dir/home/kyara/pico-sdk/src/rp2_common/pico_runtime/runtime.c.o
                0x000000001000756c                __pre_init_first_per_core_initializer
 .preinit_array.ZZZZZ.01200
                0x0000000010007570        0x4 CMakeFiles/main.dir/home/kyara/pico-sdk/src/rp2_common/hardware_irq/irq.c.o
                0x0000000010007570                __pre_init_runtime_init_per_core_irq_priorities
 *(.preinit_array)
                0x0000000010007574                PROVIDE (__preinit_array_end = .)
                0x0000000010007574                . = ALIGN (0x4)
                0x0000000010007574                PROVIDE (__init_array_start = .)
 *(SORT_BY_NAME(.init_array.*))
 *(.init_array)
 .init_array    0x0000000010007574        0x4 /usr/lib/gcc/arm-none-eabi/10.3.1/thumb/v6-m/nofp/crtbegin.o
 .init_array    0x0000000010007578        0x4 CMakeFiles/main.dir/home/kyara/pico-sdk/src/rp2_common/pico_unique_id/unique_id.c.o
                0x000000001000757c                PROVIDE (__init_array_end = .)
                0x000000001000757c                . = ALIGN (0x4)
                0x000000001000757c                PROVIDE (__fini_array_start = .)
 *(SORT_BY_NAME(.fini_array.*))
 *(.fini_array)
                0x000000001000757c                PROVIDE (__fini_array_end = .)
 *(.eh_frame*)
 .eh_frame      0x000000001000757c        0x0 /usr/lib/gcc/arm-none-eabi/10.3.1/thumb/v6-m/nofp/crtbegin.o
                0x000000001000757c                . = ALIGN (0x4)

.glue_7         0x000000001000757c        0x0
 .glue_7        0x000000001000757c        0x0 linker stubs

.glue_7t        0x000000001000757c        0x0
 .glue_7t       0x000000001000757c        0x0 linker stubs

.vfp11_veneer   0x000000001000757c        0x0
 .vfp11_veneer  0x000000001000757c        0x0 linker stubs

.v4_bx          0x000000001000757c        0x0
 .v4_bx         0x000000001000757c        0x0 linker stubs

.iplt           0x000000001000757c        0x0
 .iplt          0x000000001000757c        0x0 /usr/lib/gcc/arm-none-eabi/10.3.1/thumb/v6-m/nofp/crtbegin.o

.rodata         0x0000000010007580      0x8cc
 *(EXCLUDE_FILE(*libm.a: *libc.a:*lib_a-mem*.o *libgcc.a:) .rodata*)
 .rodata.main.str1.4
                0x0000000010007580       0x19 CMakeFiles/main.dir/main.c.o
 *fill*         0x0000000010007599        0x3 
 .rodata        0x000000001000759c       0x1a CMakeFiles/main.dir/inc/ssd1306_i2c.c.o
 *fill*         0x00000000100075b6        0x2 
 .rodata.font   0x00000000100075b8      0x128 CMakeFiles/main.dir/inc/ssd1306_i2c.c.o
 .rodata.panic.str1.4
                0x00000000100076e0       0x12 CMakeFiles/main.dir/home/kyara/pico-sdk/src/rp2_common/pico_platform_panic/panic.c.o
 *fill*         0x00000000100076f2        0x2 
 .rodata.spin_lock_claim_unused.str1.4
                0x00000000100076f4       0x1b CMakeFiles/main.dir/home/kyara/pico-sdk/src/rp2_common/hardware_sync/sync.c.o
 *fill*         0x000000001000770f        0x1 
 .rodata.user_irq_claim_unused.str1.4
                0x0000000010007710       0x1b CMakeFiles/main.dir/home/kyara/pico-sdk/src/rp2_common/hardware_irq/irq.c.o
 *fill*         0x000000001000772b        0x1 
 .rodata.timer_hardware_alarm_claim.str1.4
                0x000000001000772c       0x22 CMakeFiles/main.dir/home/kyara/pico-sdk/src/rp2_common/hardware_timer/timer.c.o
 *fill*         0x000000001000774e        0x2 
 .rodata.hard_assertion_failure.str1.4
                0x0000000010007750        0xc CMakeFiles/main.dir/home/kyara/pico-sdk/src/rp2_common/pico_runtime/runtime.c.o
 .rodata.__wrap_malloc.str1.4
                0x000000001000775c        0xe CMakeFiles/main.dir/home/kyara/pico-sdk/src/rp2_common/pico_malloc/malloc.c.o
 *fill*         0x000000001000776a        0x2 
 .rodata.str1.4
                0x000000001000776c       0x3c CMakeFiles/main.dir/home/kyara/pico-sdk/src/rp2_common/pico_standard_binary_info/standard_binary_info.c.o
 .rodata.__bi_26
                0x00000000100077a8        0xc CMakeFiles/main.dir/home/kyara/pico-sdk/src/rp2_common/pico_standard_binary_info/standard_binary_info.c.o
 .rodata.__bi_34
                0x00000000100077b4        0xc CMakeFiles/main.dir/home/kyara/pico-sdk/src/rp2_common/pico_standard_binary_info/standard_binary_info.c.o
 .rodata.__bi_42
                0x00000000100077c0        0xc CMakeFiles/main.dir/home/kyara/pico-sdk/src/rp2_common/pico_standard_binary_info/standard_binary_info.c.o
 .rodata.__bi_48
                0x00000000100077cc        0xc CMakeFiles/main.dir/home/kyara/pico-sdk/src/rp2_common/pico_standard_binary_info/standard_binary_info.c.o
 .rodata.__bi_54
                0x00000000100077d8        0xc CMakeFiles/main.dir/home/kyara/pico-sdk/src/rp2_common/pico_standard_binary_info/standard_binary_info.c.o
 .rodata.__bi_78
                0x00000000100077e4        0xc CMakeFiles/main.dir/home/kyara/pico-sdk/src/rp2_common/pico_standard_binary_info/standard_binary_info.c.o
 .rodata.__bi_84
                0x00000000100077f0        0xc CMakeFiles/main.dir/home/kyara/pico-sdk/src/rp2_common/pico_standard_binary_info/standard_binary_info.c.o
 .rodata._ftoa.str1.4
                0x00000000100077fc       0x15 CMakeFiles/main.dir/home/kyara/pico-sdk/src/rp2_common/pico_printf/printf.c.o
 *fill*         0x0000000010007811        0x3 
 .rodata._vsnprintf
                0x0000000010007814      0x1e0 CMakeFiles/main.dir/home/kyara/pico-sdk/src/rp2_common/pico_printf/printf.c.o
 *fill*         0x00000000100079f4        0x4 
 .rodata.pow10.0
                0x00000000100079f8       0x50 CMakeFiles/main.dir/home/kyara/pico-sdk/src/rp2_common/pico_printf/printf.c.o
 .rodata.crlf_str.0
                0x0000000010007a48        0x2 CMakeFiles/main.dir/home/kyara/pico-sdk/src/rp2_common/pico_stdio/stdio.c.o
 *fill*         0x0000000010007a4a        0x2 
 .rodata._resetd_driver
                0x0000000010007a4c       0x20 CMakeFiles/main.dir/home/kyara/pico-sdk/src/rp2_common/pico_stdio_usb/reset_interface.c.o
 .rodata.desc_bos
                0x0000000010007a6c       0x21 CMakeFiles/main.dir/home/kyara/pico-sdk/src/rp2_common/pico_stdio_usb/reset_interface.c.o
                0x0000000010007a6c                desc_bos
 *fill*         0x0000000010007a8d        0x3 
 .rodata.desc_ms_os_20
                0x0000000010007a90       0xa6 CMakeFiles/main.dir/home/kyara/pico-sdk/src/rp2_common/pico_stdio_usb/reset_interface.c.o
 *fill*         0x0000000010007b36        0x2 
 .rodata.str1.4
                0x0000000010007b38       0x13 CMakeFiles/main.dir/home/kyara/pico-sdk/src/rp2_common/pico_stdio_usb/stdio_usb.c.o
 *fill*         0x0000000010007b4b        0x1 
 .rodata.__bi_197.0
                0x0000000010007b4c        0xc CMakeFiles/main.dir/home/kyara/pico-sdk/src/rp2_common/pico_stdio_usb/stdio_usb.c.o
 .rodata.str1.4
                0x0000000010007b58       0x2a CMakeFiles/main.dir/home/kyara/pico-sdk/src/rp2_common/pico_stdio_usb/stdio_usb_descriptors.c.o
 *fill*         0x0000000010007b82        0x2 
 .rodata.usbd_desc_cfg
                0x0000000010007b84       0x54 CMakeFiles/main.dir/home/kyara/pico-sdk/src/rp2_common/pico_stdio_usb/stdio_usb_descriptors.c.o
 .rodata.usbd_desc_device
                0x0000000010007bd8       0x12 CMakeFiles/main.dir/home/kyara/pico-sdk/src/rp2_common/pico_stdio_usb/stdio_usb_descriptors.c.o
 *fill*         0x0000000010007bea        0x2 
 .rodata.usbd_desc_str
                0x0000000010007bec       0x18 CMakeFiles/main.dir/home/kyara/pico-sdk/src/rp2_common/pico_stdio_usb/stdio_usb_descriptors.c.o
 .rodata.str1.4
                0x0000000010007c04       0x14 CMakeFiles/main.dir/home/kyara/pico-sdk/lib/tinyusb/src/portable/raspberrypi/rp2040/dcd_rp2040.c.o
 .rodata.str1.4
                0x0000000010007c18       0x48 CMakeFiles/main.dir/home/kyara/pico-sdk/lib/tinyusb/src/portable/raspberrypi/rp2040/rp2040_usb.c.o
 .rodata.tud_task_ext
                0x0000000010007c60       0x8c CMakeFiles/main.dir/home/kyara/pico-sdk/lib/tinyusb/src/device/usbd.c.o
 .rodata        0x0000000010007cec       0x1c CMakeFiles/main.dir/home/kyara/pico-sdk/lib/tinyusb/src/device/usbd.c.o
 .rodata._usbd_driver
                0x0000000010007d08       0x40 CMakeFiles/main.dir/home/kyara/pico-sdk/lib/tinyusb/src/device/usbd.c.o
 .rodata        0x0000000010007d48      0x101 /usr/lib/gcc/arm-none-eabi/10.3.1/../../../arm-none-eabi/lib/thumb/v6-m/nofp/libg.a(lib_a-ctype_.o)
                0x0000000010007d48                _ctype_
                0x0000000010007e4c                . = ALIGN (0x4)
 *fill*         0x0000000010007e49        0x3 
 *(SORT_BY_ALIGNMENT(SORT_BY_NAME(.flashdata*)))
                0x0000000010007e4c                . = ALIGN (0x4)

.ARM.extab
 *(.ARM.extab* .gnu.linkonce.armextab.*)
                0x0000000010007e4c                __exidx_start = .

.ARM.exidx
 *(.ARM.exidx* .gnu.linkonce.armexidx.*)
                0x0000000010007e4c                __exidx_end = .
                0x0000000010007e4c                . = ALIGN (0x4)
                0x0000000010007e4c                __binary_info_start = .

.binary_info    0x0000000010007e4c       0x20
 *(.binary_info.keep.*)
 .binary_info.keep.__bi_ptr26
                0x0000000010007e4c        0x4 CMakeFiles/main.dir/home/kyara/pico-sdk/src/rp2_common/pico_standard_binary_info/standard_binary_info.c.o
 .binary_info.keep.__bi_ptr34
                0x0000000010007e50        0x4 CMakeFiles/main.dir/home/kyara/pico-sdk/src/rp2_common/pico_standard_binary_info/standard_binary_info.c.o
 .binary_info.keep.__bi_ptr42
                0x0000000010007e54        0x4 CMakeFiles/main.dir/home/kyara/pico-sdk/src/rp2_common/pico_standard_binary_info/standard_binary_info.c.o
 .binary_info.keep.__bi_ptr48
                0x0000000010007e58        0x4 CMakeFiles/main.dir/home/kyara/pico-sdk/src/rp2_common/pico_standard_binary_info/standard_binary_info.c.o
 .binary_info.keep.__bi_ptr54
                0x0000000010007e5c        0x4 CMakeFiles/main.dir/home/kyara/pico-sdk/src/rp2_common/pico_standard_binary_info/standard_binary_info.c.o
 .binary_info.keep.__bi_ptr78
                0x0000000010007e60        0x4 CMakeFiles/main.dir/home/kyara/pico-sdk/src/rp2_common/pico_standard_binary_info/standard_binary_info.c.o
 .binary_info.keep.__bi_ptr84
                0x0000000010007e64        0x4 CMakeFiles/main.dir/home/kyara/pico-sdk/src/rp2_common/pico_standard_binary_info/standard_binary_info.c.o
 *(.binary_info.*)
 .binary_info.__bi_ptr197
                0x0000000010007e68        0x4 CMakeFiles/main.dir/home/kyara/pico-sdk/src/rp2_common/pico_stdio_usb/stdio_usb.c.o
                0x0000000010007e6c                __binary_info_end = .

.rel.dyn        0x0000000010007e6c        0x0
 .rel.iplt      0x0000000010007e6c        0x0 /usr/lib/gcc/arm-none-eabi/10.3.1/thumb/v6-m/nofp/crtbegin.o
                0x0000000010007e6c                . = ALIGN (0x4)

.ram_vector_table
                0x0000000020000000       0xc0
 *(.ram_vector_table)
 .ram_vector_table
                0x0000000020000000       0xc0 CMakeFiles/main.dir/home/kyara/pico-sdk/src/rp2_common/pico_runtime_init/runtime_init.c.o
                0x0000000020000000                ram_vector_table

.uninitialized_data
                0x00000000200000c0        0x0
                0x00000000200000c0                . = ALIGN (0x4)
 *(.uninitialized_data*)

.data           0x00000000200000c0     0x1820 load address 0x0000000010007e6c
                0x00000000200000c0                __data_start__ = .
 *(vtable)
 *(.time_critical*)
 .time_critical.mutex_try_enter
                0x00000000200000c0       0x44 CMakeFiles/main.dir/home/kyara/pico-sdk/src/common/pico_sync/mutex.c.o
                0x00000000200000c0                mutex_try_enter
 .time_critical.mutex_try_enter_block_until
                0x0000000020000104       0x9c CMakeFiles/main.dir/home/kyara/pico-sdk/src/common/pico_sync/mutex.c.o
                0x0000000020000104                mutex_try_enter_block_until
 .time_critical.mutex_enter_timeout_ms
                0x00000000200001a0       0x90 CMakeFiles/main.dir/home/kyara/pico-sdk/src/common/pico_sync/mutex.c.o
                0x00000000200001a0                mutex_enter_timeout_ms
 .time_critical.mutex_exit
                0x0000000020000230       0x28 CMakeFiles/main.dir/home/kyara/pico-sdk/src/common/pico_sync/mutex.c.o
                0x0000000020000230                mutex_exit
 .time_critical.flash_init_boot2_copyout
                0x0000000020000258       0x30 CMakeFiles/main.dir/home/kyara/pico-sdk/src/rp2_common/hardware_flash/flash.c.o
 .time_critical.flash_enable_xip_via_boot2
                0x0000000020000288       0x10 CMakeFiles/main.dir/home/kyara/pico-sdk/src/rp2_common/hardware_flash/flash.c.o
 .time_critical.flash_cs_force
                0x0000000020000298       0x38 CMakeFiles/main.dir/home/kyara/pico-sdk/src/rp2_common/hardware_flash/flash.c.o
 .time_critical.flash_do_cmd
                0x00000000200002d0       0xc4 CMakeFiles/main.dir/home/kyara/pico-sdk/src/rp2_common/hardware_flash/flash.c.o
                0x00000000200002d0                flash_do_cmd
 .time_critical.reset_non_control_endpoints
                0x0000000020000394       0xbc CMakeFiles/main.dir/home/kyara/pico-sdk/lib/tinyusb/src/portable/raspberrypi/rp2040/dcd_rp2040.c.o
 .time_critical.hw_handle_buff_status
                0x0000000020000450       0x98 CMakeFiles/main.dir/home/kyara/pico-sdk/lib/tinyusb/src/portable/raspberrypi/rp2040/dcd_rp2040.c.o
 .time_critical.dcd_rp2040_irq
                0x00000000200004e8      0x530 CMakeFiles/main.dir/home/kyara/pico-sdk/lib/tinyusb/src/portable/raspberrypi/rp2040/dcd_rp2040.c.o
 .time_critical.prepare_ep_buffer
                0x0000000020000a18       0xf4 CMakeFiles/main.dir/home/kyara/pico-sdk/lib/tinyusb/src/portable/raspberrypi/rp2040/rp2040_usb.c.o
 .time_critical.sync_ep_buffer
                0x0000000020000b0c       0xb4 CMakeFiles/main.dir/home/kyara/pico-sdk/lib/tinyusb/src/portable/raspberrypi/rp2040/rp2040_usb.c.o
 .time_critical._hw_endpoint_xfer_sync
                0x0000000020000bc0       0x28 CMakeFiles/main.dir/home/kyara/pico-sdk/lib/tinyusb/src/portable/raspberrypi/rp2040/rp2040_usb.c.o
 .time_critical.e15_is_bulkin_ep
                0x0000000020000be8       0x28 CMakeFiles/main.dir/home/kyara/pico-sdk/lib/tinyusb/src/portable/raspberrypi/rp2040/rp2040_usb.c.o
 .time_critical.e15_is_critical_frame_period
                0x0000000020000c10       0x34 CMakeFiles/main.dir/home/kyara/pico-sdk/lib/tinyusb/src/portable/raspberrypi/rp2040/rp2040_usb.c.o
 .time_critical.hw_endpoint_reset_transfer
                0x0000000020000c44        0xc CMakeFiles/main.dir/home/kyara/pico-sdk/lib/tinyusb/src/portable/raspberrypi/rp2040/rp2040_usb.c.o
                0x0000000020000c44                hw_endpoint_reset_transfer
 .time_critical._hw_endpoint_buffer_control_update32
                0x0000000020000c50       0x50 CMakeFiles/main.dir/home/kyara/pico-sdk/lib/tinyusb/src/portable/raspberrypi/rp2040/rp2040_usb.c.o
                0x0000000020000c50                _hw_endpoint_buffer_control_update32
 .time_critical.hw_endpoint_start_next_buffer
                0x0000000020000ca0       0x6c CMakeFiles/main.dir/home/kyara/pico-sdk/lib/tinyusb/src/portable/raspberrypi/rp2040/rp2040_usb.c.o
                0x0000000020000ca0                hw_endpoint_start_next_buffer
 .time_critical.hw_endpoint_xfer_continue
                0x0000000020000d0c       0x40 CMakeFiles/main.dir/home/kyara/pico-sdk/lib/tinyusb/src/portable/raspberrypi/rp2040/rp2040_usb.c.o
                0x0000000020000d0c                hw_endpoint_xfer_continue
 .time_critical.tinyusb
                0x0000000020000d4c      0x1f0 CMakeFiles/main.dir/home/kyara/pico-sdk/lib/tinyusb/src/device/usbd.c.o
                0x0000000020000d4c                dcd_event_handler
 *(.text*)
 .text          0x0000000020000f3c        0x4 /usr/lib/gcc/arm-none-eabi/10.3.1/thumb/v6-m/nofp/libgcc.a(_dvmd_tls.o)
                0x0000000020000f3c                __aeabi_ldiv0
                0x0000000020000f3c                __aeabi_idiv0
 .text.__stub   0x0000000020000f40       0x80 linker stubs
                0x0000000020000fc0                . = ALIGN (0x4)
 *(.rodata*)
                0x0000000020000fc0                . = ALIGN (0x4)
 *(.data*)
 .data.striped_spin_lock_num
                0x0000000020000fc0        0x1 CMakeFiles/main.dir/home/kyara/pico-sdk/src/rp2_common/hardware_sync/sync.c.o
 *fill*         0x0000000020000fc1        0x3 
 .data          0x0000000020000fc4       0x48 CMakeFiles/main.dir/home/kyara/pico-sdk/src/rp2_common/hardware_irq/irq_handler_chain.S.o
                0x0000000020000fc4                irq_handler_chain_slots
                0x0000000020000ff4                irq_handler_chain_first_slot
                0x0000000020000ffe                irq_handler_chain_remove_tail
 .data.default_alarm_pool
                0x000000002000100c       0x18 CMakeFiles/main.dir/home/kyara/pico-sdk/src/common/pico_time/time.c.o
 *fill*         0x0000000020001024        0xc 
 .data.aeabi_bits_funcs
                0x0000000020001030       0x10 CMakeFiles/main.dir/home/kyara/pico-sdk/src/rp2_common/pico_bit_ops/bit_ops_aeabi.S.o
                0x0000000020001030                aeabi_bits_funcs
                0x0000000020001040                aeabi_bits_funcs_end
 .data.aeabi_mem_funcs
                0x0000000020001040       0x10 CMakeFiles/main.dir/home/kyara/pico-sdk/src/rp2_common/pico_mem_ops/mem_ops_aeabi.S.o
                0x0000000020001040                aeabi_mem_funcs
                0x0000000020001050                aeabi_mem_funcs_end
 .data.stdio_usb
                0x0000000020001050       0x18 CMakeFiles/main.dir/home/kyara/pico-sdk/src/rp2_common/pico_stdio_usb/stdio_usb.c.o
                0x0000000020001050                stdio_usb
 .data._usbd_qdef
                0x0000000020001068       0x1c CMakeFiles/main.dir/home/kyara/pico-sdk/lib/tinyusb/src/device/usbd.c.o
                0x0000000020001068                _usbd_qdef
 .data._usbd_rhport
                0x0000000020001084        0x1 CMakeFiles/main.dir/home/kyara/pico-sdk/lib/tinyusb/src/device/usbd.c.o
 *fill*         0x0000000020001085        0x3 
 .data.i2c0_inst
                0x0000000020001088        0x8 CMakeFiles/main.dir/home/kyara/pico-sdk/src/rp2_common/hardware_i2c/i2c.c.o
                0x0000000020001088                i2c0_inst
 .data.i2c1_inst
                0x0000000020001090        0x8 CMakeFiles/main.dir/home/kyara/pico-sdk/src/rp2_common/hardware_i2c/i2c.c.o
                0x0000000020001090                i2c1_inst
 .data          0x0000000020001098      0x430 /usr/lib/gcc/arm-none-eabi/10.3.1/../../../arm-none-eabi/lib/thumb/v6-m/nofp/libg.a(lib_a-impure.o)
                0x0000000020001098                _impure_ptr
 .data          0x00000000200014c8      0x410 /usr/lib/gcc/arm-none-eabi/10.3.1/../../../arm-none-eabi/lib/thumb/v6-m/nofp/libg.a(lib_a-mallocr.o)
                0x00000000200014c8                __malloc_sbrk_base
                0x00000000200014cc                __malloc_trim_threshold
                0x00000000200014d0                __malloc_av_
                0x00000000200018d8                . = ALIGN (0x4)
 *(.after_data.*)
                0x00000000200018d8                . = ALIGN (0x4)
                0x00000000200018d8                PROVIDE (__mutex_array_start = .)
 *(SORT_BY_NAME(.mutex_array.*))
 *(.mutex_array)
 .mutex_array   0x00000000200018d8        0x8 CMakeFiles/main.dir/home/kyara/pico-sdk/src/rp2_common/pico_stdio/stdio.c.o
                0x00000000200018e0                PROVIDE (__mutex_array_end = .)
                0x00000000200018e0                . = ALIGN (0x4)
 *(.jcr)
                0x00000000200018e0                . = ALIGN (0x4)

.tm_clone_table
                0x00000000200018e0        0x0 load address 0x000000001000968c
 .tm_clone_table
                0x00000000200018e0        0x0 /usr/lib/gcc/arm-none-eabi/10.3.1/thumb/v6-m/nofp/crtbegin.o
 .tm_clone_table
                0x00000000200018e0        0x0 /usr/lib/gcc/arm-none-eabi/10.3.1/thumb/v6-m/nofp/crtend.o

.igot.plt       0x00000000200018e0        0x0 load address 0x000000001000968c
 .igot.plt      0x00000000200018e0        0x0 /usr/lib/gcc/arm-none-eabi/10.3.1/thumb/v6-m/nofp/crtbegin.o

.tdata          0x00000000200018e0        0x0 load address 0x000000001000968c
                0x00000000200018e0                . = ALIGN (0x4)
 *(.tdata .tdata.* .gnu.linkonce.td.*)
                0x00000000200018e0                __tdata_end = .
                0x00000000200018e0                PROVIDE (__data_end__ = .)
                0x0000000010007e6c                __etext = LOADADDR (.data)

.tbss           0x00000000200018e0        0x0 load address 0x000000001000968c
                0x00000000200018e0                . = ALIGN (0x4)
                0x00000000200018e0                __bss_start__ = .
                0x00000000200018e0                __tls_base = .
 *(.tbss .tbss.* .gnu.linkonce.tb.*)
 *(.tcommon)
                0x00000000200018e0                __tls_end = .

.bss            0x00000000200018e0      0xf3c load address 0x000000001000968c
                0x00000000200018e0                . = ALIGN (0x4)
                0x00000000200018e0                __tbss_end = .
 *(SORT_BY_ALIGNMENT(SORT_BY_NAME(.bss*)))
 .bss.default_alarm_pool_entries
                0x00000000200018e0      0x180 CMakeFiles/main.dir/home/kyara/pico-sdk/src/common/pico_time/time.c.o
 .bss.last_avail_time.1
                0x0000000020001a60        0x8 CMakeFiles/main.dir/home/kyara/pico-sdk/src/rp2_common/pico_stdio_usb/stdio_usb.c.o
 .bss.sd_table  0x0000000020001a68      0x100 CMakeFiles/main.dir/home/kyara/pico-sdk/src/rp2_common/pico_double/double_init_rom_rp2040.c.o
                0x0000000020001a68                sd_table
 .bss.sf_table  0x0000000020001b68      0x100 CMakeFiles/main.dir/home/kyara/pico-sdk/src/rp2_common/pico_float/float_init_rom_rp2040.c.o
                0x0000000020001b68                sf_table
 .bss           0x0000000020001c68       0x1c /usr/lib/gcc/arm-none-eabi/10.3.1/thumb/v6-m/nofp/crtbegin.o
 .bss           0x0000000020001c84       0x34 /usr/lib/gcc/arm-none-eabi/10.3.1/../../../arm-none-eabi/lib/thumb/v6-m/nofp/libg.a(lib_a-mallocr.o)
                0x0000000020001c84                __malloc_top_pad
                0x0000000020001c88                __malloc_current_mallinfo
                0x0000000020001cb0                __malloc_max_sbrked_mem
                0x0000000020001cb4                __malloc_max_total_mem
 .bss           0x0000000020001cb8        0x4 /usr/lib/gcc/arm-none-eabi/10.3.1/../../../arm-none-eabi/lib/thumb/v6-m/nofp/libg.a(lib_a-reent.o)
                0x0000000020001cb8                errno
 .bss._app_driver
                0x0000000020001cbc        0x4 CMakeFiles/main.dir/home/kyara/pico-sdk/lib/tinyusb/src/device/usbd.c.o
 .bss._cdcd_epbuf
                0x0000000020001cc0       0x80 CMakeFiles/main.dir/home/kyara/pico-sdk/lib/tinyusb/src/class/cdc/cdc_device.c.o
 .bss._cdcd_fifo_cfg
                0x0000000020001d40        0x1 CMakeFiles/main.dir/home/kyara/pico-sdk/lib/tinyusb/src/class/cdc/cdc_device.c.o
 *fill*         0x0000000020001d41        0x3 
 .bss._cdcd_itf
                0x0000000020001d44       0xc8 CMakeFiles/main.dir/home/kyara/pico-sdk/lib/tinyusb/src/class/cdc/cdc_device.c.o
 .bss._ctrl_epbuf
                0x0000000020001e0c       0x40 CMakeFiles/main.dir/home/kyara/pico-sdk/lib/tinyusb/src/device/usbd_control.c.o
 .bss._ctrl_xfer
                0x0000000020001e4c       0x14 CMakeFiles/main.dir/home/kyara/pico-sdk/lib/tinyusb/src/device/usbd_control.c.o
 .bss._tusb_rhport_role
                0x0000000020001e60        0x2 CMakeFiles/main.dir/home/kyara/pico-sdk/lib/tinyusb/src/tusb.c.o
                0x0000000020001e60                _tusb_rhport_role
 *fill*         0x0000000020001e62        0x2 
 .bss._ubsd_mutexdef
                0x0000000020001e64        0x8 CMakeFiles/main.dir/home/kyara/pico-sdk/lib/tinyusb/src/device/usbd.c.o
 .bss._usbd_dev
                0x0000000020001e6c       0x54 CMakeFiles/main.dir/home/kyara/pico-sdk/lib/tinyusb/src/device/usbd.c.o
 .bss._usbd_mutex
                0x0000000020001ec0        0x4 CMakeFiles/main.dir/home/kyara/pico-sdk/lib/tinyusb/src/device/usbd.c.o
 .bss._usbd_q   0x0000000020001ec4        0x4 CMakeFiles/main.dir/home/kyara/pico-sdk/lib/tinyusb/src/device/usbd.c.o
 .bss._usbd_qdef_buf
                0x0000000020001ec8       0xc0 CMakeFiles/main.dir/home/kyara/pico-sdk/lib/tinyusb/src/device/usbd.c.o
                0x0000000020001ec8                _usbd_qdef_buf
 .bss._vendord_epbuf
                0x0000000020001f88       0x80 CMakeFiles/main.dir/home/kyara/pico-sdk/lib/tinyusb/src/class/vendor/vendor_device.c.o
 .bss._vendord_itf
                0x0000000020002008      0x24c CMakeFiles/main.dir/home/kyara/pico-sdk/lib/tinyusb/src/class/vendor/vendor_device.c.o
 .bss.boot2_copyout
                0x0000000020002254      0x100 CMakeFiles/main.dir/home/kyara/pico-sdk/src/rp2_common/hardware_flash/flash.c.o
 .bss.chars_available_callback
                0x0000000020002354        0x4 CMakeFiles/main.dir/home/kyara/pico-sdk/src/rp2_common/pico_stdio_usb/stdio_usb.c.o
 .bss.chars_available_param
                0x0000000020002358        0x4 CMakeFiles/main.dir/home/kyara/pico-sdk/src/rp2_common/pico_stdio_usb/stdio_usb.c.o
 .bss.claimed   0x000000002000235c        0x4 CMakeFiles/main.dir/home/kyara/pico-sdk/src/rp2_common/hardware_sync/sync.c.o
 .bss.claimed   0x0000000020002360        0x1 CMakeFiles/main.dir/home/kyara/pico-sdk/src/rp2_common/hardware_timer/timer.c.o
 *fill*         0x0000000020002361        0x3 
 .bss.configured_freq
                0x0000000020002364       0x28 CMakeFiles/main.dir/home/kyara/pico-sdk/src/rp2_common/hardware_clocks/clocks.c.o
 .bss.desc_str.0
                0x000000002000238c       0x28 CMakeFiles/main.dir/home/kyara/pico-sdk/src/rp2_common/pico_stdio_usb/stdio_usb_descriptors.c.o
 .bss.drivers   0x00000000200023b4        0x4 CMakeFiles/main.dir/home/kyara/pico-sdk/src/rp2_common/pico_stdio/stdio.c.o
 .bss.e15_last_sof
                0x00000000200023b8        0x4 CMakeFiles/main.dir/home/kyara/pico-sdk/lib/tinyusb/src/portable/raspberrypi/rp2040/rp2040_usb.c.o
                0x00000000200023b8                e15_last_sof
 .bss.filter    0x00000000200023bc        0x4 CMakeFiles/main.dir/home/kyara/pico-sdk/src/rp2_common/pico_stdio/stdio.c.o
 .bss.heap_end.0
                0x00000000200023c0        0x4 CMakeFiles/main.dir/home/kyara/pico-sdk/src/rp2_common/pico_clib_interface/newlib_interface.c.o
 .bss.hw_endpoints
                0x00000000200023c4      0x400 CMakeFiles/main.dir/home/kyara/pico-sdk/lib/tinyusb/src/portable/raspberrypi/rp2040/dcd_rp2040.c.o
 .bss.lazy_vsnprintf
                0x00000000200027c4        0x4 CMakeFiles/main.dir/home/kyara/pico-sdk/src/rp2_common/pico_printf/printf.c.o
 .bss.load_value
                0x00000000200027c8        0x4 CMakeFiles/main.dir/home/kyara/pico-sdk/src/rp2_common/hardware_watchdog/watchdog.c.o
 .bss.next_buffer_ptr
                0x00000000200027cc        0x4 CMakeFiles/main.dir/home/kyara/pico-sdk/lib/tinyusb/src/portable/raspberrypi/rp2040/dcd_rp2040.c.o
 .bss.one_shot_timer_crit_sec
                0x00000000200027d0        0x8 CMakeFiles/main.dir/home/kyara/pico-sdk/src/rp2_common/pico_stdio_usb/stdio_usb.c.o
 .bss.pools     0x00000000200027d8       0x10 CMakeFiles/main.dir/home/kyara/pico-sdk/src/common/pico_time/time.c.o
 .bss.retrieved_id
                0x00000000200027e8        0x8 CMakeFiles/main.dir/home/kyara/pico-sdk/src/rp2_common/pico_unique_id/unique_id.c.o
 .bss.sf_clz_func
                0x00000000200027f0        0x4 CMakeFiles/main.dir/home/kyara/pico-sdk/src/rp2_common/pico_double/double_init_rom_rp2040.c.o
                0x00000000200027f0                sf_clz_func
 .bss.sleep_notifier
                0x00000000200027f4        0x4 CMakeFiles/main.dir/home/kyara/pico-sdk/src/common/pico_time/time.c.o
 .bss.stdio_usb_mutex
                0x00000000200027f8        0x8 CMakeFiles/main.dir/home/kyara/pico-sdk/src/rp2_common/pico_stdio_usb/stdio_usb.c.o
 .bss.usbd_serial_str
                0x0000000020002800       0x11 CMakeFiles/main.dir/home/kyara/pico-sdk/src/rp2_common/pico_stdio_usb/stdio_usb_descriptors.c.o
 .bss._app_driver_count
                0x0000000020002811        0x1 CMakeFiles/main.dir/home/kyara/pico-sdk/lib/tinyusb/src/device/usbd.c.o
 .bss._sof_enable
                0x0000000020002812        0x1 CMakeFiles/main.dir/home/kyara/pico-sdk/lib/tinyusb/src/portable/raspberrypi/rp2040/dcd_rp2040.c.o
 .bss._usbd_queued_setup
                0x0000000020002813        0x1 CMakeFiles/main.dir/home/kyara/pico-sdk/lib/tinyusb/src/device/usbd.c.o
 .bss.boot2_copyout_valid
                0x0000000020002814        0x1 CMakeFiles/main.dir/home/kyara/pico-sdk/src/rp2_common/hardware_flash/flash.c.o
 .bss.irq_handler_chain_free_slot_head
                0x0000000020002815        0x1 CMakeFiles/main.dir/home/kyara/pico-sdk/src/rp2_common/hardware_irq/irq.c.o
 .bss.itf_num   0x0000000020002816        0x1 CMakeFiles/main.dir/home/kyara/pico-sdk/src/rp2_common/pico_stdio_usb/reset_interface.c.o
 .bss.low_priority_irq_num
                0x0000000020002817        0x1 CMakeFiles/main.dir/home/kyara/pico-sdk/src/rp2_common/pico_stdio_usb/stdio_usb.c.o
 .bss.one_shot_timer_pending
                0x0000000020002818        0x1 CMakeFiles/main.dir/home/kyara/pico-sdk/src/rp2_common/pico_stdio_usb/stdio_usb.c.o
 .bss.user_irq_claimed
                0x0000000020002819        0x1 CMakeFiles/main.dir/home/kyara/pico-sdk/src/rp2_common/hardware_irq/irq.c.o
 *(COMMON)
                0x000000002000281c                . = ALIGN (0x4)
 *fill*         0x000000002000281a        0x2 
                0x000000002000281c                __bss_end__ = .

.heap           0x000000002000281c      0x800 load address 0x000000001000968c
                0x000000002000281c                __end__ = .
                0x000000002000281c                end = __end__
 *(.heap*)
 .heap          0x000000002000281c      0x800 CMakeFiles/main.dir/home/kyara/pico-sdk/src/rp2_common/pico_crt0/crt0.S.o
                0x0000000020040000                __HeapLimit = (ORIGIN (RAM) + LENGTH (RAM))

.scratch_x      0x0000000020040000        0x0 load address 0x000000001000968c
                0x0000000020040000                __scratch_x_start__ = .
 *(.scratch_x.*)
                0x0000000020040000                . = ALIGN (0x4)
                0x0000000020040000                __scratch_x_end__ = .
                0x000000001000968c                __scratch_x_source__ = LOADADDR (.scratch_x)

.scratch_y      0x0000000020041000        0x0 load address 0x000000001000968c
                0x0000000020041000                __scratch_y_start__ = .
 *(.scratch_y.*)
                0x0000000020041000                . = ALIGN (0x4)
                0x0000000020041000                __scratch_y_end__ = .
                0x000000001000968c                __scratch_y_source__ = LOADADDR (.scratch_y)

.stack1_dummy   0x0000000020040000        0x0
 *(.stack1*)

.stack_dummy    0x0000000020041000      0x800
 *(.stack*)
 .stack         0x0000000020041000      0x800 CMakeFiles/main.dir/home/kyara/pico-sdk/src/rp2_common/pico_crt0/crt0.S.o

.flash_end      0x000000001000968c        0x0
 *(.embedded_end_block*)
                0x000000001000968c                PROVIDE (__flash_binary_end = .)
                0x0000000020040000                __StackLimit = (ORIGIN (RAM) + LENGTH (RAM))
                0x0000000020041000                __StackOneTop = (ORIGIN (SCRATCH_X) + LENGTH (SCRATCH_X))
                0x0000000020042000                __StackTop = (ORIGIN (SCRATCH_Y) + LENGTH (SCRATCH_Y))
                0x0000000020041000                __StackOneBottom = (__StackOneTop - SIZEOF (.stack1_dummy))
                0x0000000020041800                __StackBottom = (__StackTop - SIZEOF (.stack_dummy))
                0x0000000020042000                PROVIDE (__stack = __StackTop)
                [!provide]                        PROVIDE (__heap_start = __end__)
                [!provide]                        PROVIDE (__heap_end = __HeapLimit)
                [!provide]                        PROVIDE (__tls_align = MAX (ALIGNOF (.tdata), ALIGNOF (.tbss)))
                [!provide]                        PROVIDE (__tls_size_align = (((__tls_size + __tls_align) - 0x1) & ~ ((__tls_align - 0x1))))
                [!provide]                        PROVIDE (__arm32_tls_tcb_offset = MAX (0x8, __tls_align))
                [!provide]                        PROVIDE (_end = __end__)
                [!provide]                        PROVIDE (__llvm_libc_heap_limit = __HeapLimit)
                0x0000000000000001                ASSERT ((__StackLimit >= __HeapLimit), region RAM overflowed)
                0x0000000000000001                ASSERT (((__binary_info_header_end - __logical_binary_start) <= 0x100), Binary info must be in first 256 bytes of the binary)
LOAD CMakeFiles/main.dir/main.c.o
LOAD CMakeFiles/main.dir/inc/ssd1306_i2c.c.o
LOAD CMakeFiles/main.dir/home/kyara/pico-sdk/src/rp2_common/pico_stdlib/stdlib.c.o
LOAD CMakeFiles/main.dir/home/kyara/pico-sdk/src/rp2_common/hardware_gpio/gpio.c.o
LOAD CMakeFiles/main.dir/home/kyara/pico-sdk/src/rp2040/pico_platform/platform.c.o
LOAD CMakeFiles/main.dir/home/kyara/pico-sdk/src/rp2_common/pico_platform_panic/panic.c.o
LOAD CMakeFiles/main.dir/home/kyara/pico-sdk/src/common/hardware_claim/claim.c.o
LOAD CMakeFiles/main.dir/home/kyara/pico-sdk/src/rp2_common/hardware_sync/sync.c.o
LOAD CMakeFiles/main.dir/home/kyara/pico-sdk/src/rp2_common/hardware_sync_spin_lock/sync_spin_lock.c.o
LOAD CMakeFiles/main.dir/home/kyara/pico-sdk/src/rp2_common/hardware_irq/irq.c.o
LOAD CMakeFiles/main.dir/home/kyara/pico-sdk/src/rp2_common/hardware_irq/irq_handler_chain.S.o
LOAD CMakeFiles/main.dir/home/kyara/pico-sdk/src/common/pico_sync/sem.c.o
LOAD CMakeFiles/main.dir/home/kyara/pico-sdk/src/common/pico_sync/lock_core.c.o
LOAD CMakeFiles/main.dir/home/kyara/pico-sdk/src/common/pico_sync/mutex.c.o
LOAD CMakeFiles/main.dir/home/kyara/pico-sdk/src/common/pico_sync/critical_section.c.o
LOAD CMakeFiles/main.dir/home/kyara/pico-sdk/src/common/pico_time/time.c.o
LOAD CMakeFiles/main.dir/home/kyara/pico-sdk/src/common/pico_time/timeout_helper.c.o
LOAD CMakeFiles/main.dir/home/kyara/pico-sdk/src/rp2_common/hardware_timer/timer.c.o
LOAD CMakeFiles/main.dir/home/kyara/pico-sdk/src/common/pico_util/datetime.c.o
LOAD CMakeFiles/main.dir/home/kyara/pico-sdk/src/common/pico_util/pheap.c.o
LOAD CMakeFiles/main.dir/home/kyara/pico-sdk/src/common/pico_util/queue.c.o
LOAD CMakeFiles/main.dir/home/kyara/pico-sdk/src/rp2_common/hardware_uart/uart.c.o
LOAD CMakeFiles/main.dir/home/kyara/pico-sdk/src/rp2_common/hardware_clocks/clocks.c.o
LOAD CMakeFiles/main.dir/home/kyara/pico-sdk/src/rp2_common/hardware_pll/pll.c.o
LOAD CMakeFiles/main.dir/home/kyara/pico-sdk/src/rp2_common/hardware_vreg/vreg.c.o
LOAD CMakeFiles/main.dir/home/kyara/pico-sdk/src/rp2_common/hardware_watchdog/watchdog.c.o
LOAD CMakeFiles/main.dir/home/kyara/pico-sdk/src/rp2_common/hardware_ticks/ticks.c.o
LOAD CMakeFiles/main.dir/home/kyara/pico-sdk/src/rp2_common/pico_bootrom/bootrom.c.o