Archive member included to satisfy reference by file (symbol)

/usr/lib/gcc/arm-none-eabi/10.3.1/thumb/v6-m/nofp/libgcc.a(_dvmd_tls.o)
                              CMakeFiles/main.dir/home/pico-sdk/src/rp2_common/pico_divider/divider_hardware.S.o (__aeabi_idiv0)
/usr/lib/gcc/arm-none-eabi/10.3.1/../../../arm-none-eabi/lib/thumb/v6-m/nofp/libg.a(lib_a-atexit.o)
                              /usr/lib/gcc/arm-none-eabi/10.3.1/../../../arm-none-eabi/lib/thumb/v6-m/nofp/crt0.o (atexit)
/usr/lib/gcc/arm-none-eabi/10.3.1/../../../arm-none-eabi/lib/thumb/v6-m/nofp/libg.a(lib_a-calloc.o)
                              CMakeFiles/main.dir/home/pico-sdk/src/rp2_common/pico_malloc/malloc.c.o (calloc)
/usr/lib/gcc/arm-none-eabi/10.3.1/../../../arm-none-eabi/lib/thumb/v6-m/nofp/libg.a(lib_a-callocr.o)
                              /usr/lib/gcc/arm-none-eabi/10.3.1/../../../arm-none-eabi/lib/thumb/v6-m/nofp/libg.a(lib_a-calloc.o) (_calloc_r)
/usr/lib/gcc/arm-none-eabi/10.3.1/../../../arm-none-eabi/lib/thumb/v6-m/nofp/libg.a(lib_a-ctype_.o)
                              CMakeFiles/main.dir/inc/ssd1306_i2c.c.o (_ctype_)
/usr/lib/gcc/arm-none-eabi/10.3.1/../../../arm-none-eabi/lib/thumb/v6-m/nofp/libg.a(lib_a-fini.o)
                              /usr/lib/gcc/arm-none-eabi/10.3.1/../../../arm-none-eabi/lib/thumb/v6-m/nofp/crt0.o (__libc_fini_array)
/usr/lib/gcc/arm-none-eabi/10.3.1/../../../arm-none-eabi/lib/thumb/v6-m/nofp/libg.a(lib_a-impure.o)
                              /usr/lib/gcc/arm-none-eabi/10.3.1/../../../arm-none-eabi/lib/thumb/v6-m/nofp/libg.a(lib_a-calloc.o) (_impure_ptr)
/usr/lib/gcc/arm-none-eabi/10.3.1/../../../arm-none-eabi/lib/thumb/v6-m/nofp/libg.a(lib_a-init.o)
                              /usr/lib/gcc/arm-none-eabi/10.3.1/../../../arm-none-eabi/lib/thumb/v6-m/nofp/crt0.o (__libc_init_array)
/usr/lib/gcc/arm-none-eabi/10.3.1/../../../arm-none-eabi/lib/thumb/v6-m/nofp/libg.a(lib_a-lcltime_r.o)
                              CMakeFiles/main.dir/home/pico-sdk/src/common/pico_util/datetime.c.o (localtime_r)
/usr/lib/gcc/arm-none-eabi/10.3.1/../../../arm-none-eabi/lib/thumb/v6-m/nofp/libg.a(lib_a-malloc.o)
                              CMakeFiles/main.dir/home/pico-sdk/src/rp2_common/pico_malloc/malloc.c.o (malloc)
/usr/lib/gcc/arm-none-eabi/10.3.1/../../../arm-none-eabi/lib/thumb/v6-m/nofp/libg.a(lib_a-mallocr.o)
                              /usr/lib/gcc/arm-none-eabi/10.3.1/../../../arm-none-eabi/lib/thumb/v6-m/nofp/libg.a(lib_a-callocr.o) (_malloc_r)
/usr/lib/gcc/arm-none-eabi/10.3.1/../../../arm-none-eabi/lib/thumb/v6-m/nofp/libg.a(lib_a-memcmp.o)
                              CMakeFiles/main.dir/home/pico-sdk/src/rp2_common/pico_atomic/atomic.c.o (memcmp)
/usr/lib/gcc/arm-none-eabi/10.3.1/../../../arm-none-eabi/lib/thumb/v6-m/nofp/libg.a(lib_a-mktime.o)
                              CMakeFiles/main.dir/home/pico-sdk/src/common/pico_util/datetime.c.o (mktime)
/usr/lib/gcc/arm-none-eabi/10.3.1/../../../arm-none-eabi/lib/thumb/v6-m/nofp/libg.a(lib_a-mlock.o)
                              /usr/lib/gcc/arm-none-eabi/10.3.1/../../../arm-none-eabi/lib/thumb/v6-m/nofp/libg.a(lib_a-mallocr.o) (__malloc_lock)
/usr/lib/gcc/arm-none-eabi/10.3.1/../../../arm-none-eabi/lib/thumb/v6-m/nofp/libg.a(lib_a-month_lengths.o)
                              /usr/lib/gcc/arm-none-eabi/10.3.1/../../../arm-none-eabi/lib/thumb/v6-m/nofp/libg.a(lib_a-lcltime_r.o) (__month_lengths)
/usr/lib/gcc/arm-none-eabi/10.3.1/../../../arm-none-eabi/lib/thumb/v6-m/nofp/libg.a(lib_a-realloc.o)
                              CMakeFiles/main.dir/home/pico-sdk/src/rp2_common/pico_malloc/malloc.c.o (realloc)
/usr/lib/gcc/arm-none-eabi/10.3.1/../../../arm-none-eabi/lib/thumb/v6-m/nofp/libg.a(lib_a-reallocr.o)
                              /usr/lib/gcc/arm-none-eabi/10.3.1/../../../arm-none-eabi/lib/thumb/v6-m/nofp/libg.a(lib_a-realloc.o) (_realloc_r)
/usr/lib/gcc/arm-none-eabi/10.3.1/../../../arm-none-eabi/lib/thumb/v6-m/nofp/libg.a(lib_a-sbrkr.o)
                              /usr/lib/gcc/arm-none-eabi/10.3.1/../../../arm-none-eabi/lib/thumb/v6-m/nofp/libg.a(lib_a-mallocr.o) (_sbrk_r)
/usr/lib/gcc/arm-none-eabi/10.3.1/../../../arm-none-eabi/lib/thumb/v6-m/nofp/libg.a(lib_a-strlen-stub.o)
                              CMakeFiles/main.dir/home/pico-sdk/src/rp2_common/pico_stdio/stdio.c.o (strlen)
/usr/lib/gcc/arm-none-eabi/10.3.1/../../../arm-none-eabi/lib/thumb/v6-m/nofp/libg.a(lib_a-tzcalc_limits.o)
                              /usr/lib/gcc/arm-none-eabi/10.3.1/../../../arm-none-eabi/lib/thumb/v6-m/nofp/libg.a(lib_a-lcltime_r.o) (__tzcalc_limits)
/usr/lib/gcc/arm-none-eabi/10.3.1/../../../arm-none-eabi/lib/thumb/v6-m/nofp/libg.a(lib_a-tzlock.o)
                              /usr/lib/gcc/arm-none-eabi/10.3.1/../../../arm-none-eabi/lib/thumb/v6-m/nofp/libg.a(lib_a-lcltime_r.o) (__tz_lock)
/usr/lib/gcc/arm-none-eabi/10.3.1/../../../arm-none-eabi/lib/thumb/v6-m/nofp/libg.a(lib_a-tzset.o)
[...]
Memory Configuration

Name             Origin             Length             Attributes
FLASH            0x0000000010000000 0x0000000000200000 xr
RAM              0x0000000020000000 0x0000000000040000 xrw
SCRATCH_X        0x0000000020040000 0x0000000000001000 xrw
SCRATCH_Y        0x0000000020041000 0x0000000000001000 xrw
*default*        0x0000000000000000 0xffffffffffffffff

Linker script and memory map

LOAD /usr/lib/gcc/arm-none-eabi/10.3.1/thumb/v6-m/nofp/crti.o
LOAD /usr/lib/gcc/arm-none-eabi/10.3.1/thumb/v6-m/nofp/crtbegin.o
LOAD /usr/lib/gcc/arm-none-eabi/10.3.1/../../../arm-none-eabi/lib/thumb/v6-m/nofp/crt0.o

.flash_begin    0x0000000010000000        0x0
                0x0000000010000000                __flash_binary_start = .

.boot2          0x0000000010000000      0x100
                0x0000000010000000                __boot2_start__ = .
 *(.boot2)
 .boot2         0x0000000010000000      0x100 pico-sdk/src/rp2040/boot_stage2/CMakeFiles/bs2_default_library.dir/bs2_default_padded_checksummed.S.o
                0x0000000010000100                __boot2_end__ = .
                0x0000000000000001                ASSERT (((__boot2_end__ - __boot2_start__) == 0x100), ERROR: Pico second stage bootloader must be 256 bytes in size)

.text           0x0000000010000100     0x6eac
                0x0000000010000100                __logical_binary_start = .
 *(.vectors)
 .vectors       0x0000000010000100       0xd4 CMakeFiles/main.dir/home/pico-sdk/src/rp2_common/pico_crt0/crt0.S.o
                0x0000000010000100                __vectors
                0x0000000010000100                __VECTOR_TABLE
                0x00000000100001c0                isr_invalid
                0x00000000100001c0                __default_isrs_start
                0x00000000100001c2                isr_nmi
                0x00000000100001c4                isr_hardfault
                0x00000000100001c6                isr_svcall
                0x00000000100001c8                isr_pendsv
                0x00000000100001ca                isr_systick
                0x00000000100001cc                isr_irq30
                0x00000000100001cc                __unhandled_user_irq
                0x00000000100001cc                isr_irq13
                0x00000000100001cc                isr_irq27
                0x00000000100001cc                isr_irq31
                0x00000000100001cc                isr_irq5
                0x00000000100001cc                isr_irq11
                0x00000000100001cc                isr_irq23
                0x00000000100001cc                isr_irq18
                0x00000000100001cc                isr_irq28
                0x00000000100001cc                isr_irq19
                0x00000000100001cc                isr_irq0
                0x00000000100001cc                isr_irq6
                0x00000000100001cc                isr_irq22
                0x00000000100001cc                isr_irq17
                0x00000000100001cc                isr_irq14
                0x00000000100001cc                isr_irq2
                0x00000000100001cc                isr_irq10
                0x00000000100001cc                isr_irq8
                0x00000000100001cc                isr_irq24
                0x00000000100001cc                isr_irq1
                0x00000000100001cc                isr_irq7
                0x00000000100001cc                isr_irq21
                0x00000000100001cc                isr_irq20
                0x00000000100001cc                isr_irq15
                0x00000000100001cc                isr_irq25
                0x00000000100001cc                isr_irq4
                0x00000000100001cc                isr_irq16
                0x00000000100001cc                isr_irq29
                0x00000000100001cc                isr_irq26
                0x00000000100001cc                __default_isrs_end
                0x00000000100001cc                isr_irq3
                0x00000000100001cc                isr_irq12
                0x00000000100001cc                isr_irq9
                0x00000000100001d2                unhandled_user_irq_num_in_r0
 *(.binary_info_header)
 .binary_info_header
                0x00000000100001d4       0x14 CMakeFiles/main.dir/home/pico-sdk/src/rp2_common/pico_crt0/crt0.S.o
                0x00000000100001e8                __binary_info_header_end = .
 *(.embedded_block)
                0x00000000100001e8                __embedded_block_end = .
 *(.reset)
 .reset         0x00000000100001e8       0x9c CMakeFiles/main.dir/home/pico-sdk/src/rp2_common/pico_crt0/crt0.S.o
                0x00000000100001e8                _entry_point
 *(.init)
 .init          0x0000000010000284        0x4 /usr/lib/gcc/arm-none-eabi/10.3.1/thumb/v6-m/nofp/crti.o
                0x0000000010000284                _init
 *(EXCLUDE_FILE(*libm.a: *libc.a:*lib_a-mem*.o *libgcc.a:) .text*)
 .text          0x0000000010000288       0x98 /usr/lib/gcc/arm-none-eabi/10.3.1/thumb/v6-m/nofp/crtbegin.o
 .text.inicializa_joystick
                0x0000000010000320       0x58 CMakeFiles/main.dir/main.c.o
                0x0000000010000320                inicializa_joystick
 .text.startup.main
                0x0000000010000378      0x130 CMakeFiles/main.dir/main.c.o
                0x0000000010000378                main
 .text.calculate_render_area_buffer_length
                0x00000000100004a8       0x18 CMakeFiles/main.dir/inc/ssd1306_i2c.c.o
                0x00000000100004a8                calculate_render_area_buffer_length
 .text.ssd1306_init
                0x00000000100004c0       0x58 CMakeFiles/main.dir/inc/ssd1306_i2c.c.o
                0x00000000100004c0                ssd1306_init
 .text.render_on_display
                0x0000000010000518       0x9c CMakeFiles/main.dir/inc/ssd1306_i2c.c.o
                0x0000000010000518                render_on_display
 .text.ssd1306_draw_string
                0x00000000100005b4       0xd8 CMakeFiles/main.dir/inc/ssd1306_i2c.c.o
                0x00000000100005b4                ssd1306_draw_string
 .text.gpio_set_function
                0x000000001000068c       0x34 CMakeFiles/main.dir/home/pico-sdk/src/rp2_common/hardware_gpio/gpio.c.o
                0x000000001000068c                gpio_set_function
 .text.gpio_set_pulls
                0x00000000100006c0       0x34 CMakeFiles/main.dir/home/pico-sdk/src/rp2_common/hardware_gpio/gpio.c.o
                0x00000000100006c0                gpio_set_pulls
 .text.gpio_set_input_enabled
                0x00000000100006f4       0x28 CMakeFiles/main.dir/home/pico-sdk/src/rp2_common/hardware_gpio/gpio.c.o
                0x00000000100006f4                gpio_set_input_enabled
 .text.gpio_init
                0x000000001000071c       0x40 CMakeFiles/main.dir/home/pico-sdk/src/rp2_common/hardware_gpio/gpio.c.o
                0x000000001000071c                gpio_init
 .text.rp2040_chip_version
                0x000000001000075c        0xc CMakeFiles/main.dir/home/pico-sdk/src/rp2040/pico_platform/platform.c.o
                0x000000001000075c                rp2040_chip_version
 .text.panic    0x0000000010000768       0x30 CMakeFiles/main.dir/home/pico-sdk/src/rp2_common/pico_platform_panic/panic.c.o
                0x0000000010000768                panic
 .text.hw_claim_or_assert
                0x0000000010000798       0x44 CMakeFiles/main.dir/home/pico-sdk/src/common/hardware_claim/claim.c.o
                0x0000000010000798                hw_claim_or_assert
 .text.hw_claim_unused_from_range
                0x00000000100007dc       0x9c CMakeFiles/main.dir/home/pico-sdk/src/common/hardware_claim/claim.c.o
                0x00000000100007dc                hw_claim_unused_from_range
 .text.next_striped_spin_lock_num
                0x0000000010000878       0x18 CMakeFiles/main.dir/home/pico-sdk/src/rp2_common/hardware_sync/sync.c.o
                0x0000000010000878                next_striped_spin_lock_num
 .text.spin_lock_claim_unused
                0x0000000010000890       0x20 CMakeFiles/main.dir/home/pico-sdk/src/rp2_common/hardware_sync/sync.c.o
                0x0000000010000890                spin_lock_claim_unused
 .text.spin_locks_reset
                0x00000000100008b0       0x1c CMakeFiles/main.dir/home/pico-sdk/src/rp2_common/hardware_sync_spin_lock/sync_spin_lock.c.o
                0x00000000100008b0                spin_locks_reset
 .text.runtime_init_per_core_irq_priorities
                0x00000000100008cc       0x24 CMakeFiles/main.dir/home/pico-sdk/src/rp2_common/hardware_irq/irq.c.o
                0x00000000100008cc                runtime_init_per_core_irq_priorities
 .text.irq_set_enabled
                0x00000000100008f0       0x24 CMakeFiles/main.dir/home/pico-sdk/src/rp2_common/hardware_irq/irq.c.o
                0x00000000100008f0                irq_set_enabled
 .text.irq_is_enabled
                0x0000000010000914       0x18 CMakeFiles/main.dir/home/pico-sdk/src/rp2_common/hardware_irq/irq.c.o
                0x0000000010000914                irq_is_enabled
 .text.irq_set_pending
                0x000000001000092c       0x10 CMakeFiles/main.dir/home/pico-sdk/src/rp2_common/hardware_irq/irq.c.o
                0x000000001000092c                irq_set_pending
 .text.irq_has_shared_handler
                0x000000001000093c       0x2c CMakeFiles/main.dir/home/pico-sdk/src/rp2_common/hardware_irq/irq.c.o
                0x000000001000093c                irq_has_shared_handler
 .text.irq_set_exclusive_handler
                0x0000000010000968       0x54 CMakeFiles/main.dir/home/pico-sdk/src/rp2_common/hardware_irq/irq.c.o
                0x0000000010000968                irq_set_exclusive_handler
 .text.irq_add_shared_handler
                0x00000000100009bc      0x1e8 CMakeFiles/main.dir/home/pico-sdk/src/rp2_common/hardware_irq/irq.c.o
                0x00000000100009bc                irq_add_shared_handler
 .text.irq_add_tail_to_free_list
                0x0000000010000ba4       0xb4 CMakeFiles/main.dir/home/pico-sdk/src/rp2_common/hardware_irq/irq.c.o
                0x0000000010000ba4                irq_add_tail_to_free_list
 .text.user_irq_claim_unused
                0x0000000010000c58       0x28 CMakeFiles/main.dir/home/pico-sdk/src/rp2_common/hardware_irq/irq.c.o
                0x0000000010000c58                user_irq_claim_unused
 .text.lock_init
                0x0000000010000c80       0x10 CMakeFiles/main.dir/home/pico-sdk/src/common/pico_sync/lock_core.c.o
                0x0000000010000c80                lock_init
 .text.runtime_init_mutex
                0x0000000010000c90       0x58 CMakeFiles/main.dir/home/pico-sdk/src/common/pico_sync/mutex.c.o
                0x0000000010000c90                runtime_init_mutex
 .text.mutex_init
                0x0000000010000ce8       0x1c CMakeFiles/main.dir/home/pico-sdk/src/common/pico_sync/mutex.c.o
                0x0000000010000ce8                mutex_init
 .text.critical_section_init
                0x0000000010000d04       0x20 CMakeFiles/main.dir/home/pico-sdk/src/common/pico_sync/critical_section.c.o
                0x0000000010000d04                critical_section_init
 .text.critical_section_init_with_lock_num
                0x0000000010000d24       0x14 CMakeFiles/main.dir/home/pico-sdk/src/common/pico_sync/critical_section.c.o
                0x0000000010000d24                critical_section_init_with_lock_num
 .text.sleep_until_callback
                0x0000000010000d38       0x30 CMakeFiles/main.dir/home/pico-sdk/src/common/pico_time/time.c.o
 .text.alarm_pool_irq_handler
                0x0000000010000d68      0x308 CMakeFiles/main.dir/home/pico-sdk/src/common/pico_time/time.c.o
 .text.runtime_init_default_alarm_pool
                0x0000000010001070       0xdc CMakeFiles/main.dir/home/pico-sdk/src/common/pico_time/time.c.o
                0x0000000010001070                runtime_init_default_alarm_pool
 .text.alarm_pool_get_default
                0x000000001000114c        0x8 CMakeFiles/main.dir/home/pico-sdk/src/common/pico_time/time.c.o
                0x000000001000114c                alarm_pool_get_default
 .text.alarm_pool_add_alarm_at
                0x0000000010001154       0xc8 CMakeFiles/main.dir/home/pico-sdk/src/common/pico_time/time.c.o
                0x0000000010001154                alarm_pool_add_alarm_at
 .text.alarm_pool_add_alarm_at_force_in_context
                0x000000001000121c       0xb0 CMakeFiles/main.dir/home/pico-sdk/src/common/pico_time/time.c.o
                0x000000001000121c                alarm_pool_add_alarm_at_force_in_context
 .text.alarm_pool_cancel_alarm
                0x00000000100012cc       0x7c CMakeFiles/main.dir/home/pico-sdk/src/common/pico_time/time.c.o
                0x00000000100012cc                alarm_pool_cancel_alarm
 .text.alarm_pool_core_num
                0x0000000010001348        0x4 CMakeFiles/main.dir/home/pico-sdk/src/common/pico_time/time.c.o
                0x0000000010001348                alarm_pool_core_num
 .text.sleep_until
                0x000000001000134c       0xd0 CMakeFiles/main.dir/home/pico-sdk/src/common/pico_time/time.c.o
                0x000000001000134c                sleep_until
 .text.sleep_ms
                0x000000001000141c       0x34 CMakeFiles/main.dir/home/pico-sdk/src/common/pico_time/time.c.o
                0x000000001000141c                sleep_ms
 .text.best_effort_wfe_or_timeout
                0x0000000010001450       0xe0 CMakeFiles/main.dir/home/pico-sdk/src/common/pico_time/time.c.o
                0x0000000010001450                best_effort_wfe_or_timeout
 .text.timer_hardware_alarm_claim
                0x0000000010001530       0x14 CMakeFiles/main.dir/home/pico-sdk/src/rp2_common/hardware_timer/timer.c.o
                0x0000000010001530                timer_hardware_alarm_claim
 .text.timer_time_us_64
                0x0000000010001544       0x10 CMakeFiles/main.dir/home/pico-sdk/src/rp2_common/hardware_timer/timer.c.o
                0x0000000010001544                timer_time_us_64
 .text.time_us_64
                0x0000000010001554       0x14 CMakeFiles/main.dir/home/pico-sdk/src/rp2_common/hardware_timer/timer.c.o
                0x0000000010001554                time_us_64
 .text.busy_wait_until
                0x0000000010001568       0x20 CMakeFiles/main.dir/home/pico-sdk/src/rp2_common/hardware_timer/timer.c.o
                0x0000000010001568                busy_wait_until
 .text.clock_configure_int_divider
                0x0000000010001588       0xf4 CMakeFiles/main.dir/home/pico-sdk/src/rp2_common/hardware_clocks/clocks.c.o
                0x0000000010001588                clock_configure_int_divider
 .text.clock_configure_undivided
                0x000000001000167c       0xe8 CMakeFiles/main.dir/home/pico-sdk/src/rp2_common/hardware_clocks/clocks.c.o
                0x000000001000167c                clock_configure_undivided
 .text.clock_get_hz
                0x0000000010001764        0xc CMakeFiles/main.dir/home/pico-sdk/src/rp2_common/hardware_clocks/clocks.c.o
                0x0000000010001764                clock_get_hz
 .text.pll_init
                0x0000000010001770       0xa0 CMakeFiles/main.dir/home/pico-sdk/src/rp2_common/hardware_pll/pll.c.o
                0x0000000010001770                pll_init
 .text.watchdog_reboot
                0x0000000010001810       0x98 CMakeFiles/main.dir/home/pico-sdk/src/rp2_common/hardware_watchdog/watchdog.c.o
                0x0000000010001810                watchdog_reboot
 .text.tick_start
                0x00000000100018a8       0x10 CMakeFiles/main.dir/home/pico-sdk/src/rp2_common/hardware_ticks/ticks.c.o
                0x00000000100018a8                tick_start
 .text.rom_func_lookup
                0x00000000100018b8       0x10 CMakeFiles/main.dir/home/pico-sdk/src/rp2_common/pico_bootrom/bootrom.c.o
                0x00000000100018b8                rom_func_lookup
 .text.rom_data_lookup
                0x00000000100018c8       0x10 CMakeFiles/main.dir/home/pico-sdk/src/rp2_common/pico_bootrom/bootrom.c.o
                0x00000000100018c8                rom_data_lookup
 .text.rom_funcs_lookup
                0x00000000100018d8       0x44 CMakeFiles/main.dir/home/pico-sdk/src/rp2_common/pico_bootrom/bootrom.c.o
                0x00000000100018d8                rom_funcs_lookup
 .text.rom_reset_usb_boot_extra
                0x000000001000191c       0x28 CMakeFiles/main.dir/home/pico-sdk/src/rp2_common/pico_bootrom/bootrom.c.o
                0x000000001000191c                rom_reset_usb_boot_extra
 .text.xosc_init
                0x0000000010001944       0x28 CMakeFiles/main.dir/home/pico-sdk/src/rp2_common/hardware_xosc/xosc.c.o
                0x0000000010001944                xosc_init
 .text.first_per_core_initializer
                0x000000001000196c        0x4 CMakeFiles/main.dir/home/pico-sdk/src/rp2_common/pico_runtime/runtime.c.o
 .text.hard_assertion_failure
                0x0000000010001970        0xc CMakeFiles/main.dir/home/pico-sdk/src/rp2_common/pico_runtime/runtime.c.o
                0x0000000010001970                hard_assertion_failure
 .text.runtime_run_initializers
                0x000000001000197c       0x28 CMakeFiles/main.dir/home/pico-sdk/src/rp2_common/pico_runtime/runtime.c.o
                0x000000001000197c                runtime_run_initializers
 .text.runtime_init_early_resets
                0x00000000100019a4       0x2c CMakeFiles/main.dir/home/pico-sdk/src/rp2_common/pico_runtime_init/runtime_init.c.o
                0x00000000100019a4                runtime_init_early_resets
 .text.runtime_init_usb_power_down
                0x00000000100019d0       0x1c CMakeFiles/main.dir/home/pico-sdk/src/rp2_common/pico_runtime_init/runtime_init.c.o
                0x00000000100019d0                runtime_init_usb_power_down
 .text.runtime_init_post_clock_resets
                0x00000000100019ec       0x20 CMakeFiles/main.dir/home/pico-sdk/src/rp2_common/pico_runtime_init/runtime_init.c.o
                0x00000000100019ec                runtime_init_post_clock_resets
 .text.runtime_init_rp2040_gpio_ie_disable
                0x0000000010001a0c       0x14 CMakeFiles/main.dir/home/pico-sdk/src/rp2_common/pico_runtime_init/runtime_init.c.o
                0x0000000010001a0c                runtime_init_rp2040_gpio_ie_disable
 .text.runtime_init_spin_locks_reset
                0x0000000010001a20        0x8 CMakeFiles/main.dir/home/pico-sdk/src/rp2_common/pico_runtime_init/runtime_init.c.o
                0x0000000010001a20                runtime_init_spin_locks_reset
 .text.runtime_init_install_ram_vector_table
                0x0000000010001a28       0x1c CMakeFiles/main.dir/home/pico-sdk/src/rp2_common/pico_runtime_init/runtime_init.c.o
                0x0000000010001a28                runtime_init_install_ram_vector_table
 .text.runtime_init_clocks
                0x0000000010001a44       0xd8 CMakeFiles/main.dir/home/pico-sdk/src/rp2_common/pico_runtime_init/runtime_init_clocks.c.o
                0x0000000010001a44                runtime_init_clocks
 .text          0x0000000010001b1c       0x10 CMakeFiles/main.dir/home/pico-sdk/src/rp2_common/pico_bit_ops/bit_ops_aeabi.S.o
 .text.__wrap___aeabi_idiv
                0x0000000010001b2c       0x50 CMakeFiles/main.dir/home/pico-sdk/src/rp2_common/pico_divider/divider_hardware.S.o
                0x0000000010001b2c                __wrap___aeabi_idivmod
                0x0000000010001b2c                divmod_s32s32
                0x0000000010001b2c                div_s32s32
                0x0000000010001b2c                __wrap___aeabi_idiv
                0x0000000010001b34                divmod_s32s32_unsafe
                0x0000000010001b60                divmod_s32s32_savestate
 .text.__wrap___aeabi_uidiv
                0x0000000010001b7c       0x4c CMakeFiles/main.dir/home/pico-sdk/src/rp2_common/pico_divider/divider_hardware.S.o
                0x0000000010001b7c                __wrap___aeabi_uidiv
                0x0000000010001b7c                __wrap___aeabi_uidivmod
                0x0000000010001b7c                div_u32u32
                0x0000000010001b7c                divmod_u32u32
                0x0000000010001b84                divmod_u32u32_unsafe
                0x0000000010001bac                divmod_u32u32_savestate
 .text.__wrap___aeabi_ldiv
                0x0000000010001bc8      0x424 CMakeFiles/main.dir/home/pico-sdk/src/rp2_common/pico_divider/divider_hardware.S.o
                0x0000000010001bc8                div_s64s64
                0x0000000010001bc8                divmod_s64s64
                0x0000000010001bc8                __wrap___aeabi_ldivmod
                0x0000000010001bf8                div_u64u64
                0x0000000010001bf8                divmod_u64u64
                0x0000000010001bf8                __wrap___aeabi_uldivmod
                0x0000000010001c08                divmod_u64u64_savestate
                0x0000000010001c28                divmod_s64s64_unsafe
                0x0000000010001cb0                divmod_u64u64_unsafe
 .text.__wrap___aeabi_darithmetic
                0x0000000010001fec       0x60 CMakeFiles/main.dir/home/pico-sdk/src/rp2_common/pico_double/double_aeabi_rp2040.S.o
                0x0000000010001fec                __wrap___aeabi_drsub
                0x0000000010001ff2                __wrap___aeabi_dsub
                0x0000000010001ffc                __wrap___aeabi_dadd
                0x0000000010002006                __wrap___aeabi_ddiv
                0x000000001000203a                __wrap___aeabi_dmul
 .text.__wrap___aeabi_cdcmple
                0x000000001000204c       0x6c CMakeFiles/main.dir/home/pico-sdk/src/rp2_common/pico_double/double_aeabi_rp2040.S.o
                0x000000001000204c                __wrap___aeabi_cdrcmple
                0x000000001000205c                __wrap___aeabi_cdcmple
                0x000000001000205c                __wrap___aeabi_cdcmpeq
 .text.__wrap___aeabi_dcmplt
                0x00000000100020b8        0xc CMakeFiles/main.dir/home/pico-sdk/src/rp2_common/pico_double/double_aeabi_rp2040.S.o
                0x00000000100020b8                __wrap___aeabi_dcmplt
 .text.__wrap___aeabi_dcmple
                0x00000000100020c4       0x10 CMakeFiles/main.dir/home/pico-sdk/src/rp2_common/pico_double/double_aeabi_rp2040.S.o
                0x00000000100020c4                __wrap___aeabi_dcmple
 .text.__wrap___aeabi_dcmpge
                0x00000000100020d4       0x10 CMakeFiles/main.dir/home/pico-sdk/src/rp2_common/pico_double/double_aeabi_rp2040.S.o
                0x00000000100020d4                __wrap___aeabi_dcmpge
 .text.__wrap___aeabi_dcmpgt
                0x00000000100020e4        0xa CMakeFiles/main.dir/home/pico-sdk/src/rp2_common/pico_double/double_aeabi_rp2040.S.o
                0x00000000100020e4                __wrap___aeabi_dcmpgt
 .text.__wrap___aeabi_dcmpun
                0x00000000100020ee       0x18 CMakeFiles/main.dir/home/pico-sdk/src/rp2_common/pico_double/double_aeabi_rp2040.S.o
                0x00000000100020ee                __wrap___aeabi_dcmpun
 *fill*         0x0000000010002106        0x2 
 .text.__wrap___aeabi_i2d
                0x0000000010002108       0x38 CMakeFiles/main.dir/home/pico-sdk/src/rp2_common/pico_double/double_aeabi_rp2040.S.o
                0x0000000010002108                __wrap___aeabi_ui2d
                0x0000000010002110                __wrap___aeabi_i2d
 .text.__wrap___aeabi_d2iz
                0x0000000010002140       0x48 CMakeFiles/main.dir/home/pico-sdk/src/rp2_common/pico_double/double_aeabi_rp2040.S.o
                0x0000000010002140                __wrap___aeabi_d2iz
                0x0000000010002140                double2int_z
 .text.__wrap___aeabi_d2uiz
                0x0000000010002188       0x10 CMakeFiles/main.dir/home/pico-sdk/src/rp2_common/pico_double/double_aeabi_rp2040.S.o
                0x0000000010002188                double2uint
                0x0000000010002188                __wrap___aeabi_d2uiz
 .text.missing_double_func_shim
                0x0000000010002198        0xc CMakeFiles/main.dir/home/pico-sdk/src/rp2_common/pico_double/double_init_rom_rp2040.c.o
 .text.__aeabi_double_init
                0x00000000100021a4       0xa4 CMakeFiles/main.dir/home/pico-sdk/src/rp2_common/pico_double/double_init_rom_rp2040.c.o
                0x00000000100021a4                __aeabi_double_init
 .text.double_table_shim_on_use_helper
                0x0000000010002248       0x2c CMakeFiles/main.dir/home/pico-sdk/src/rp2_common/pico_double/double_v1_rom_shim_rp2040.S.o
                0x0000000010002248                double_table_shim_on_use_helper
 .text.__aeabi_lmul
                0x0000000010002274       0x32 CMakeFiles/main.dir/home/pico-sdk/src/rp2_common/pico_int64_ops/pico_int64_ops_aeabi.S.o
                0x0000000010002274                __wrap___aeabi_lmul
 *fill*         0x00000000100022a6        0x2 
 .text.missing_float_func_shim
                0x00000000100022a8        0xc CMakeFiles/main.dir/home/pico-sdk/src/rp2_common/pico_float/float_init_rom_rp2040.c.o
 .text.__aeabi_float_init
                0x00000000100022b4       0x5c CMakeFiles/main.dir/home/pico-sdk/src/rp2_common/pico_float/float_init_rom_rp2040.c.o
                0x00000000100022b4                __aeabi_float_init
 .text.__wrap_malloc
                0x0000000010002310       0x24 CMakeFiles/main.dir/home/pico-sdk/src/rp2_common/pico_malloc/malloc.c.o
                0x0000000010002310                __wrap_malloc
 .text.__wrap_free
                0x0000000010002334        0x8 CMakeFiles/main.dir/home/pico-sdk/src/rp2_common/pico_malloc/malloc.c.o
                0x0000000010002334                __wrap_free
 .text          0x000000001000233c       0x10 CMakeFiles/main.dir/home/pico-sdk/src/rp2_common/pico_mem_ops/mem_ops_aeabi.S.o
                0x000000001000233c                __aeabi_mem_init
 .text.memset   0x000000001000234c        0xc CMakeFiles/main.dir/home/pico-sdk/src/rp2_common/pico_mem_ops/mem_ops_aeabi.S.o
                0x000000001000234c                __wrap_memset
 .text.memcpy   0x0000000010002358        0xc CMakeFiles/main.dir/home/pico-sdk/src/rp2_common/pico_mem_ops/mem_ops_aeabi.S.o
                0x0000000010002358                __wrap___aeabi_memcpy
                0x0000000010002358                __wrap_memcpy
 .text._out_buffer
                0x0000000010002364        0x8 CMakeFiles/main.dir/home/pico-sdk/src/rp2_common/pico_printf/printf.c.o
 .text._out_null
                0x000000001000236c        0x4 CMakeFiles/main.dir/home/pico-sdk/src/rp2_common/pico_printf/printf.c.o
 .text._out_rev
                0x0000000010002370       0x9c CMakeFiles/main.dir/home/pico-sdk/src/rp2_common/pico_printf/printf.c.o
 .text._ntoa_format
                0x000000001000240c      0x1cc CMakeFiles/main.dir/home/pico-sdk/src/rp2_common/pico_printf/printf.c.o
 .text._out_char
                0x00000000100025d8       0x10 CMakeFiles/main.dir/home/pico-sdk/src/rp2_common/pico_printf/printf.c.o
 .text._etoa    0x00000000100025e8      0x44c CMakeFiles/main.dir/home/pico-sdk/src/rp2_common/pico_printf/printf.c.o
 .text._ftoa    0x0000000010002a34      0x398 CMakeFiles/main.dir/home/pico-sdk/src/rp2_common/pico_printf/printf.c.o
 .text._vsnprintf
                0x0000000010002dcc      0xb04 CMakeFiles/main.dir/home/pico-sdk/src/rp2_common/pico_printf/printf.c.o
 .text.__wrap_sprintf
                0x00000000100038d0       0x28 CMakeFiles/main.dir/home/pico-sdk/src/rp2_common/pico_printf/printf.c.o
                0x00000000100038d0                __wrap_sprintf
 .text.weak_raw_vprintf
                0x00000000100038f8       0x30 CMakeFiles/main.dir/home/pico-sdk/src/rp2_common/pico_printf/printf.c.o
                0x00000000100038f8                weak_raw_vprintf
 .text._exit    0x0000000010003928        0x4 CMakeFiles/main.dir/home/pico-sdk/src/rp2_common/pico_clib_interface/newlib_interface.c.o
                0x0000000010003928                _exit
 .text._sbrk    0x000000001000392c       0x34 CMakeFiles/main.dir/home/pico-sdk/src/rp2_common/pico_clib_interface/newlib_interface.c.o
                0x000000001000392c                _sbrk
 .text.exit     0x0000000010003960        0x8 CMakeFiles/main.dir/home/pico-sdk/src/rp2_common/pico_clib_interface/newlib_interface.c.o
                0x0000000010003960                exit
 .text.runtime_init
                0x0000000010003968       0x2c CMakeFiles/main.dir/home/pico-sdk/src/rp2_common/pico_clib_interface/newlib_interface.c.o
                0x0000000010003968                runtime_init
 .text.stdio_out_chars_no_crlf
                0x0000000010003994       0x10 CMakeFiles/main.dir/home/pico-sdk/src/rp2_common/pico_stdio/stdio.c.o
 .text.stdio_out_chars_crlf
                0x00000000100039a4       0xb4 CMakeFiles/main.dir/home/pico-sdk/src/rp2_common/pico_stdio/stdio.c.o
 .text.stdio_put_string
                0x0000000010003a58      0x100 CMakeFiles/main.dir/home/pico-sdk/src/rp2_common/pico_stdio/stdio.c.o
                0x0000000010003a58                stdio_put_string
 .text.stdio_set_driver_enabled
                0x0000000010003b58       0x30 CMakeFiles/main.dir/home/pico-sdk/src/rp2_common/pico_stdio/stdio.c.o
                0x0000000010003b58                stdio_set_driver_enabled
 .text.stdio_init_all
                0x0000000010003b88        0x8 CMakeFiles/main.dir/home/pico-sdk/src/rp2_common/pico_stdio/stdio.c.o
                0x0000000010003b88                stdio_init_all
 .text.__wrap_putchar
                0x0000000010003b90       0x98 CMakeFiles/main.dir/home/pico-sdk/src/rp2_common/pico_stdio/stdio.c.o
                0x0000000010003b90                stdio_putchar
                0x0000000010003b90                __wrap_putchar
 .text.__wrap_puts
                0x0000000010003c28       0x3c CMakeFiles/main.dir/home/pico-sdk/src/rp2_common/pico_stdio/stdio.c.o
                0x0000000010003c28                __wrap_puts
                0x0000000010003c28                stdio_puts
 .text.resetd_init
                0x0000000010003c64        0x4 CMakeFiles/main.dir/home/pico-sdk/src/rp2_common/pico_stdio_usb/reset_interface.c.o
 .text.resetd_reset
                0x0000000010003c68        0xc CMakeFiles/main.dir/home/pico-sdk/src/rp2_common/pico_stdio_usb/reset_interface.c.o
 .text.resetd_open
                0x0000000010003c74       0x28 CMakeFiles/main.dir/home/pico-sdk/src/rp2_common/pico_stdio_usb/reset_interface.c.o
 .text.resetd_xfer_cb
                0x0000000010003c9c        0x4 CMakeFiles/main.dir/home/pico-sdk/src/rp2_common/pico_stdio_usb/reset_interface.c.o
 .text.resetd_control_xfer_cb
                0x0000000010003ca0       0x60 CMakeFiles/main.dir/home/pico-sdk/src/rp2_common/pico_stdio_usb/reset_interface.c.o
 .text.tud_descriptor_bos_cb
                0x0000000010003d00        0x8 CMakeFiles/main.dir/home/pico-sdk/src/rp2_common/pico_stdio_usb/reset_interface.c.o
                0x0000000010003d00                tud_descriptor_bos_cb
 .text.tud_vendor_control_xfer_cb
                0x0000000010003d08       0x34 CMakeFiles/main.dir/home/pico-sdk/src/rp2_common/pico_stdio_usb/reset_interface.c.o
                0x0000000010003d08                tud_vendor_control_xfer_cb
 .text.usbd_app_driver_get_cb
                0x0000000010003d3c        0xc CMakeFiles/main.dir/home/pico-sdk/src/rp2_common/pico_stdio_usb/reset_interface.c.o
                0x0000000010003d3c                usbd_app_driver_get_cb
 .text.tud_cdc_line_coding_cb
                0x0000000010003d48       0x2c CMakeFiles/main.dir/home/pico-sdk/src/rp2_common/pico_stdio_usb/reset_interface.c.o
                0x0000000010003d48                tud_cdc_line_coding_cb
 .text.stdio_usb_set_chars_available_callback
                0x0000000010003d74       0x14 CMakeFiles/main.dir/home/pico-sdk/src/rp2_common/pico_stdio_usb/stdio_usb.c.o
                0x0000000010003d74                stdio_usb_set_chars_available_callback
 .text.usb_irq  0x0000000010003d88       0x10 CMakeFiles/main.dir/home/pico-sdk/src/rp2_common/pico_stdio_usb/stdio_usb.c.o
 .text.timer_task
                0x0000000010003d98       0x64 CMakeFiles/main.dir/home/pico-sdk/src/rp2_common/pico_stdio_usb/stdio_usb.c.o
 .text.stdio_usb_in_chars
                0x0000000010003dfc       0x90 CMakeFiles/main.dir/home/pico-sdk/src/rp2_common/pico_stdio_usb/stdio_usb.c.o
                0x0000000010003dfc                stdio_usb_in_chars
 .text.stdio_usb_out_flush
                0x0000000010003e8c       0x50 CMakeFiles/main.dir/home/pico-sdk/src/rp2_common/pico_stdio_usb/stdio_usb.c.o
 .text.stdio_usb_out_chars
                0x0000000010003edc      0x100 CMakeFiles/main.dir/home/pico-sdk/src/rp2_common/pico_stdio_usb/stdio_usb.c.o
 .text.low_priority_worker_irq
                0x0000000010003fdc       0xc8 CMakeFiles/main.dir/home/pico-sdk/src/rp2_common/pico_stdio_usb/stdio_usb.c.o
 .text.stdio_usb_init
                0x00000000100040a4       0xe4 CMakeFiles/main.dir/home/pico-sdk/src/rp2_common/pico_stdio_usb/stdio_usb.c.o
                0x00000000100040a4                stdio_usb_init
 .text.tud_descriptor_device_cb
                0x0000000010004188        0x8 CMakeFiles/main.dir/home/pico-sdk/src/rp2_common/pico_stdio_usb/stdio_usb_descriptors.c.o
                0x0000000010004188                tud_descriptor_device_cb
 .text.tud_descriptor_configuration_cb
                0x0000000010004190        0x8 CMakeFiles/main.dir/home/pico-sdk/src/rp2_common/pico_stdio_usb/stdio_usb_descriptors.c.o
                0x0000000010004190                tud_descriptor_configuration_cb
 .text.tud_descriptor_string_cb
                0x0000000010004198       0x74 CMakeFiles/main.dir/home/pico-sdk/src/rp2_common/pico_stdio_usb/stdio_usb_descriptors.c.o
                0x0000000010004198                tud_descriptor_string_cb
 .text.startup._retrieve_unique_id_on_boot
                0x000000001000420c       0x10 CMakeFiles/main.dir/home/pico-sdk/src/rp2_common/pico_unique_id/unique_id.c.o
 .text.pico_get_unique_board_id_string
                0x000000001000421c      0x1a8 CMakeFiles/main.dir/home/pico-sdk/src/rp2_common/pico_unique_id/unique_id.c.o
                0x000000001000421c                pico_get_unique_board_id_string
 .text.flash_get_unique_id
                0x00000000100043c4       0x40 CMakeFiles/main.dir/home/pico-sdk/src/rp2_common/hardware_flash/flash.c.o
                0x00000000100043c4                flash_get_unique_id
 .text.dcd_init
                0x0000000010004404       0x8c CMakeFiles/main.dir/home/pico-sdk/lib/tinyusb/src/portable/raspberrypi/rp2040/dcd_rp2040.c.o
                0x0000000010004404                dcd_init
 .text.dcd_int_enable
                0x0000000010004490        0xc CMakeFiles/main.dir/home/pico-sdk/lib/tinyusb/src/portable/raspberrypi/rp2040/dcd_rp2040.c.o
                0x0000000010004490                dcd_int_enable
 .text.dcd_set_address
                0x000000001000449c       0x14 CMakeFiles/main.dir/home/pico-sdk/lib/tinyusb/src/portable/raspberrypi/rp2040/dcd_rp2040.c.o
                0x000000001000449c                dcd_set_address
 .text.dcd_sof_enable
                0x00000000100044b0       0x1c CMakeFiles/main.dir/home/pico-sdk/lib/tinyusb/src/portable/raspberrypi/rp2040/dcd_rp2040.c.o
                0x00000000100044b0                dcd_sof_enable
 .text.dcd_edpt0_status_complete
                0x00000000100044cc       0x1c CMakeFiles/main.dir/home/pico-sdk/lib/tinyusb/src/portable/raspberrypi/rp2040/dcd_rp2040.c.o
                0x00000000100044cc                dcd_edpt0_status_complete
 .text.dcd_edpt_open
                0x00000000100044e8      0x108 CMakeFiles/main.dir/home/pico-sdk/lib/tinyusb/src/portable/raspberrypi/rp2040/dcd_rp2040.c.o
                0x00000000100044e8                dcd_edpt_open
 .text.dcd_edpt_close_all
                0x00000000100045f0        0x8 CMakeFiles/main.dir/home/pico-sdk/lib/tinyusb/src/portable/raspberrypi/rp2040/dcd_rp2040.c.o
                0x00000000100045f0                dcd_edpt_close_all
 .text.dcd_edpt_xfer
                0x00000000100045f8       0x24 CMakeFiles/main.dir/home/pico-sdk/lib/tinyusb/src/portable/raspberrypi/rp2040/dcd_rp2040.c.o
                0x00000000100045f8                dcd_edpt_xfer
 .text.dcd_edpt_stall
                0x000000001000461c       0x38 CMakeFiles/main.dir/home/pico-sdk/lib/tinyusb/src/portable/raspberrypi/rp2040/dcd_rp2040.c.o
                0x000000001000461c                dcd_edpt_stall
 .text.dcd_edpt_clear_stall
                0x0000000010004654       0x30 CMakeFiles/main.dir/home/pico-sdk/lib/tinyusb/src/portable/raspberrypi/rp2040/dcd_rp2040.c.o
                0x0000000010004654                dcd_edpt_clear_stall
 .text.rp2040_usb_init
                0x0000000010004684       0x40 CMakeFiles/main.dir/home/pico-sdk/lib/tinyusb/src/portable/raspberrypi/rp2040/rp2040_usb.c.o
                0x0000000010004684                rp2040_usb_init
 .text.hw_endpoint_xfer_start
                0x00000000100046c4       0x50 CMakeFiles/main.dir/home/pico-sdk/lib/tinyusb/src/portable/raspberrypi/rp2040/rp2040_usb.c.o
                0x00000000100046c4                hw_endpoint_xfer_start
 .text.tud_event_hook_cb
                0x0000000010004714        0x4 CMakeFiles/main.dir/home/pico-sdk/lib/tinyusb/src/device/usbd.c.o
                0x0000000010004714                tud_event_hook_cb
 .text.tud_sof_cb
                0x0000000010004718        0x4 CMakeFiles/main.dir/home/pico-sdk/lib/tinyusb/src/device/usbd.c.o
                0x0000000010004718                tud_sof_cb
 .text.tud_descriptor_device_qualifier_cb
                0x000000001000471c        0x4 CMakeFiles/main.dir/home/pico-sdk/lib/tinyusb/src/device/usbd.c.o
                0x000000001000471c                tud_descriptor_device_qualifier_cb
 .text.tud_descriptor_other_speed_configuration_cb
                0x0000000010004720        0x4 CMakeFiles/main.dir/home/pico-sdk/lib/tinyusb/src/device/usbd.c.o
                0x0000000010004720                tud_descriptor_other_speed_configuration_cb
 .text.tud_mount_cb
                0x0000000010004724        0x4 CMakeFiles/main.dir/home/pico-sdk/lib/tinyusb/src/device/usbd.c.o
                0x0000000010004724                tud_mount_cb
 .text.tud_umount_cb
                0x0000000010004728        0x4 CMakeFiles/main.dir/home/pico-sdk/lib/tinyusb/src/device/usbd.c.o
                0x0000000010004728                tud_umount_cb
 .text.tud_suspend_cb
                0x000000001000472c        0x4 CMakeFiles/main.dir/home/pico-sdk/lib/tinyusb/src/device/usbd.c.o
                0x000000001000472c                tud_suspend_cb
 .text.tud_resume_cb
                0x0000000010004730        0x4 CMakeFiles/main.dir/home/pico-sdk/lib/tinyusb/src/device/usbd.c.o
                0x0000000010004730                tud_resume_cb
 .text.tud_mounted
                0x0000000010004734       0x10 CMakeFiles/main.dir/home/pico-sdk/lib/tinyusb/src/device/usbd.c.o
                0x0000000010004734                tud_mounted
 .text.tud_suspended
                0x0000000010004744       0x10 CMakeFiles/main.dir/home/pico-sdk/lib/tinyusb/src/device/usbd.c.o
                0x0000000010004744                tud_suspended
 .text.tud_init
                0x0000000010004754       0xe4 CMakeFiles/main.dir/home/pico-sdk/lib/tinyusb/src/device/usbd.c.o
                0x0000000010004754                tud_init
 .text.tud_task_ext
                0x0000000010004838      0x800 CMakeFiles/main.dir/home/pico-sdk/lib/tinyusb/src/device/usbd.c.o
                0x0000000010004838                tud_task_ext
 .text.usbd_open_edpt_pair
                0x0000000010005038       0x9c CMakeFiles/main.dir/home/pico-sdk/lib/tinyusb/src/device/usbd.c.o
                0x0000000010005038                usbd_open_edpt_pair
 .text.usbd_edpt_open
                0x00000000100050d4       0x34 CMakeFiles/main.dir/home/pico-sdk/lib/tinyusb/src/device/usbd.c.o
                0x00000000100050d4                usbd_edpt_open
 .text.usbd_edpt_claim
                0x0000000010005108       0x28 CMakeFiles/main.dir/home/pico-sdk/lib/tinyusb/src/device/usbd.c.o
                0x0000000010005108                usbd_edpt_claim
 .text.usbd_edpt_release
                0x0000000010005130       0x28 CMakeFiles/main.dir/home/pico-sdk/lib/tinyusb/src/device/usbd.c.o
                0x0000000010005130                usbd_edpt_release
 .text.usbd_edpt_xfer
                0x0000000010005158       0x4c CMakeFiles/main.dir/home/pico-sdk/lib/tinyusb/src/device/usbd.c.o
                0x0000000010005158                usbd_edpt_xfer
 .text.tud_control_status
                0x00000000100051a4       0x30 CMakeFiles/main.dir/home/pico-sdk/lib/tinyusb/src/device/usbd_control.c.o
                0x00000000100051a4                tud_control_status
 .text.tud_control_xfer
                0x00000000100051d4       0xbc CMakeFiles/main.dir/home/pico-sdk/lib/tinyusb/src/device/usbd_control.c.o
                0x00000000100051d4                tud_control_xfer
 .text.usbd_control_reset
                0x0000000010005290       0x14 CMakeFiles/main.dir/home/pico-sdk/lib/tinyusb/src/device/usbd_control.c.o
                0x0000000010005290                usbd_control_reset
 .text.usbd_control_set_complete_callback
                0x00000000100052a4        0xc CMakeFiles/main.dir/home/pico-sdk/lib/tinyusb/src/device/usbd_control.c.o
                0x00000000100052a4                usbd_control_set_complete_callback
 .text.usbd_control_set_request
                0x00000000100052b0       0x1c CMakeFiles/main.dir/home/pico-sdk/lib/tinyusb/src/device/usbd_control.c.o
                0x00000000100052b0                usbd_control_set_request
 .text.usbd_control_xfer_cb
                0x00000000100052cc       0xf0 CMakeFiles/main.dir/home/pico-sdk/lib/tinyusb/src/device/usbd_control.c.o
                0x00000000100052cc                usbd_control_xfer_cb
 .text._prep_out_transaction.isra.0
                0x00000000100053bc       0x5c CMakeFiles/main.dir/home/pico-sdk/lib/tinyusb/src/class/cdc/cdc_device.c.o
 .text.tud_cdc_n_connected
                0x0000000010005418       0x30 CMakeFiles/main.dir/home/pico-sdk/lib/tinyusb/src/class/cdc/cdc_device.c.o
                0x0000000010005418                tud_cdc_n_connected
 .text.tud_cdc_n_available
                0x0000000010005448       0x18 CMakeFiles/main.dir/home/pico-sdk/lib/tinyusb/src/class/cdc/cdc_device.c.o
                0x0000000010005448                tud_cdc_n_available
 .text.tud_cdc_n_read
                0x0000000010005460       0x98 CMakeFiles/main.dir/home/pico-sdk/lib/tinyusb/src/class/cdc/cdc_device.c.o
                0x0000000010005460                tud_cdc_n_read
 .text.tud_cdc_n_write_flush
                0x00000000100054f8       0x78 CMakeFiles/main.dir/home/pico-sdk/lib/tinyusb/src/class/cdc/cdc_device.c.o
                0x00000000100054f8                tud_cdc_n_write_flush
 .text.tud_cdc_n_write
                0x0000000010005570       0x44 CMakeFiles/main.dir/home/pico-sdk/lib/tinyusb/src/class/cdc/cdc_device.c.o
                0x0000000010005570                tud_cdc_n_write
 .text.tud_cdc_n_write_available
                0x00000000100055b4       0x18 CMakeFiles/main.dir/home/pico-sdk/lib/tinyusb/src/class/cdc/cdc_device.c.o
                0x00000000100055b4                tud_cdc_n_write_available
 .text.cdcd_init
                0x00000000100055cc       0x7c CMakeFiles/main.dir/home/pico-sdk/lib/tinyusb/src/class/cdc/cdc_device.c.o
                0x00000000100055cc                cdcd_init
 .text.cdcd_deinit
                0x0000000010005648       0x24 CMakeFiles/main.dir/home/pico-sdk/lib/tinyusb/src/class/cdc/cdc_device.c.o
                0x0000000010005648                cdcd_deinit
 .text.cdcd_reset
                0x000000001000566c       0x4c CMakeFiles/main.dir/home/pico-sdk/lib/tinyusb/src/class/cdc/cdc_device.c.o
                0x000000001000566c                cdcd_reset
 .text.cdcd_open
                0x00000000100056b8       0xb4 CMakeFiles/main.dir/home/pico-sdk/lib/tinyusb/src/class/cdc/cdc_device.c.o
                0x00000000100056b8                cdcd_open
 .text.cdcd_control_xfer_cb
                0x000000001000576c       0xe4 CMakeFiles/main.dir/home/pico-sdk/lib/tinyusb/src/class/cdc/cdc_device.c.o
                0x000000001000576c                cdcd_control_xfer_cb
 .text.cdcd_xfer_cb
                0x0000000010005850       0xfc CMakeFiles/main.dir/home/pico-sdk/lib/tinyusb/src/class/cdc/cdc_device.c.o
                0x0000000010005850                cdcd_xfer_cb
 .text.vendord_init
                0x000000001000594c       0x5c CMakeFiles/main.dir/home/pico-sdk/lib/tinyusb/src/class/vendor/vendor_device.c.o
                0x000000001000594c                vendord_init
 .text.vendord_deinit
                0x00000000100059a8       0x1c CMakeFiles/main.dir/home/pico-sdk/lib/tinyusb/src/class/vendor/vendor_device.c.o
                0x00000000100059a8                vendord_deinit
 .text.vendord_reset
                0x00000000100059c4       0x20 CMakeFiles/main.dir/home/pico-sdk/lib/tinyusb/src/class/vendor/vendor_device.c.o
                0x00000000100059c4                vendord_reset
 .text.vendord_open
                0x00000000100059e4      0x138 CMakeFiles/main.dir/home/pico-sdk/lib/tinyusb/src/class/vendor/vendor_device.c.o
                0x00000000100059e4                vendord_open
 .text.vendord_xfer_cb
                0x0000000010005b1c       0x9c CMakeFiles/main.dir/home/pico-sdk/lib/tinyusb/src/class/vendor/vendor_device.c.o
                0x0000000010005b1c                vendord_xfer_cb
 .text.tusb_init
                0x0000000010005bb8        0xc CMakeFiles/main.dir/home/pico-sdk/lib/tinyusb/src/tusb.c.o
                0x0000000010005bb8                tusb_init
 .text.tu_edpt_claim
                0x0000000010005bc4       0x50 CMakeFiles/main.dir/home/pico-sdk/lib/tinyusb/src/tusb.c.o
                0x0000000010005bc4                tu_edpt_claim
 .text.tu_edpt_release
                0x0000000010005c14       0x38 CMakeFiles/main.dir/home/pico-sdk/lib/tinyusb/src/tusb.c.o
                0x0000000010005c14                tu_edpt_release
 .text.tu_edpt_validate
                0x0000000010005c4c       0x78 CMakeFiles/main.dir/home/pico-sdk/lib/tinyusb/src/tusb.c.o
                0x0000000010005c4c                tu_edpt_validate
 .text.tu_edpt_bind_driver
                0x0000000010005cc4       0x34 CMakeFiles/main.dir/home/pico-sdk/lib/tinyusb/src/tusb.c.o
                0x0000000010005cc4                tu_edpt_bind_driver
 .text.tu_edpt_stream_init
                0x0000000010005cf8       0x6c CMakeFiles/main.dir/home/pico-sdk/lib/tinyusb/src/tusb.c.o
                0x0000000010005cf8                tu_edpt_stream_init
 .text.tu_edpt_stream_deinit
                0x0000000010005d64        0x4 CMakeFiles/main.dir/home/pico-sdk/lib/tinyusb/src/tusb.c.o
                0x0000000010005d64                tu_edpt_stream_deinit
 .text.tu_edpt_stream_write_zlp_if_needed
                0x0000000010005d68       0x58 CMakeFiles/main.dir/home/pico-sdk/lib/tinyusb/src/tusb.c.o
                0x0000000010005d68                tu_edpt_stream_write_zlp_if_needed
 .text.tu_edpt_stream_write_xfer
                0x0000000010005dc0       0x64 CMakeFiles/main.dir/home/pico-sdk/lib/tinyusb/src/tusb.c.o
                0x0000000010005dc0                tu_edpt_stream_write_xfer
 .text.tu_edpt_stream_read_xfer
                0x0000000010005e24       0xdc CMakeFiles/main.dir/home/pico-sdk/lib/tinyusb/src/tusb.c.o
                0x0000000010005e24                tu_edpt_stream_read_xfer
 .text.tu_fifo_config
                0x0000000010005f00       0x70 CMakeFiles/main.dir/home/pico-sdk/lib/tinyusb/src/common/tusb_fifo.c.o
                0x0000000010005f00                tu_fifo_config
 .text.tu_fifo_count
                0x0000000010005f70       0x2c CMakeFiles/main.dir/home/pico-sdk/lib/tinyusb/src/common/tusb_fifo.c.o
                0x0000000010005f70                tu_fifo_count
 .text.tu_fifo_empty
                0x0000000010005f9c       0x10 CMakeFiles/main.dir/home/pico-sdk/lib/tinyusb/src/common/tusb_fifo.c.o
                0x0000000010005f9c                tu_fifo_empty
 .text.tu_fifo_remaining
                0x0000000010005fac       0x2c CMakeFiles/main.dir/home/pico-sdk/lib/tinyusb/src/common/tusb_fifo.c.o
                0x0000000010005fac                tu_fifo_remaining
 .text.tu_fifo_read
                0x0000000010005fd8       0xa0 CMakeFiles/main.dir/home/pico-sdk/lib/tinyusb/src/common/tusb_fifo.c.o
                0x0000000010005fd8                tu_fifo_read
 .text.tu_fifo_read_n
                0x0000000010006078       0xec CMakeFiles/main.dir/home/pico-sdk/lib/tinyusb/src/common/tusb_fifo.c.o
                0x0000000010006078                tu_fifo_read_n
 .text.tu_fifo_write
                0x0000000010006164       0x88 CMakeFiles/main.dir/home/pico-sdk/lib/tinyusb/src/common/tusb_fifo.c.o
                0x0000000010006164                tu_fifo_write
 .text.tu_fifo_write_n
                0x00000000100061ec      0x168 CMakeFiles/main.dir/home/pico-sdk/lib/tinyusb/src/common/tusb_fifo.c.o
                0x00000000100061ec                tu_fifo_write_n
 .text.tu_fifo_clear
                0x0000000010006354       0x40 CMakeFiles/main.dir/home/pico-sdk/lib/tinyusb/src/common/tusb_fifo.c.o
                0x0000000010006354                tu_fifo_clear
 .text.tu_fifo_set_overwritable
                0x0000000010006394       0x48 CMakeFiles/main.dir/home/pico-sdk/lib/tinyusb/src/common/tusb_fifo.c.o
                0x0000000010006394                tu_fifo_set_overwritable
 .text.i2c_write_blocking_internal.constprop.0
                0x00000000100063dc       0xd0 CMakeFiles/main.dir/home/pico-sdk/src/rp2_common/hardware_i2c/i2c.c.o
 .text.i2c_set_baudrate
                0x00000000100064ac       0xc0 CMakeFiles/main.dir/home/pico-sdk/src/rp2_common/hardware_i2c/i2c.c.o
                0x00000000100064ac                i2c_set_baudrate
 .text.i2c_init
                0x000000001000656c       0x54 CMakeFiles/main.dir/home/pico-sdk/src/rp2_common/hardware_i2c/i2c.c.o
                0x000000001000656c                i2c_init
 .text.i2c_write_blocking
                0x00000000100065c0       0x14 CMakeFiles/main.dir/home/pico-sdk/src/rp2_common/hardware_i2c/i2c.c.o
                0x00000000100065c0                i2c_write_blocking
 .text.adc_init
                0x00000000100065d4       0x38 CMakeFiles/main.dir/home/pico-sdk/src/rp2_common/hardware_adc/adc.c.o
                0x00000000100065d4                adc_init
 .text          0x000000001000660c       0x28 /usr/lib/gcc/arm-none-eabi/10.3.1/../../../arm-none-eabi/lib/thumb/v6-m/nofp/libg.a(lib_a-malloc.o)
                0x000000001000660c                malloc
                0x0000000010006620                free
 .text          0x0000000010006634      0x574 /usr/lib/gcc/arm-none-eabi/10.3.1/../../../arm-none-eabi/lib/thumb/v6-m/nofp/libg.a(lib_a-mallocr.o)
                0x0000000010006634                _malloc_r
 .text          0x0000000010006ba8        0x8 /usr/lib/gcc/arm-none-eabi/10.3.1/../../../arm-none-eabi/lib/thumb/v6-m/nofp/libg.a(lib_a-mlock.o)
                0x0000000010006ba8                __malloc_lock
                0x0000000010006bac                __malloc_unlock
 .text          0x0000000010006bb0       0x24 /usr/lib/gcc/arm-none-eabi/10.3.1/../../../arm-none-eabi/lib/thumb/v6-m/nofp/libg.a(lib_a-sbrkr.o)
                0x0000000010006bb0                _sbrk_r
 .text          0x0000000010006bd4       0x5c /usr/lib/gcc/arm-none-eabi/10.3.1/../../../arm-none-eabi/lib/thumb/v6-m/nofp/libg.a(lib_a-strlen-stub.o)
                0x0000000010006bd4                strlen
 .text          0x0000000010006c30      0x260 /usr/lib/gcc/arm-none-eabi/10.3.1/../../../arm-none-eabi/lib/thumb/v6-m/nofp/libg.a(lib_a-freer.o)
                0x0000000010006c30                _malloc_trim_r
                0x0000000010006ccc                _free_r
 *(.fini)
 .fini          0x0000000010006e90        0x4 /usr/lib/gcc/arm-none-eabi/10.3.1/thumb/v6-m/nofp/crti.o
                0x0000000010006e90                _fini
 *fill*         0x0000000010006e94        0x4 
 .fini.__stub   0x0000000010006e98       0xd0 linker stubs
 *crtbegin.o(.ctors)
 *crtbegin?.o(.ctors)
 *(EXCLUDE_FILE(*crtend.o *crtend?.o) .ctors)
 *(SORT_BY_NAME(.ctors.*))
 *(.ctors)
 *crtbegin.o(.dtors)
 *crtbegin?.o(.dtors)
 *(EXCLUDE_FILE(*crtend.o *crtend?.o) .dtors)
 *(SORT_BY_NAME(.dtors.*))
 *(.dtors)
                0x0000000010006f68                . = ALIGN (0x4)
                0x0000000010006f68                PROVIDE (__preinit_array_start = .)
 *(SORT_BY_NAME(.preinit_array.*))
 .preinit_array.00100
                0x0000000010006f68        0x4 CMakeFiles/main.dir/home/pico-sdk/src/rp2_common/pico_runtime_init/runtime_init.c.o
                0x0000000010006f68                __pre_init_runtime_init_early_resets
 .preinit_array.00101
                0x0000000010006f6c        0x4 CMakeFiles/main.dir/home/pico-sdk/src/rp2_common/pico_runtime_init/runtime_init.c.o
                0x0000000010006f6c                __pre_init_runtime_init_usb_power_down
 .preinit_array.00275
                0x0000000010006f70        0x4 CMakeFiles/main.dir/home/pico-sdk/src/rp2_common/pico_bit_ops/bit_ops_aeabi.S.o
 .preinit_array.00300
                0x0000000010006f74        0x4 CMakeFiles/main.dir/home/pico-sdk/src/rp2_common/pico_mem_ops/mem_ops_aeabi.S.o
 .preinit_array.00350
                0x0000000010006f78        0x4 CMakeFiles/main.dir/home/pico-sdk/src/rp2_common/pico_double/double_aeabi_rp2040.S.o
 .preinit_array.00350
                0x0000000010006f7c        0x4 CMakeFiles/main.dir/home/pico-sdk/src/rp2_common/pico_float/float_aeabi_rp2040.S.o
 .preinit_array.00500
                0x0000000010006f80        0x4 CMakeFiles/main.dir/home/pico-sdk/src/rp2_common/pico_runtime_init/runtime_init.c.o
                0x0000000010006f80                __pre_init_runtime_init_clocks
 .preinit_array.00600
                0x0000000010006f84        0x4 CMakeFiles/main.dir/home/pico-sdk/src/rp2_common/pico_runtime_init/runtime_init.c.o
                0x0000000010006f84                __pre_init_runtime_init_post_clock_resets
 .preinit_array.00700
                0x0000000010006f88        0x4 CMakeFiles/main.dir/home/pico-sdk/src/rp2_common/pico_runtime_init/runtime_init.c.o
                0x0000000010006f88                __pre_init_runtime_init_rp2040_gpio_ie_disable
 .preinit_array.01000
                0x0000000010006f8c        0x4 CMakeFiles/main.dir/home/pico-sdk/src/rp2_common/pico_runtime_init/runtime_init.c.o
                0x0000000010006f8c                __pre_init_runtime_init_spin_locks_reset
 .preinit_array.01100
                0x0000000010006f90        0x4 CMakeFiles/main.dir/home/pico-sdk/src/common/pico_sync/mutex.c.o
                0x0000000010006f90                __pre_init_runtime_init_mutex
 .preinit_array.10080
                0x0000000010006f94        0x4 CMakeFiles/main.dir/home/pico-sdk/src/rp2_common/pico_runtime_init/runtime_init.c.o
                0x0000000010006f94                __pre_init_runtime_init_install_ram_vector_table
 .preinit_array.11000
                0x0000000010006f98        0x4 CMakeFiles/main.dir/home/pico-sdk/src/common/pico_time/time.c.o
                0x0000000010006f98                __pre_init_runtime_init_default_alarm_pool
 .preinit_array.YYYYY
                0x0000000010006f9c        0x4 CMakeFiles/main.dir/home/pico-sdk/src/rp2_common/pico_runtime/runtime.c.o
                0x0000000010006f9c                __pre_init_first_per_core_initializer
 .preinit_array.ZZZZZ.01200
                0x0000000010006fa0        0x4 CMakeFiles/main.dir/home/pico-sdk/src/rp2_common/hardware_irq/irq.c.o
                0x0000000010006fa0                __pre_init_runtime_init_per_core_irq_priorities
 *(.preinit_array)
                0x0000000010006fa4                PROVIDE (__preinit_array_end = .)
                0x0000000010006fa4                . = ALIGN (0x4)
                0x0000000010006fa4                PROVIDE (__init_array_start = .)
 *(SORT_BY_NAME(.init_array.*))
 *(.init_array)
 .init_array    0x0000000010006fa4        0x4 /usr/lib/gcc/arm-none-eabi/10.3.1/thumb/v6-m/nofp/crtbegin.o
 .init_array    0x0000000010006fa8        0x4 CMakeFiles/main.dir/home/pico-sdk/src/rp2_common/pico_unique_id/unique_id.c.o
                0x0000000010006fac                PROVIDE (__init_array_end = .)
                0x0000000010006fac                . = ALIGN (0x4)
                0x0000000010006fac                PROVIDE (__fini_array_start = .)
 *(SORT_BY_NAME(.fini_array.*))
 *(.fini_array)
                0x0000000010006fac                PROVIDE (__fini_array_end = .)
 *(.eh_frame*)
 .eh_frame      0x0000000010006fac        0x0 /usr/lib/gcc/arm-none-eabi/10.3.1/thumb/v6-m/nofp/crtbegin.o
                0x0000000010006fac                . = ALIGN (0x4)

.glue_7         0x0000000010006fac        0x0
 .glue_7        0x0000000010006fac        0x0 linker stubs

.glue_7t        0x0000000010006fac        0x0
 .glue_7t       0x0000000010006fac        0x0 linker stubs

.vfp11_veneer   0x0000000010006fac        0x0
 .vfp11_veneer  0x0000000010006fac        0x0 linker stubs

.v4_bx          0x0000000010006fac        0x0
 .v4_bx         0x0000000010006fac        0x0 linker stubs

.iplt           0x0000000010006fac        0x0
 .iplt          0x0000000010006fac        0x0 /usr/lib/gcc/arm-none-eabi/10.3.1/thumb/v6-m/nofp/crtbegin.o

.rodata         0x0000000010006fb0      0x8e4
 *(EXCLUDE_FILE(*libm.a: *libc.a:*lib_a-mem*.o *libgcc.a:) .rodata*)
 .rodata.main.str1.4
                0x0000000010006fb0       0x19 CMakeFiles/main.dir/main.c.o
 *fill*         0x0000000010006fc9        0x3 
 .rodata        0x0000000010006fcc       0x1a CMakeFiles/main.dir/inc/ssd1306_i2c.c.o
 *fill*         0x0000000010006fe6        0x2 
 .rodata.font   0x0000000010006fe8      0x128 CMakeFiles/main.dir/inc/ssd1306_i2c.c.o
 .rodata.panic.str1.4
                0x0000000010007110       0x12 CMakeFiles/main.dir/home/pico-sdk/src/rp2_common/pico_platform_panic/panic.c.o
 *fill*         0x0000000010007122        0x2 
 .rodata.spin_lock_claim_unused.str1.4
                0x0000000010007124       0x1b CMakeFiles/main.dir/home/pico-sdk/src/rp2_common/hardware_sync/sync.c.o
 *fill*         0x000000001000713f        0x1 
 .rodata.user_irq_claim_unused.str1.4
                0x0000000010007140       0x1b CMakeFiles/main.dir/home/pico-sdk/src/rp2_common/hardware_irq/irq.c.o
 *fill*         0x000000001000715b        0x1 
 .rodata.timer_hardware_alarm_claim.str1.4
                0x000000001000715c       0x22 CMakeFiles/main.dir/home/pico-sdk/src/rp2_common/hardware_timer/timer.c.o
 *fill*         0x000000001000717e        0x2 
 .rodata.hard_assertion_failure.str1.4
                0x0000000010007180        0xc CMakeFiles/main.dir/home/pico-sdk/src/rp2_common/pico_runtime/runtime.c.o
 .rodata.missing_double_func_shim.str1.4
                0x000000001000718c       0x18 CMakeFiles/main.dir/home/pico-sdk/src/rp2_common/pico_double/double_init_rom_rp2040.c.o
 .rodata.missing_float_func_shim.str1.4
                0x00000000100071a4       0x18 CMakeFiles/main.dir/home/pico-sdk/src/rp2_common/pico_float/float_init_rom_rp2040.c.o
                                          0x1 (size before relaxing)
 .rodata.__wrap_malloc.str1.4
                0x00000000100071a4        0xe CMakeFiles/main.dir/home/pico-sdk/src/rp2_common/pico_malloc/malloc.c.o
 *fill*         0x00000000100071b2        0x2 
 .rodata.str1.4
                0x00000000100071b4       0x3c CMakeFiles/main.dir/home/pico-sdk/src/rp2_common/pico_standard_binary_info/standard_binary_info.c.o
 .rodata.__bi_26
                0x00000000100071f0        0xc CMakeFiles/main.dir/home/pico-sdk/src/rp2_common/pico_standard_binary_info/standard_binary_info.c.o
 .rodata.__bi_34
                0x00000000100071fc        0xc CMakeFiles/main.dir/home/pico-sdk/src/rp2_common/pico_standard_binary_info/standard_binary_info.c.o
 .rodata.__bi_42
                0x0000000010007208        0xc CMakeFiles/main.dir/home/pico-sdk/src/rp2_common/pico_standard_binary_info/standard_binary_info.c.o
 .rodata.__bi_48
                0x0000000010007214        0xc CMakeFiles/main.dir/home/pico-sdk/src/rp2_common/pico_standard_binary_info/standard_binary_info.c.o
 .rodata.__bi_54
                0x0000000010007220        0xc CMakeFiles/main.dir/home/pico-sdk/src/rp2_common/pico_standard_binary_info/standard_binary_info.c.o
 .rodata.__bi_78
                0x000000001000722c        0xc CMakeFiles/main.dir/home/pico-sdk/src/rp2_common/pico_standard_binary_info/standard_binary_info.c.o
 .rodata.__bi_84
                0x0000000010007238        0xc CMakeFiles/main.dir/home/pico-sdk/src/rp2_common/pico_standard_binary_info/standard_binary_info.c.o
 .rodata._ftoa.str1.4
                0x0000000010007244       0x15 CMakeFiles/main.dir/home/pico-sdk/src/rp2_common/pico_printf/printf.c.o
 *fill*         0x0000000010007259        0x3 
 .rodata._vsnprintf
                0x000000001000725c      0x1e0 CMakeFiles/main.dir/home/pico-sdk/src/rp2_common/pico_printf/printf.c.o
 *fill*         0x000000001000743c        0x4 
 .rodata.pow10.0
                0x0000000010007440       0x50 CMakeFiles/main.dir/home/pico-sdk/src/rp2_common/pico_printf/printf.c.o
 .rodata.crlf_str.0
                0x0000000010007490        0x2 CMakeFiles/main.dir/home/pico-sdk/src/rp2_common/pico_stdio/stdio.c.o
 *fill*         0x0000000010007492        0x2 
 .rodata._resetd_driver
                0x0000000010007494       0x20 CMakeFiles/main.dir/home/pico-sdk/src/rp2_common/pico_stdio_usb/reset_interface.c.o
 .rodata.desc_bos
                0x00000000100074b4       0x21 CMakeFiles/main.dir/home/pico-sdk/src/rp2_common/pico_stdio_usb/reset_interface.c.o
                0x00000000100074b4                desc_bos
 *fill*         0x00000000100074d5        0x3 
 .rodata.desc_ms_os_20
                0x00000000100074d8       0xa6 CMakeFiles/main.dir/home/pico-sdk/src/rp2_common/pico_stdio_usb/reset_interface.c.o
 *fill*         0x000000001000757e        0x2 
 .rodata.str1.4
                0x0000000010007580       0x13 CMakeFiles/main.dir/home/pico-sdk/src/rp2_common/pico_stdio_usb/stdio_usb.c.o
 *fill*         0x0000000010007593        0x1 
 .rodata.__bi_197.0
                0x0000000010007594        0xc CMakeFiles/main.dir/home/pico-sdk/src/rp2_common/pico_stdio_usb/stdio_usb.c.o
 .rodata.str1.4
                0x00000000100075a0       0x2a CMakeFiles/main.dir/home/pico-sdk/src/rp2_common/pico_stdio_usb/stdio_usb_descriptors.c.o
 *fill*         0x00000000100075ca        0x2 
 .rodata.usbd_desc_cfg
                0x00000000100075cc       0x54 CMakeFiles/main.dir/home/pico-sdk/src/rp2_common/pico_stdio_usb/stdio_usb_descriptors.c.o
 .rodata.usbd_desc_device
                0x0000000010007620       0x12 CMakeFiles/main.dir/home/pico-sdk/src/rp2_common/pico_stdio_usb/stdio_usb_descriptors.c.o
 *fill*         0x0000000010007632        0x2 
 .rodata.usbd_desc_str
                0x0000000010007634       0x18 CMakeFiles/main.dir/home/pico-sdk/src/rp2_common/pico_stdio_usb/stdio_usb_descriptors.c.o
 .rodata.str1.4
                0x000000001000764c       0x14 CMakeFiles/main.dir/home/pico-sdk/lib/tinyusb/src/portable/raspberrypi/rp2040/dcd_rp2040.c.o
 .rodata.str1.4
                0x0000000010007660       0x48 CMakeFiles/main.dir/home/pico-sdk/lib/tinyusb/src/portable/raspberrypi/rp2040/rp2040_usb.c.o
 .rodata.tud_task_ext
                0x00000000100076a8       0x8c CMakeFiles/main.dir/home/pico-sdk/lib/tinyusb/src/device/usbd.c.o
 .rodata        0x0000000010007734       0x1c CMakeFiles/main.dir/home/pico-sdk/lib/tinyusb/src/device/usbd.c.o
 .rodata._usbd_driver
                0x0000000010007750       0x40 CMakeFiles/main.dir/home/pico-sdk/lib/tinyusb/src/device/usbd.c.o
 .rodata        0x0000000010007790      0x101 /usr/lib/gcc/arm-none-eabi/10.3.1/../../../arm-none-eabi/lib/thumb/v6-m/nofp/libg.a(lib_a-ctype_.o)
                0x0000000010007790                _ctype_
                0x0000000010007894                . = ALIGN (0x4)
 *fill*         0x0000000010007891        0x3 
 *(SORT_BY_ALIGNMENT(SORT_BY_NAME(.flashdata*)))
                0x0000000010007894                . = ALIGN (0x4)

.ARM.extab
 *(.ARM.extab* .gnu.linkonce.armextab.*)
                0x0000000010007894                __exidx_start = .

.ARM.exidx
 *(.ARM.exidx* .gnu.linkonce.armexidx.*)
                0x0000000010007894                __exidx_end = .
                0x0000000010007894                . = ALIGN (0x4)
                0x0000000010007894                __binary_info_start = .

.binary_info    0x0000000010007894       0x20
 *(.binary_info.keep.*)
 .binary_info.keep.__bi_ptr26
                0x0000000010007894        0x4 CMakeFiles/main.dir/home/pico-sdk/src/rp2_common/pico_standard_binary_info/standard_binary_info.c.o
 .binary_info.keep.__bi_ptr34
                0x0000000010007898        0x4 CMakeFiles/main.dir/home/pico-sdk/src/rp2_common/pico_standard_binary_info/standard_binary_info.c.o
 .binary_info.keep.__bi_ptr42
                0x000000001000789c        0x4 CMakeFiles/main.dir/home/pico-sdk/src/rp2_common/pico_standard_binary_info/standard_binary_info.c.o
 .binary_info.keep.__bi_ptr48
                0x00000000100078a0        0x4 CMakeFiles/main.dir/home/pico-sdk/src/rp2_common/pico_standard_binary_info/standard_binary_info.c.o
 .binary_info.keep.__bi_ptr54
                0x00000000100078a4        0x4 CMakeFiles/main.dir/home/pico-sdk/src/rp2_common/pico_standard_binary_info/standard_binary_info.c.o
 .binary_info.keep.__bi_ptr78
                0x00000000100078a8        0x4 CMakeFiles/main.dir/home/pico-sdk/src/rp2_common/pico_standard_binary_info/standard_binary_info.c.o
 .binary_info.keep.__bi_ptr84
                0x00000000100078ac        0x4 CMakeFiles/main.dir/home/pico-sdk/src/rp2_common/pico_standard_binary_info/standard_binary_info.c.o
 *(.binary_info.*)
 .binary_info.__bi_ptr197
                0x00000000100078b0        0x4 CMakeFiles/main.dir/home/pico-sdk/src/rp2_common/pico_stdio_usb/stdio_usb.c.o
                0x00000000100078b4                __binary_info_end = .

.rel.dyn        0x00000000100078b4        0x0
 .rel.iplt      0x00000000100078b4        0x0 /usr/lib/gcc/arm-none-eabi/10.3.1/thumb/v6-m/nofp/crtbegin.o
                0x00000000100078b4                . = ALIGN (0x4)

.ram_vector_table
                0x0000000020000000       0xc0
 *(.ram_vector_table)
 .ram_vector_table
                0x0000000020000000       0xc0 CMakeFiles/main.dir/home/pico-sdk/src/rp2_common/pico_runtime_init/runtime_init.c.o
                0x0000000020000000                ram_vector_table

.uninitialized_data
                0x00000000200000c0        0x0
                0x00000000200000c0                . = ALIGN (0x4)
 *(.uninitialized_data*)

.data           0x00000000200000c0     0x1850 load address 0x00000000100078b4
                0x00000000200000c0                __data_start__ = .
 *(vtable)
 *(.time_critical*)
 .time_critical.mutex_try_enter
                0x00000000200000c0       0x44 CMakeFiles/main.dir/home/pico-sdk/src/common/pico_sync/mutex.c.o
                0x00000000200000c0                mutex_try_enter
 .time_critical.mutex_try_enter_block_until
                0x0000000020000104       0x9c CMakeFiles/main.dir/home/pico-sdk/src/common/pico_sync/mutex.c.o
                0x0000000020000104                mutex_try_enter_block_until
 .time_critical.mutex_enter_timeout_ms
                0x00000000200001a0       0x90 CMakeFiles/main.dir/home/pico-sdk/src/common/pico_sync/mutex.c.o
                0x00000000200001a0                mutex_enter_timeout_ms
 .time_critical.mutex_exit
                0x0000000020000230       0x28 CMakeFiles/main.dir/home/pico-sdk/src/common/pico_sync/mutex.c.o
                0x0000000020000230                mutex_exit
 .time_critical.flash_init_boot2_copyout
                0x0000000020000258       0x30 CMakeFiles/main.dir/home/pico-sdk/src/rp2_common/hardware_flash/flash.c.o
 .time_critical.flash_enable_xip_via_boot2
                0x0000000020000288       0x10 CMakeFiles/main.dir/home/pico-sdk/src/rp2_common/hardware_flash/flash.c.o
 .time_critical.flash_cs_force
                0x0000000020000298       0x38 CMakeFiles/main.dir/home/pico-sdk/src/rp2_common/hardware_flash/flash.c.o
 .time_critical.flash_do_cmd
                0x00000000200002d0       0xc4 CMakeFiles/main.dir/home/pico-sdk/src/rp2_common/hardware_flash/flash.c.o
                0x00000000200002d0                flash_do_cmd
 .time_critical.reset_non_control_endpoints
                0x0000000020000394       0xbc CMakeFiles/main.dir/home/pico-sdk/lib/tinyusb/src/portable/raspberrypi/rp2040/dcd_rp2040.c.o
 .time_critical.hw_handle_buff_status
                0x0000000020000450       0xa8 CMakeFiles/main.dir/home/pico-sdk/lib/tinyusb/src/portable/raspberrypi/rp2040/dcd_rp2040.c.o
 .time_critical.dcd_rp2040_irq
                0x00000000200004f8      0x554 CMakeFiles/main.dir/home/pico-sdk/lib/tinyusb/src/portable/raspberrypi/rp2040/dcd_rp2040.c.o
 .time_critical.prepare_ep_buffer
                0x0000000020000a4c       0xf4 CMakeFiles/main.dir/home/pico-sdk/lib/tinyusb/src/portable/raspberrypi/rp2040/rp2040_usb.c.o
 .time_critical.sync_ep_buffer
                0x0000000020000b40       0xb4 CMakeFiles/main.dir/home/pico-sdk/lib/tinyusb/src/portable/raspberrypi/rp2040/rp2040_usb.c.o
 .time_critical._hw_endpoint_xfer_sync
                0x0000000020000bf4       0x28 CMakeFiles/main.dir/home/pico-sdk/lib/tinyusb/src/portable/raspberrypi/rp2040/rp2040_usb.c.o
 .time_critical.e15_is_bulkin_ep
                0x0000000020000c1c       0x28 CMakeFiles/main.dir/home/pico-sdk/lib/tinyusb/src/portable/raspberrypi/rp2040/rp2040_usb.c.o
 .time_critical.e15_is_critical_frame_period
                0x0000000020000c44       0x34 CMakeFiles/main.dir/home/pico-sdk/lib/tinyusb/src/portable/raspberrypi/rp2040/rp2040_usb.c.o
 .time_critical.hw_endpoint_reset_transfer
                0x0000000020000c78        0xc CMakeFiles/main.dir/home/pico-sdk/lib/tinyusb/src/portable/raspberrypi/rp2040/rp2040_usb.c.o
                0x0000000020000c78                hw_endpoint_reset_transfer
 .time_critical._hw_endpoint_buffer_control_update32
                0x0000000020000c84       0x50 CMakeFiles/main.dir/home/pico-sdk/lib/tinyusb/src/portable/raspberrypi/rp2040/rp2040_usb.c.o
                0x0000000020000c84                _hw_endpoint_buffer_control_update32
 .time_critical.hw_endpoint_start_next_buffer
                0x0000000020000cd4       0x6c CMakeFiles/main.dir/home/pico-sdk/lib/tinyusb/src/portable/raspberrypi/rp2040/rp2040_usb.c.o
                0x0000000020000cd4                hw_endpoint_start_next_buffer
 .time_critical.hw_endpoint_xfer_continue
                0x0000000020000d40       0x40 CMakeFiles/main.dir/home/pico-sdk/lib/tinyusb/src/portable/raspberrypi/rp2040/rp2040_usb.c.o
                0x0000000020000d40                hw_endpoint_xfer_continue
 .time_critical.tinyusb
                0x0000000020000d80      0x1f0 CMakeFiles/main.dir/home/pico-sdk/lib/tinyusb/src/device/usbd.c.o
                0x0000000020000d80                dcd_event_handler
 *(.text*)
 .text          0x0000000020000f70        0x4 /usr/lib/gcc/arm-none-eabi/10.3.1/thumb/v6-m/nofp/libgcc.a(_dvmd_tls.o)
                0x0000000020000f70                __aeabi_ldiv0
                0x0000000020000f70                __aeabi_idiv0
 *fill*         0x0000000020000f74        0x4 
 .text.__stub   0x0000000020000f78       0x80 linker stubs
                0x0000000020000ff8                . = ALIGN (0x4)
 *(.rodata*)
                0x0000000020000ff8                . = ALIGN (0x4)
 *(.data*)
 .data.striped_spin_lock_num
                0x0000000020000ff8        0x1 CMakeFiles/main.dir/home/pico-sdk/src/rp2_common/hardware_sync/sync.c.o
 *fill*         0x0000000020000ff9        0x3 
 .data          0x0000000020000ffc       0x48 CMakeFiles/main.dir/home/pico-sdk/src/rp2_common/hardware_irq/irq_handler_chain.S.o
                0x0000000020000ffc                irq_handler_chain_slots
                0x000000002000102c                irq_handler_chain_first_slot
                0x0000000020001036                irq_handler_chain_remove_tail
 .data.default_alarm_pool
                0x0000000020001044       0x18 CMakeFiles/main.dir/home/pico-sdk/src/common/pico_time/time.c.o
 *fill*         0x000000002000105c        0x4 
 .data.aeabi_bits_funcs
                0x0000000020001060       0x10 CMakeFiles/main.dir/home/pico-sdk/src/rp2_common/pico_bit_ops/bit_ops_aeabi.S.o
                0x0000000020001060                aeabi_bits_funcs
                0x0000000020001070                aeabi_bits_funcs_end
 .data.aeabi_mem_funcs
                0x0000000020001070       0x10 CMakeFiles/main.dir/home/pico-sdk/src/rp2_common/pico_mem_ops/mem_ops_aeabi.S.o
                0x0000000020001070                aeabi_mem_funcs
                0x0000000020001080                aeabi_mem_funcs_end
 .data.stdio_usb
                0x0000000020001080       0x18 CMakeFiles/main.dir/home/pico-sdk/src/rp2_common/pico_stdio_usb/stdio_usb.c.o
                0x0000000020001080                stdio_usb
 .data._usbd_qdef
                0x0000000020001098       0x1c CMakeFiles/main.dir/home/pico-sdk/lib/tinyusb/src/device/usbd.c.o
                0x0000000020001098                _usbd_qdef
 .data._usbd_rhport
                0x00000000200010b4        0x1 CMakeFiles/main.dir/home/pico-sdk/lib/tinyusb/src/device/usbd.c.o
 *fill*         0x00000000200010b5        0x3 
 .data.i2c0_inst
                0x00000000200010b8        0x8 CMakeFiles/main.dir/home/pico-sdk/src/rp2_common/hardware_i2c/i2c.c.o
                0x00000000200010b8                i2c0_inst
 .data.i2c1_inst
                0x00000000200010c0        0x8 CMakeFiles/main.dir/home/pico-sdk/src/rp2_common/hardware_i2c/i2c.c.o
                0x00000000200010c0                i2c1_inst
 .data          0x00000000200010c8      0x430 /usr/lib/gcc/arm-none-eabi/10.3.1/../../../arm-none-eabi/lib/thumb/v6-m/nofp/libg.a(lib_a-impure.o)
                0x00000000200010c8                _impure_ptr
 .data          0x00000000200014f8      0x410 /usr/lib/gcc/arm-none-eabi/10.3.1/../../../arm-none-eabi/lib/thumb/v6-m/nofp/libg.a(lib_a-mallocr.o)
                0x00000000200014f8                __malloc_sbrk_base
                0x00000000200014fc                __malloc_trim_threshold
                0x0000000020001500                __malloc_av_
                0x0000000020001908                . = ALIGN (0x4)
 *(.after_data.*)
                0x0000000020001908                . = ALIGN (0x4)
                0x0000000020001908                PROVIDE (__mutex_array_start = .)
 *(SORT_BY_NAME(.mutex_array.*))
 *(.mutex_array)
 .mutex_array   0x0000000020001908        0x8 CMakeFiles/main.dir/home/pico-sdk/src/rp2_common/pico_stdio/stdio.c.o
                0x0000000020001910                PROVIDE (__mutex_array_end = .)
                0x0000000020001910                . = ALIGN (0x4)
 *(.jcr)
                0x0000000020001910                . = ALIGN (0x4)

.tm_clone_table
                0x0000000020001910        0x0 load address 0x0000000010009104
 .tm_clone_table
                0x0000000020001910        0x0 /usr/lib/gcc/arm-none-eabi/10.3.1/thumb/v6-m/nofp/crtbegin.o
 .tm_clone_table
                0x0000000020001910        0x0 /usr/lib/gcc/arm-none-eabi/10.3.1/thumb/v6-m/nofp/crtend.o

.igot.plt       0x0000000020001910        0x0 load address 0x0000000010009104
 .igot.plt      0x0000000020001910        0x0 /usr/lib/gcc/arm-none-eabi/10.3.1/thumb/v6-m/nofp/crtbegin.o

.tdata          0x0000000020001910        0x0 load address 0x0000000010009104
                0x0000000020001910                . = ALIGN (0x4)
 *(.tdata .tdata.* .gnu.linkonce.td.*)
                0x0000000020001910                __tdata_end = .
                0x0000000020001910                PROVIDE (__data_end__ = .)
                0x00000000100078b4                __etext = LOADADDR (.data)

.tbss           0x0000000020001910        0x0 load address 0x0000000010009104
                0x0000000020001910                . = ALIGN (0x4)
                0x0000000020001910                __bss_start__ = .
                0x0000000020001910                __tls_base = .
 *(.tbss .tbss.* .gnu.linkonce.tb.*)
 *(.tcommon)
                0x0000000020001910                __tls_end = .

.bss            0x0000000020001910     0x10b8 load address 0x0000000010009104
                0x0000000020001910                . = ALIGN (0x4)
                0x0000000020001910                __tbss_end = .
 *(SORT_BY_ALIGNMENT(SORT_BY_NAME(.bss*)))
 .bss.default_alarm_pool_entries
                0x0000000020001910      0x180 CMakeFiles/main.dir/home/pico-sdk/src/common/pico_time/time.c.o
 .bss.last_avail_time.1
                0x0000000020001a90        0x8 CMakeFiles/main.dir/home/pico-sdk/src/rp2_common/pico_stdio_usb/stdio_usb.c.o
 .bss.sd_table  0x0000000020001a98      0x100 CMakeFiles/main.dir/home/pico-sdk/src/rp2_common/pico_double/double_init_rom_rp2040.c.o
                0x0000000020001a98                sd_table
 .bss           0x0000000020001b98       0x1c /usr/lib/gcc/arm-none-eabi/10.3.1/thumb/v6-m/nofp/crtbegin.o
 .bss           0x0000000020001bb4       0x34 /usr/lib/gcc/arm-none-eabi/10.3.1/../../../arm-none-eabi/lib/thumb/v6-m/nofp/libg.a(lib_a-mallocr.o)
                0x0000000020001bb4                __malloc_top_pad
                0x0000000020001bb8                __malloc_current_mallinfo
                0x0000000020001be0                __malloc_max_sbrked_mem
                0x0000000020001be4                __malloc_max_total_mem
 .bss           0x0000000020001be8        0x4 /usr/lib/gcc/arm-none-eabi/10.3.1/../../../arm-none-eabi/lib/thumb/v6-m/nofp/libg.a(lib_a-reent.o)
                0x0000000020001be8                errno
 .bss._app_driver
                0x0000000020001bec        0x4 CMakeFiles/main.dir/home/pico-sdk/lib/tinyusb/src/device/usbd.c.o
 .bss._cdcd_fifo_cfg
                0x0000000020001bf0        0x1 CMakeFiles/main.dir/home/pico-sdk/lib/tinyusb/src/class/cdc/cdc_device.c.o
 *fill*         0x0000000020001bf1        0x3 
 .bss._cdcd_itf
                0x0000000020001bf4      0x2c8 CMakeFiles/main.dir/home/pico-sdk/lib/tinyusb/src/class/cdc/cdc_device.c.o
 .bss._ctrl_xfer
                0x0000000020001ebc       0x14 CMakeFiles/main.dir/home/pico-sdk/lib/tinyusb/src/device/usbd_control.c.o
 .bss._ubsd_mutexdef
                0x0000000020001ed0        0x8 CMakeFiles/main.dir/home/pico-sdk/lib/tinyusb/src/device/usbd.c.o
 .bss._usbd_ctrl_buf
                0x0000000020001ed8       0x40 CMakeFiles/main.dir/home/pico-sdk/lib/tinyusb/src/device/usbd_control.c.o
 .bss._usbd_dev
                0x0000000020001f18       0x54 CMakeFiles/main.dir/home/pico-sdk/lib/tinyusb/src/device/usbd.c.o
 .bss._usbd_mutex
                0x0000000020001f6c        0x4 CMakeFiles/main.dir/home/pico-sdk/lib/tinyusb/src/device/usbd.c.o
 .bss._usbd_q   0x0000000020001f70        0x4 CMakeFiles/main.dir/home/pico-sdk/lib/tinyusb/src/device/usbd.c.o
 .bss._usbd_qdef_buf
                0x0000000020001f74       0xc0 CMakeFiles/main.dir/home/pico-sdk/lib/tinyusb/src/device/usbd.c.o
                0x0000000020001f74                _usbd_qdef_buf
 .bss._vendord_itf
                0x0000000020002034      0x2cc CMakeFiles/main.dir/home/pico-sdk/lib/tinyusb/src/class/vendor/vendor_device.c.o
 .bss.boot2_copyout
                0x0000000020002300      0x100 CMakeFiles/main.dir/home/pico-sdk/src/rp2_common/hardware_flash/flash.c.o
 .bss.chars_available_callback
                0x0000000020002400        0x4 CMakeFiles/main.dir/home/pico-sdk/src/rp2_common/pico_stdio_usb/stdio_usb.c.o
 .bss.chars_available_param
                0x0000000020002404        0x4 CMakeFiles/main.dir/home/pico-sdk/src/rp2_common/pico_stdio_usb/stdio_usb.c.o
 .bss.claimed   0x0000000020002408        0x4 CMakeFiles/main.dir/home/pico-sdk/src/rp2_common/hardware_sync/sync.c.o
 .bss.claimed   0x000000002000240c        0x1 CMakeFiles/main.dir/home/pico-sdk/src/rp2_common/hardware_timer/timer.c.o
 *fill*         0x000000002000240d        0x3 
 .bss.configured_freq
                0x0000000020002410       0x28 CMakeFiles/main.dir/home/pico-sdk/src/rp2_common/hardware_clocks/clocks.c.o
 .bss.desc_str.0
                0x0000000020002438       0x28 CMakeFiles/main.dir/home/pico-sdk/src/rp2_common/pico_stdio_usb/stdio_usb_descriptors.c.o
 .bss.drivers   0x0000000020002460        0x4 CMakeFiles/main.dir/home/pico-sdk/src/rp2_common/pico_stdio/stdio.c.o
 .bss.e15_last_sof
                0x0000000020002464        0x4 CMakeFiles/main.dir/home/pico-sdk/lib/tinyusb/src/portable/raspberrypi/rp2040/rp2040_usb.c.o
                0x0000000020002464                e15_last_sof
 .bss.filter    0x0000000020002468        0x4 CMakeFiles/main.dir/home/pico-sdk/src/rp2_common/pico_stdio/stdio.c.o
 .bss.heap_end.0
                0x000000002000246c        0x4 CMakeFiles/main.dir/home/pico-sdk/src/rp2_common/pico_clib_interface/newlib_interface.c.o
 .bss.hw_endpoints
                0x0000000020002470      0x400 CMakeFiles/main.dir/home/pico-sdk/lib/tinyusb/src/portable/raspberrypi/rp2040/dcd_rp2040.c.o
 .bss.lazy_vsnprintf
                0x0000000020002870        0x4 CMakeFiles/main.dir/home/pico-sdk/src/rp2_common/pico_printf/printf.c.o
 .bss.load_value
                0x0000000020002874        0x4 CMakeFiles/main.dir/home/pico-sdk/src/rp2_common/hardware_watchdog/watchdog.c.o
 .bss.next_buffer_ptr
                0x0000000020002878        0x4 CMakeFiles/main.dir/home/pico-sdk/lib/tinyusb/src/portable/raspberrypi/rp2040/dcd_rp2040.c.o
 .bss.one_shot_timer_crit_sec
                0x000000002000287c        0x8 CMakeFiles/main.dir/home/pico-sdk/src/rp2_common/pico_stdio_usb/stdio_usb.c.o
 .bss.pools     0x0000000020002884       0x10 CMakeFiles/main.dir/home/pico-sdk/src/common/pico_time/time.c.o
 .bss.retrieved_id
                0x0000000020002894        0x8 CMakeFiles/main.dir/home/pico-sdk/src/rp2_common/pico_unique_id/unique_id.c.o
 .bss.sf_clz_func
                0x000000002000289c        0x4 CMakeFiles/main.dir/home/pico-sdk/src/rp2_common/pico_double/double_init_rom_rp2040.c.o
                0x000000002000289c                sf_clz_func
 .bss.sf_table  0x00000000200028a0      0x100 CMakeFiles/main.dir/home/pico-sdk/src/rp2_common/pico_float/float_init_rom_rp2040.c.o
                0x00000000200028a0                sf_table
 .bss.sleep_notifier
                0x00000000200029a0        0x4 CMakeFiles/main.dir/home/pico-sdk/src/common/pico_time/time.c.o
 .bss.stdio_usb_mutex
                0x00000000200029a4        0x8 CMakeFiles/main.dir/home/pico-sdk/src/rp2_common/pico_stdio_usb/stdio_usb.c.o
 .bss.usbd_serial_str
                0x00000000200029ac       0x11 CMakeFiles/main.dir/home/pico-sdk/src/rp2_common/pico_stdio_usb/stdio_usb_descriptors.c.o
 .bss._app_driver_count
                0x00000000200029bd        0x1 CMakeFiles/main.dir/home/pico-sdk/lib/tinyusb/src/device/usbd.c.o
 .bss._sof_enable
                0x00000000200029be        0x1 CMakeFiles/main.dir/home/pico-sdk/lib/tinyusb/src/portable/raspberrypi/rp2040/dcd_rp2040.c.o
 .bss._usbd_queued_setup
                0x00000000200029bf        0x1 CMakeFiles/main.dir/home/pico-sdk/lib/tinyusb/src/device/usbd.c.o
 .bss.boot2_copyout_valid
                0x00000000200029c0        0x1 CMakeFiles/main.dir/home/pico-sdk/src/rp2_common/hardware_flash/flash.c.o
 .bss.irq_handler_chain_free_slot_head
                0x00000000200029c1        0x1 CMakeFiles/main.dir/home/pico-sdk/src/rp2_common/hardware_irq/irq.c.o
 .bss.itf_num   0x00000000200029c2        0x1 CMakeFiles/main.dir/home/pico-sdk/src/rp2_common/pico_stdio_usb/reset_interface.c.o
 .bss.low_priority_irq_num
                0x00000000200029c3        0x1 CMakeFiles/main.dir/home/pico-sdk/src/rp2_common/pico_stdio_usb/stdio_usb.c.o
 .bss.one_shot_timer_pending
                0x00000000200029c4        0x1 CMakeFiles/main.dir/home/pico-sdk/src/rp2_common/pico_stdio_usb/stdio_usb.c.o
 .bss.user_irq_claimed
                0x00000000200029c5        0x1 CMakeFiles/main.dir/home/pico-sdk/src/rp2_common/hardware_irq/irq.c.o
 *(COMMON)
                0x00000000200029c8                . = ALIGN (0x4)
 *fill*         0x00000000200029c6        0x2 
                0x00000000200029c8                __bss_end__ = .

.heap           0x00000000200029c8      0x800 load address 0x0000000010009104
                0x00000000200029c8                __end__ = .
                0x00000000200029c8                end = __end__
 *(.heap*)
 .heap          0x00000000200029c8      0x800 CMakeFiles/main.dir/home/pico-sdk/src/rp2_common/pico_crt0/crt0.S.o
                0x0000000020040000                __HeapLimit = (ORIGIN (RAM) + LENGTH (RAM))

.scratch_x      0x0000000020040000        0x0 load address 0x0000000010009104
                0x0000000020040000                __scratch_x_start__ = .
 *(.scratch_x.*)
                0x0000000020040000                . = ALIGN (0x4)
                0x0000000020040000                __scratch_x_end__ = .
                0x0000000010009104                __scratch_x_source__ = LOADADDR (.scratch_x)

.scratch_y      0x0000000020041000        0x0 load address 0x0000000010009104
                0x0000000020041000                __scratch_y_start__ = .
 *(.scratch_y.*)
                0x0000000020041000                . = ALIGN (0x4)
                0x0000000020041000                __scratch_y_end__ = .
                0x0000000010009104                __scratch_y_source__ = LOADADDR (.scratch_y)

.stack1_dummy   0x0000000020040000        0x0
 *(.stack1*)

.stack_dummy    0x0000000020041000      0x800
 *(.stack*)
 .stack         0x0000000020041000      0x800 CMakeFiles/main.dir/home/pico-sdk/src/rp2_common/pico_crt0/crt0.S.o

.flash_end      0x0000000010009104        0x0
 *(.embedded_end_block*)
                0x0000000010009104                PROVIDE (__flash_binary_end = .)
                0x0000000020040000                __StackLimit = (ORIGIN (RAM) + LENGTH (RAM))
                0x0000000020041000                __StackOneTop = (ORIGIN (SCRATCH_X) + LENGTH (SCRATCH_X))
                0x0000000020042000                __StackTop = (ORIGIN (SCRATCH_Y) + LENGTH (SCRATCH_Y))
                0x0000000020041000                __StackOneBottom = (__StackOneTop - SIZEOF (.stack1_dummy))
                0x0000000020041800                __StackBottom = (__StackTop - SIZEOF (.stack_dummy))
                0x0000000020042000                PROVIDE (__stack = __StackTop)
                [!provide]                        PROVIDE (__heap_start = __end__)
                [!provide]                        PROVIDE (__heap_end = __HeapLimit)
                [!provide]                        PROVIDE (__tls_align = MAX (ALIGNOF (.tdata), ALIGNOF (.tbss)))
                [!provide]                        PROVIDE (__tls_size_align = (((__tls_size + __tls_align) - 0x1) & ~ ((__tls_align - 0x1))))
                [!provide]                        PROVIDE (__arm32_tls_tcb_offset = MAX (0x8, __tls_align))
                [!provide]                        PROVIDE (_end = __end__)
                [!provide]                        PROVIDE (__llvm_libc_heap_limit = __HeapLimit)
                0x0000000000000001                ASSERT ((__StackLimit >= __HeapLimit), region RAM overflowed)
                0x0000000000000001                ASSERT (((__binary_info_header_end - __logical_binary_start) <= 0x100), Binary info must be in first 256 bytes of the binary)
LOAD CMakeFiles/main.dir/main.c.o
LOAD CMakeFiles/main.dir/inc/ssd1306_i2c.c.o
LOAD CMakeFiles/main.dir/home/pico-sdk/src/rp2_common/pico_stdlib/stdlib.c.o
LOAD CMakeFiles/main.dir/home/pico-sdk/src/rp2_common/hardware_gpio/gpio.c.o
LOAD CMakeFiles/main.dir/home/pico-sdk/src/rp2040/pico_platform/platform.c.o
LOAD CMakeFiles/main.dir/home/pico-sdk/src/rp2_common/pico_platform_panic/panic.c.o
LOAD CMakeFiles/main.dir/home/pico-sdk/src/common/hardware_claim/claim.c.o
LOAD CMakeFiles/main.dir/home/pico-sdk/src/rp2_common/hardware_sync/sync.c.o
LOAD CMakeFiles/main.dir/home/pico-sdk/src/rp2_common/hardware_sync_spin_lock/sync_spin_lock.c.o
LOAD CMakeFiles/main.dir/home/pico-sdk/src/rp2_common/hardware_irq/irq.c.o
LOAD CMakeFiles/main.dir/home/pico-sdk/src/rp2_common/hardware_irq/irq_handler_chain.S.o
LOAD CMakeFiles/main.dir/home/pico-sdk/src/common/pico_sync/sem.c.o
LOAD CMakeFiles/main.dir/home/pico-sdk/src/common/pico_sync/lock_core.c.o
LOAD CMakeFiles/main.dir/home/pico-sdk/src/common/pico_sync/mutex.c.o
LOAD CMakeFiles/main.dir/home/pico-sdk/src/common/pico_sync/critical_section.c.o
LOAD CMakeFiles/main.dir/home/pico-sdk/src/common/pico_time/time.c.o
LOAD CMakeFiles/main.dir/home/pico-sdk/src/common/pico_time/timeout_helper.c.o
LOAD CMakeFiles/main.dir/home/pico-sdk/src/rp2_common/hardware_timer/timer.c.o
LOAD CMakeFiles/main.dir/home/pico-sdk/src/common/pico_util/datetime.c.o
LOAD CMakeFiles/main.dir/home/pico-sdk/src/common/pico_util/pheap.c.o
LOAD CMakeFiles/main.dir/home/pico-sdk/src/common/pico_util/queue.c.o
LOAD CMakeFiles/main.dir/home/pico-sdk/src/rp2_common/hardware_uart/uart.c.o
LOAD CMakeFiles/main.dir/home/pico-sdk/src/rp2_common/hardware_clocks/clocks.c.o
LOAD CMakeFiles/main.dir/home/pico-sdk/src/rp2_common/hardware_pll/pll.c.o
LOAD CMakeFiles/main.dir/home/pico-sdk/src/rp2_common/hardware_vreg/vreg.c.o
LOAD CMakeFiles/main.dir/home/pico-sdk/src/rp2_common/hardware_watchdog/watchdog.c.o
LOAD CMakeFiles/main.dir/home/pico-sdk/src/rp2_common/hardware_ticks/ticks.c.o
LOAD CMakeFiles/main.dir/home/pico-sdk/src/rp2_common/pico_bootrom/bootrom.c.o
LOAD CMakeFiles/main.dir/home/pico-sdk/src/rp2_common/pico_bootrom/bootrom_lock.c.o
LOAD CMakeFiles/main.dir/home/pico-sdk/src/rp2_common/hardware_boot_lock/boot_lock.c.o
LOAD CMakeFiles/main.dir/home/pico-sdk/src/rp2_common/pico_flash/flash.c.o
LOAD CMakeFiles/main.dir/home/pico-sdk/src/rp2_common/hardware_xosc/xosc.c.o
LOAD CMakeFiles/main.dir/home/pico-sdk/src/rp2_common/hardware_divider/divider.S.o
LOAD CMakeFiles/main.dir/home/pico-sdk/src/rp2_common/pico_runtime/runtime.c.o
LOAD CMakeFiles/main.dir/home/pico-sdk/src/rp2_common/pico_runtime_init/runtime_init.c.o
LOAD CMakeFiles/main.dir/home/pico-sdk/src/rp2_common/pico_runtime_init/runtime_init_clocks.c.o
LOAD CMakeFiles/main.dir/home/pico-sdk/src/rp2_common/pico_runtime_init/runtime_init_stack_guard.c.o
LOAD CMakeFiles/main.dir/home/pico-sdk/src/rp2_common/pico_bit_ops/bit_ops_aeabi.S.o
LOAD CMakeFiles/main.dir/home/pico-sdk/src/rp2_common/pico_divider/divider_hardware.S.o
LOAD CMakeFiles/main.dir/home/pico-sdk/src/rp2_common/pico_double/double_aeabi_rp2040.S.o
LOAD CMakeFiles/main.dir/home/pico-sdk/src/rp2_common/pico_double/double_init_rom_rp2040.c.o
LOAD CMakeFiles/main.dir/home/pico-sdk/src/rp2_common/pico_double/double_math.c.o
LOAD CMakeFiles/main.dir/home/pico-sdk/src/rp2_common/pico_double/double_v1_rom_shim_rp2040.S.o
LOAD CMakeFiles/main.dir/home/pico-sdk/src/rp2_common/pico_int64_ops/pico_int64_ops_aeabi.S.o
LOAD CMakeFiles/main.dir/home/pico-sdk/src/rp2_common/pico_float/float_aeabi_rp2040.S.o
LOAD CMakeFiles/main.dir/home/pico-sdk/src/rp2_common/pico_float/float_init_rom_rp2040.c.o
LOAD CMakeFiles/main.dir/home/pico-sdk/src/rp2_common/pico_float/float_math.c.o
LOAD CMakeFiles/main.dir/home/pico-sdk/src/rp2_common/pico_float/float_v1_rom_shim_rp2040.S.o
LOAD CMakeFiles/main.dir/home/pico-sdk/src/rp2_common/pico_malloc/malloc.c.o
LOAD CMakeFiles/main.dir/home/pico-sdk/src/rp2_common/pico_mem_ops/mem_ops_aeabi.S.o
LOAD CMakeFiles/main.dir/home/pico-sdk/src/rp2_common/pico_atomic/atomic.c.o
LOAD CMakeFiles/main.dir/home/pico-sdk/src/rp2_common/pico_cxx_options/new_delete.cpp.o
LOAD CMakeFiles/main.dir/home/pico-sdk/src/rp2_common/pico_standard_binary_info/standard_binary_info.c.o
LOAD CMakeFiles/main.dir/home/pico-sdk/src/rp2_common/pico_printf/printf.c.o
LOAD CMakeFiles/main.dir/home/pico-sdk/src/rp2_common/pico_crt0/crt0.S.o
LOAD CMakeFiles/main.dir/home/pico-sdk/src/rp2_common/pico_clib_interface/newlib_interface.c.o
LOAD CMakeFiles/main.dir/home/pico-sdk/src/rp2_common/pico_stdio/stdio.c.o
LOAD CMakeFiles/main.dir/home/pico-sdk/src/rp2_common/pico_stdio_usb/reset_interface.c.o
LOAD CMakeFiles/main.dir/home/pico-sdk/src/rp2_common/pico_stdio_usb/stdio_usb.c.o
LOAD CMakeFiles/main.dir/home/pico-sdk/src/rp2_common/pico_stdio_usb/stdio_usb_descriptors.c.o
LOAD CMakeFiles/main.dir/home/pico-sdk/src/rp2_common/pico_unique_id/unique_id.c.o
LOAD CMakeFiles/main.dir/home/pico-sdk/src/rp2_common/hardware_flash/flash.c.o
LOAD CMakeFiles/main.dir/home/pico-sdk/src/rp2_common/hardware_xip_cache/xip_cache.c.o
LOAD CMakeFiles/main.dir/home/pico-sdk/lib/tinyusb/src/portable/raspberrypi/rp2040/dcd_rp2040.c.o
LOAD CMakeFiles/main.dir/home/pico-sdk/lib/tinyusb/src/portable/raspberrypi/rp2040/rp2040_usb.c.o
LOAD CMakeFiles/main.dir/home/pico-sdk/lib/tinyusb/src/device/usbd.c.o
LOAD CMakeFiles/main.dir/home/pico-sdk/lib/tinyusb/src/device/usbd_control.c.o
LOAD CMakeFiles/main.dir/home/pico-sdk/lib/tinyusb/src/class/audio/audio_device.c.o
LOAD CMakeFiles/main.dir/home/pico-sdk/lib/tinyusb/src/class/cdc/cdc_device.c.o
LOAD CMakeFiles/main.dir/home/pico-sdk/lib/tinyusb/src/class/dfu/dfu_device.c.o
LOAD CMakeFiles/main.dir/home/pico-sdk/lib/tinyusb/src/class/dfu/dfu_rt_device.c.o
LOAD CMakeFiles/main.dir/home/pico-sdk/lib/tinyusb/src/class/hid/hid_device.c.o
LOAD CMakeFiles/main.dir/home/pico-sdk/lib/tinyusb/src/class/midi/midi_device.c.o
LOAD CMakeFiles/main.dir/home/pico-sdk/lib/tinyusb/src/class/msc/msc_device.c.o
LOAD CMakeFiles/main.dir/home/pico-sdk/lib/tinyusb/src/class/net/ecm_rndis_device.c.o
LOAD CMakeFiles/main.dir/home/pico-sdk/lib/tinyusb/src/class/net/ncm_device.c.o
LOAD CMakeFiles/main.dir/home/pico-sdk/lib/tinyusb/src/class/usbtmc/usbtmc_device.c.o
LOAD CMakeFiles/main.dir/home/pico-sdk/lib/tinyusb/src/class/vendor/vendor_device.c.o
LOAD CMakeFiles/main.dir/home/pico-sdk/lib/tinyusb/src/class/video/video_device.c.o